WithLp.not_approximate_orthogonal_cross_in_half_plane (q : Fin 2 × Bool → WithLp 2 (ℝ × ℝ)) {ε : ℝ} (hε : 0 ≤ ε)
  (hεsmall : ε ≤ 1 / 1000) (hheight : ∀ (i : Fin 2 × Bool), 0 ≤ (q i).snd)
  (hnorm : ∀ (i : Fin 2 × Bool), |‖q i‖ - 1| ≤ ε)
  (hopposite : ∀ (i : Fin 2), |dist (q (i, false)) (q (i, true)) - 2| ≤ ε)
  (hcross : ∀ (s t : Bool), |dist (q (0, s)) (q (1, t)) - √2| ≤ ε) : False
'WithLp.not_approximate_orthogonal_cross_in_half_plane' depends on axioms: [propext, Classical.choice, Quot.sound]
GC.MetricGeometry.KleinerLottApprox.product_factor_composition_estimates.{u_1, u_2, u_3, u_4} {X : Type u_1}
  {E : Type u_2} {Y : Type u_3} {W : Type u_4} [MetricSpace X] [MetricSpace E] [MetricSpace Y] [MetricSpace W] {p : X}
  {u : E} {q : Y} {o : W} {b s S : ℝ} (f : GC.MetricGeometry.KleinerLottApprox p (WithLp.toLp 2 (u, q)) b)
  (g : GC.MetricGeometry.KleinerLottApprox q o s) (hbuffer : S + 10 * (b + s) < min b⁻¹ s⁻¹) :
  have Q := fun x ↦ WithLp.toLp 2 ((f.toFun x).fst, g.toFun (f.toFun x).snd);
  (∀ x ∈ Metric.ball p S, ∀ x' ∈ Metric.ball p S, |dist (Q x) (Q x') - dist x x'| ≤ b + s) ∧
    ∀ (z : WithLp 2 (E × W)),
      dist z (WithLp.toLp 2 (u, o)) ≤ S - 4 * (b + s) →
        ∃ x ∈ Metric.ball p S, dist (Q x) z < 3 * (b + s) ∧ dist x p < dist z (WithLp.toLp 2 (u, o)) + 3 * (b + s)
'GC.MetricGeometry.KleinerLottApprox.product_factor_composition_estimates' depends on axioms: [propext,
 Classical.choice,
 Quot.sound]
GC.MetricGeometry.KleinerLottApprox.enlargeIntervalTarget.{u_1} {X : Type u_1} [MetricSpace X] {p : X} {C L s : ℝ}
  (hC : 0 ≤ C) (f : GC.MetricGeometry.KleinerLottApprox p ⟨0, ⋯⟩ s) (hCL : C ≤ L) (hLC : L ≤ C + s) (hs : s < 1 / 4) :
  GC.MetricGeometry.KleinerLottApprox p ⟨0, ⋯⟩ (4 * s)
'GC.MetricGeometry.KleinerLottApprox.enlargeIntervalTarget' depends on axioms: [propext, Classical.choice, Quot.sound]
GC.MetricGeometry.KleinerLottApprox.enlargeIntervalTarget_apply.{u_1} {X : Type u_1} [MetricSpace X] {p : X} {C L s : ℝ}
  (hC : 0 ≤ C) (f : GC.MetricGeometry.KleinerLottApprox p ⟨0, ⋯⟩ s) (hCL : C ≤ L) (hLC : L ≤ C + s) (hs : s < 1 / 4)
  (x : X) : ↑((GC.MetricGeometry.KleinerLottApprox.enlargeIntervalTarget hC f hCL hLC hs).toFun x) = ↑(f.toFun x)
'GC.MetricGeometry.KleinerLottApprox.enlargeIntervalTarget_apply' depends on axioms: [propext,
 Classical.choice,
 Quot.sound]
