Real.firstPositiveLevel (f : ℝ → ℝ) (w : ℝ) : ℝ
'Real.firstPositiveLevel' depends on axioms: [propext, Classical.choice, Quot.sound]
Real.firstPositiveLevel_spec {f : ℝ → ℝ} {c w : ℝ} (hf : ContinuousOn f (Set.Ioi 0))
  (hzero : Filter.Tendsto f (nhdsWithin 0 (Set.Ioi 0)) (nhds c)) (hinfty : Filter.Tendsto f Filter.atTop (nhds 0))
  (hw : 0 < w) (hwc : w < c) :
  0 < Real.firstPositiveLevel f w ∧
    f (Real.firstPositiveLevel f w) = w ∧ ∀ (r : ℝ), 0 < r → r < Real.firstPositiveLevel f w → w < f r
'Real.firstPositiveLevel_spec' depends on axioms: [propext, Classical.choice, Quot.sound]
Real.firstPositiveLevel_strictAntiOn {f : ℝ → ℝ} {c : ℝ} (hf : ContinuousOn f (Set.Ioi 0))
  (hzero : Filter.Tendsto f (nhdsWithin 0 (Set.Ioi 0)) (nhds c)) (hinfty : Filter.Tendsto f Filter.atTop (nhds 0)) :
  StrictAntiOn (Real.firstPositiveLevel f) (Set.Ioo 0 c)
'Real.firstPositiveLevel_strictAntiOn' depends on axioms: [propext, Classical.choice, Quot.sound]
Metric.exists_finite_disjoint_ball_selection.{u_1} {X : Type u_1} [MetricSpace X] {P : Set X} (hP : TotallyBounded P)
  (r : X → ℝ) {rmin R : ℝ} (hmin : 0 < rmin) (hlower : ∀ p ∈ P, rmin ≤ r p) (hupper : ∀ p ∈ P, r p ≤ R) :
  ∃ I ⊆ P,
    I.Finite ∧
      (I.PairwiseDisjoint fun p => Metric.ball p (r p)) ∧
        ∀ p ∈ P,
          ∃ i ∈ I,
            (Metric.ball p (r p) ∩ Metric.ball i (r i)).Nonempty ∧
              r p ≤ 2 * r i ∧ dist p i < 3 * r i ∧ Metric.ball p (r p) ⊆ Metric.ball i (5 * r i)
'Metric.exists_finite_disjoint_ball_selection' depends on axioms: [propext, Classical.choice, Quot.sound]
Metric.exists_maximal_doubling_ball.{u_1} {X : Type u_1} [MetricSpace X] (r : X → ℝ) (Z : Set X)
  (hpos : ∀ (p : X), 0 < r p) {R : ℝ} (hupper : ∀ (p : X), r p ≤ R) {p : X} (hp : (Metric.ball p (r p) ∩ Z).Nonempty) :
  ∃ v,
    (Metric.ball v (r v) ∩ Z).Nonempty ∧
      (p = v ∨ 2 * r p < r v ∧ Metric.ball p (r p) ⊆ Metric.ball v (r v)) ∧
        ∀ (q : X), (Metric.ball q (r q) ∩ Z).Nonempty → Metric.ball v (r v) ⊆ Metric.ball q (r q) → r q ≤ 2 * r v
'Metric.exists_maximal_doubling_ball' depends on axioms: [propext, Classical.choice, Quot.sound]
Metric.radius_le_of_maximal_doubling_ball.{u_1} {X : Type u_1} [MetricSpace X] (r : X → ℝ) (Z : Set X) {v : X}
  (hv : (Metric.ball v (r v) ∩ Z).Nonempty) (hrv : 0 < r v)
  (hmax : ∀ (q : X), (Metric.ball q (r q) ∩ Z).Nonempty → Metric.ball v (r v) ⊆ Metric.ball q (r q) → r q ≤ 2 * r v)
  {q : X} (hq : dist v q ≤ 10 * r v) : r q ≤ 20 * r v
'Metric.radius_le_of_maximal_doubling_ball' depends on axioms: [propext, Classical.choice, Quot.sound]
Metric.exists_finite_disjoint_ball_cover_of_bounded_radii.{u_1} {X : Type u_1} [MetricSpace X]
  (htot : TotallyBounded Set.univ) (Z : Set X) (r : X → ℝ) {rmin R : ℝ} (hmin : 0 < rmin)
  (hlower : ∀ (p : X), rmin ≤ r p) (hupper : ∀ (p : X), r p ≤ R) :
  ∃ I,
    I.Finite ∧
      (I.PairwiseDisjoint fun i => Metric.ball i (r i)) ∧
        (∀ i ∈ I, (Metric.ball i (r i) ∩ Z).Nonempty ∧ ∀ (q : X), dist i q ≤ 10 * r i → r q ≤ 20 * r i) ∧
          Z ⊆ ⋃ i ∈ I, Metric.ball i (5 * r i)
'Metric.exists_finite_disjoint_ball_cover_of_bounded_radii' depends on axioms: [propext, Classical.choice, Quot.sound]
Metric.subset_small_balls_of_annular_exclusion.{u_1} {X : Type u_1} [MetricSpace X] (Z I : Set X) (r : X → ℝ)
  (hcover : Z ⊆ ⋃ i ∈ I, Metric.ball i (5 * r i))
  (hexclude : ∀ i ∈ I, ∀ z ∈ Z, ¬(r i / 10 ≤ dist i z ∧ dist i z ≤ 10 * r i)) : Z ⊆ ⋃ i ∈ I, Metric.ball i (r i / 10)
'Metric.subset_small_balls_of_annular_exclusion' depends on axioms: [propext, Classical.choice, Quot.sound]
Metric.exists_finite_disjoint_ball_cover_of_continuous_scale.{u_1} {X : Type u_1} [MetricSpace X] [CompactSpace X]
  (Z : Set X) (r ρ : X → ℝ) (hρ : Continuous ρ) (hρpos : ∀ (p : X), 0 < ρ p) {T U : ℝ} (hT : 0 < T) (hTU : T ≤ U)
  (hlower : ∀ (p : X), T * ρ p ≤ r p) (hupper : ∀ (p : X), r p ≤ U * ρ p) :
  ∃ I,
    I.Finite ∧
      (I.PairwiseDisjoint fun i => Metric.ball i (r i)) ∧
        (∀ i ∈ I,
            (Metric.ball i (r i) ∩ Z).Nonempty ∧ ∀ (q : X), dist i q ≤ 10 * r i → r q ≤ 20 * r i ∧ T / 20 ≤ r i / ρ q) ∧
          Z ⊆ ⋃ i ∈ I, Metric.ball i (5 * r i)
'Metric.exists_finite_disjoint_ball_cover_of_continuous_scale' depends on axioms: [propext,
 Classical.choice,
 Quot.sound]
GC.MetricGeometry.KleinerLottApprox.exists_outward_point.{u_1, u_2} {X : Type u_1} {C : Type u_2} [MetricSpace X]
  [MetricSpace C] {p q : X} {o : C} {δ : ℝ} (φ : GC.MetricGeometry.KleinerLottApprox p o δ)
  (H : GC.MetricGeometry.RadialConeData o)
  (hsegments :
    ∀ (a b : X),
      ∃ c,
        Continuous c ∧ c ⟨0, ⋯⟩ = a ∧ c ⟨1, ⋯⟩ = b ∧ ∀ (s t : ↑(Set.Icc 0 1)), dist (c s) (c t) = dist a b * dist s t)
  (hδr : δ < dist p q) (hbuffer : 2 * dist p q + 5 * δ < δ⁻¹) :
  ∃ q', dist p q' = 2 * dist p q ∧ dist p q ≤ dist q q' ∧ dist q q' < dist p q + 15 * δ
'GC.MetricGeometry.KleinerLottApprox.exists_outward_point' depends on axioms: [propext, Classical.choice, Quot.sound]
GC.MetricGeometry.KleinerLottApprox.exists_outward_point_on_annulus.{u_1, u_2} {X : Type u_1} {C : Type u_2}
  [MetricSpace X] [MetricSpace C] {p q : X} {o : C} {δ : ℝ} (φ : GC.MetricGeometry.KleinerLottApprox p o δ)
  (H : GC.MetricGeometry.RadialConeData o)
  (hsegments :
    ∀ (a b : X),
      ∃ c,
        Continuous c ∧ c ⟨0, ⋯⟩ = a ∧ c ⟨1, ⋯⟩ = b ∧ ∀ (s t : ↑(Set.Icc 0 1)), dist (c s) (c t) = dist a b * dist s t)
  {a b : ℝ} (ha : 0 < a) (hab : a ≤ b) (hδa : δ < a / 10) (hδb : δ < 1 / (4 * b + 20))
  (hq : a ≤ dist p q ∧ dist p q ≤ b) :
  ∃ q', dist p q' = 2 * dist p q ∧ dist p q ≤ dist q q' ∧ dist q q' < dist p q + 15 * δ
'GC.MetricGeometry.KleinerLottApprox.exists_outward_point_on_annulus' depends on axioms: [propext,
 Classical.choice,
 Quot.sound]
GC.MetricGeometry.PointedGHConverges.rescale.{u, v} {X : ℕ → Type u} [mX : (n : ℕ) → MetricSpace (X n)] {Y : Type v}
  [mY : MetricSpace Y] {p : (n : ℕ) → X n} {q : Y} (h : GC.MetricGeometry.PointedGHConverges p q) (c : ℝ) (hc : 0 < c) :
  GC.MetricGeometry.PointedGHConverges p q
'GC.MetricGeometry.PointedGHConverges.rescale' depends on axioms: [propext, Classical.choice, Quot.sound]
GC.MetricGeometry.PointedGHConverges.eventually_approx_fixed_target.{u, v, w} {X : ℕ → Type u}
  [mX : (n : ℕ) → MetricSpace (X n)] {Y : Type v} [mY : MetricSpace Y] {p : (n : ℕ) → X n} {q : Y}
  (h : GC.MetricGeometry.PointedGHConverges p q) {C : Type w} [MetricSpace C] {o : C} {δ : ℝ} (hδ : 0 < δ)
  (hδone : δ < 1) (g : GC.MetricGeometry.KleinerLottApprox q o (min (δ / 100) (1 / (2 * (2 * (δ⁻¹ + δ) + 4))))) :
  ∀ᶠ (n : ℕ) in Filter.atTop, Nonempty (GC.MetricGeometry.KleinerLottApprox (p n) o δ)
'GC.MetricGeometry.PointedGHConverges.eventually_approx_fixed_target' depends on axioms: [propext,
 Classical.choice,
 Quot.sound]
GC.MetricGeometry.PointedGHConverges.eventually_rescaled_approx_fixed_target.{u, v, w} {X : ℕ → Type u}
  [mX : (n : ℕ) → MetricSpace (X n)] {Y : Type v} [mY : MetricSpace Y] {p : (n : ℕ) → X n} {q : Y}
  (h : GC.MetricGeometry.PointedGHConverges p q) (R : ℝ) (hR : 0 < R) {C : Type w} [MetricSpace C] {o : C} {δ : ℝ}
  (hδ : 0 < δ) (hδone : δ < 1)
  (g : GC.MetricGeometry.KleinerLottApprox q o (min (δ / 100) (1 / (2 * (2 * (δ⁻¹ + δ) + 4))))) :
  ∀ᶠ (n : ℕ) in Filter.atTop, Nonempty (GC.MetricGeometry.KleinerLottApprox (p n) o δ)
'GC.MetricGeometry.PointedGHConverges.eventually_rescaled_approx_fixed_target' depends on axioms: [propext,
 Classical.choice,
 Quot.sound]
GC.MetricGeometry.exists_uniform_bounded_rescaling.{u, v, w, z} {P : ℕ → Type u} {X : (i : ℕ) → P i → Type v}
  [mX : (i : ℕ) → (a : P i) → MetricSpace (X i a)] (p : (i : ℕ) → (a : P i) → X i a) {ι : Type w} {Y C : ι → Type z}
  [mY : (b : ι) → MetricSpace (Y b)] [mC : (b : ι) → MetricSpace (C b)] (q : (b : ι) → Y b) (o : (b : ι) → C b)
  (hextract :
    ∀ (a : ℕ → ℕ),
      Filter.Tendsto a Filter.atTop Filter.atTop →
        ∀ (z : (j : ℕ) → P (a j)),
          ∃ b k, StrictMono k ∧ GC.MetricGeometry.PointedGHConverges (fun j => p (a (k j)) (z (k j))) (q b))
  (hlimit :
    ∀ (b : ι) (ε : ℝ),
      0 < ε →
        ε < 1 → ∃ R₀, ∀ (R : ℝ) (hR : 0 < R), R₀ ≤ R → Nonempty (GC.MetricGeometry.KleinerLottApprox (q b) (o b) ε))
  {δ T : ℝ} (hδ : 0 < δ) (hδone : δ < 1) (hT : 0 < T) :
  ∃ V,
    T ≤ V ∧
      ∃ N,
        ∀ i ≥ N,
          ∀ (a : P i),
            ∃ s, ∃ (hs : 0 < s), T ≤ s ∧ s ≤ V ∧ ∃ b, Nonempty (GC.MetricGeometry.KleinerLottApprox (p i a) (o b) δ)
'GC.MetricGeometry.exists_uniform_bounded_rescaling' depends on axioms: [propext, Classical.choice, Quot.sound]
GC.MetricGeometry.exists_common_pointed_limit_of_nonnegative_models.{u, v} {C : ℕ → Type u}
  [(i : ℕ) → MetricSpace (C i)] [∀ (i : ℕ), CompleteSpace (C i)] {Z : ℕ → Type v} [(i : ℕ) → MetricSpace (Z i)]
  (c : (i : ℕ) → C i) (z : (i : ℕ) → Z i) {n : ℕ} (hn : 1 ≤ n)
  (hcurves :
    ∀ (i : ℕ) (a b : C i) (η : ℝ),
      0 < η → ∃ f, Continuous f ∧ f 0 = a ∧ f 1 = b ∧ eVariationOn f Set.univ < ENNReal.ofReal (dist a b + η))
  (hdim : ∀ (i : ℕ), dimH Set.univ ≤ ↑n)
  (hcomp : ∀ (i : ℕ), DifferentialGeometry.Geometry.Comparison.Toponogov.fourPointComparison 0 Set.univ) {σ : ℕ → ℝ}
  (f : (i : ℕ) → GC.MetricGeometry.KleinerLottApprox (z i) (c i) (σ i)) (hσ : Filter.Tendsto σ Filter.atTop (nhds 0)) :
  ∃ Y mY q a,
    StrictMono a ∧
      CompleteSpace Y ∧
        ProperSpace Y ∧
          GC.MetricGeometry.PointedGHConverges (fun i => c (a i)) q ∧
            GC.MetricGeometry.PointedGHConverges (fun i => z (a i)) q ∧
              dimH Set.univ ≤ ↑n ∧
                DifferentialGeometry.Geometry.Comparison.Toponogov.fourPointComparison 0 Set.univ ∧
                  ∀ (x y : Y),
                    ∃ γ,
                      Continuous γ ∧
                        γ ⟨0, ⋯⟩ = x ∧ γ ⟨1, ⋯⟩ = y ∧ ∀ (s t : ↑(Set.Icc 0 1)), dist (γ s) (γ t) = dist x y * dist s t
'GC.MetricGeometry.exists_common_pointed_limit_of_nonnegative_models' depends on axioms: [propext,
 Classical.choice,
 Quot.sound]
GC.MetricGeometry.exists_no_higher_rank_splitting_parameter.{u, v, w} {n k : ℕ} (hn : 1 ≤ n) (hnk : n < k) :
  ∃ η,
    0 < η ∧
      η < 1 / 10 ∧
        ∀ (Z : Type u) [inst : MetricSpace Z] (z : Z) (C : Type v) [inst_1 : MetricSpace C] [CompleteSpace C] (c : C),
          (∀ (x y : C) (e : ℝ),
              0 < e → ∃ γ, Continuous γ ∧ γ 0 = x ∧ γ 1 = y ∧ eVariationOn γ Set.univ < ENNReal.ofReal (dist x y + e)) →
            dimH Set.univ ≤ ↑n →
              DifferentialGeometry.Geometry.Comparison.Toponogov.fourPointComparison 0 Set.univ →
                ∀ (A : Type w) [inst_3 : MetricSpace A] (a : A) (σ β : ℝ),
                  σ ≤ η →
                    β ≤ η →
                      ∀ (a_3 : GC.MetricGeometry.KleinerLottApprox z c σ)
                        (a : GC.MetricGeometry.KleinerLottApprox z (WithLp.toLp 2 (0, a)) β), False
'GC.MetricGeometry.exists_no_higher_rank_splitting_parameter' depends on axioms: [propext, Classical.choice, Quot.sound]
