WellFounded.exists_assignment.{u_1, u_2} {ι : Type u_1} {r : ι → ι → Prop} (hr : WellFounded r) {A : ι → Type u_2}
  (D : (i : ι) → Set (A i)) (P : (i : ι) → ((j : ι) → r j i → A j) → A i → Prop)
  (h : ∀ (i : ι) (v : (j : ι) → r j i → A j), (∀ (j : ι) (hj : r j i), v j hj ∈ D j) → ∃ x ∈ D i, P i v x) :
  ∃ f, (∀ (i : ι), f i ∈ D i) ∧ ∀ (i : ι), P i (fun j x ↦ f j) (f i)
'WellFounded.exists_assignment' depends on axioms: [Classical.choice]
Relation.wellFounded_of_finite_acyclic.{u_1} {ι : Type u_1} [Finite ι] {r : ι → ι → Prop}
  (h : ∀ (i : ι), ¬Relation.TransGen r i i) : WellFounded r
'Relation.wellFounded_of_finite_acyclic' depends on axioms: [propext, Classical.choice, Quot.sound]
Finset.exists_pos_lt_bounds.{u_1} {ι : Type u_1} (s : Finset ι) (b : ι → ℝ) (hb : ∀ i ∈ s, 0 < b i) :
  ∃ x, 0 < x ∧ ∀ i ∈ s, x < b i
'Finset.exists_pos_lt_bounds' depends on axioms: [propext, Classical.choice, Quot.sound]
Finset.exists_gt_bounds.{u_1} {ι : Type u_1} (s : Finset ι) (b : ι → ℝ) : ∃ x, ∀ i ∈ s, b i < x
'Finset.exists_gt_bounds' depends on axioms: [propext, Classical.choice, Quot.sound]
GC.MetricGeometry.norm_coordinate_sub_lt_of_marker.{u_1} {E : Type u_1} [NormedAddCommGroup E] [NormedSpace ℝ E]
  {u v : E} {ζ ε A : ℝ} (hε : 0 < ε) (hεone : ε < 1) (hu : ‖u‖ ≤ A) (hmarker : |ζ - 1| < ε)
  (hvector : ‖ζ • v - u‖ < ε) : 1 - ε < ζ ∧ ‖v - u‖ < (1 + A) * ε / (1 - ε)
'GC.MetricGeometry.norm_coordinate_sub_lt_of_marker' depends on axioms: [propext, Classical.choice, Quot.sound]
GC.MetricGeometry.norm_coordinate_sub_lt_of_block_dist.{u_1} {E : Type u_1} [NormedAddCommGroup E] [NormedSpace ℝ E]
  {u v : E} {ζ ε A : ℝ} (hε : 0 < ε) (hεone : ε < 1) (hu : ‖u‖ ≤ A)
  (hblock : dist (WithLp.toLp 2 (ζ • v, ζ)) (WithLp.toLp 2 (u, 1)) < ε) : 1 - ε < ζ ∧ ‖v - u‖ < (1 + A) * ε / (1 - ε)
'GC.MetricGeometry.norm_coordinate_sub_lt_of_block_dist' depends on axioms: [propext, Classical.choice, Quot.sound]
ContinuousLinearMap.norm_le_sqrt_sum_block_bounds.{u_1, u_2, u_3} {ι : Type u_1} {E : Type u_2} [Fintype ι]
  [NormedAddCommGroup E] [NormedSpace ℝ E] {F : ι → Type u_3} [(i : ι) → NormedAddCommGroup (F i)]
  [(i : ι) → InnerProductSpace ℝ (F i)] (T : E →L[ℝ] PiLp 2 F) (b : ι → ℝ)
  (hT : ∀ (x : E) (i : ι), ‖(T x).ofLp i‖ ≤ b i * ‖x‖) : ‖T‖ ≤ √(∑ i, b i ^ 2)
'ContinuousLinearMap.norm_le_sqrt_sum_block_bounds' depends on axioms: [propext, Classical.choice, Quot.sound]
ContinuousLinearMap.norm_le_sqrt_active_blocks.{u_1, u_2, u_3} {ι : Type u_1} {E : Type u_2} [Fintype ι]
  [NormedAddCommGroup E] [NormedSpace ℝ E] {F : ι → Type u_3} [(i : ι) → NormedAddCommGroup (F i)]
  [(i : ι) → InnerProductSpace ℝ (F i)] (T : E →L[ℝ] PiLp 2 F) (s : Finset ι) {B : ℝ} (hB : 0 ≤ B)
  (hbound : ∀ (x : E), ∀ i ∈ s, ‖(T x).ofLp i‖ ≤ B * ‖x‖) (hzero : ∀ (x : E), ∀ i ∉ s, (T x).ofLp i = 0) :
  ‖T‖ ≤ √↑s.card * B
'ContinuousLinearMap.norm_le_sqrt_active_blocks' depends on axioms: [propext, Classical.choice, Quot.sound]
InnerProductSpace.norm_sub_le_sqrt_of_unit_saturation.{u_1} {E : Type u_1} [NormedAddCommGroup E]
  [InnerProductSpace ℝ E] {v w : E} {ε : ℝ} (hε : 0 ≤ ε) (hv : ‖v‖ ≤ 1 + ε) (hw : ‖w‖ = 1) (hi : 1 - ε ≤ inner ℝ v w) :
  ‖v - w‖ ≤ √(4 * ε + ε ^ 2)
'InnerProductSpace.norm_sub_le_sqrt_of_unit_saturation' depends on axioms: [propext, Classical.choice, Quot.sound]
ContinuousLinearMap.norm_sub_le_of_common_unit_saturation.{u_1} {E : Type u_1} [NormedAddCommGroup E]
  [InnerProductSpace ℝ E] [CompleteSpace E] (f g : StrongDual ℝ E) {ε : ℝ} (hε : 0 ≤ ε) (hf : ‖f‖ ≤ 1 + ε)
  (hg : ‖g‖ ≤ 1 + ε) (w : E) (hw : ‖w‖ = 1) (hfw : 1 - ε ≤ f w) (hgw : 1 - ε ≤ g w) : ‖f - g‖ ≤ 2 * √(4 * ε + ε ^ 2)
'ContinuousLinearMap.norm_sub_le_of_common_unit_saturation' depends on axioms: [propext, Classical.choice, Quot.sound]
ContinuousLinearMap.surjective_and_lower_bound_of_adjoint.{u_1, u_2} {E : Type u_1} {F : Type u_2}
  [NormedAddCommGroup E] [InnerProductSpace ℝ E] [NormedAddCommGroup F] [InnerProductSpace ℝ F] [FiniteDimensional ℝ E]
  [FiniteDimensional ℝ F] (P : E →L[ℝ] F) {a : ℝ} (ha : 0 < a)
  (hl : ∀ (w : F), a * ‖w‖ ≤ ‖(ContinuousLinearMap.adjoint P) w‖) :
  Function.Surjective ⇑P ∧ ∀ v ∈ (↑P).kerᗮ, a * ‖v‖ ≤ ‖P v‖
'ContinuousLinearMap.surjective_and_lower_bound_of_adjoint' depends on axioms: [propext, Classical.choice, Quot.sound]
ContinuousLinearMap.adjoint_lower_bound_of_norm_sub_le.{u_1, u_2} {E : Type u_1} {F : Type u_2} [NormedAddCommGroup E]
  [InnerProductSpace ℝ E] [NormedAddCommGroup F] [InnerProductSpace ℝ F] [FiniteDimensional ℝ E] [FiniteDimensional ℝ F]
  (P A : E →L[ℝ] F) {a e : ℝ} (hA : ∀ (w : F), a * ‖w‖ ≤ ‖(ContinuousLinearMap.adjoint A) w‖) (herror : ‖P - A‖ ≤ e)
  (w : F) : (a - e) * ‖w‖ ≤ ‖(ContinuousLinearMap.adjoint P) w‖
'ContinuousLinearMap.adjoint_lower_bound_of_norm_sub_le' depends on axioms: [propext, Classical.choice, Quot.sound]
ContinuousLinearMap.surjective_of_adjoint_margin.{u_1, u_2} {E : Type u_1} {F : Type u_2} [NormedAddCommGroup E]
  [InnerProductSpace ℝ E] [NormedAddCommGroup F] [InnerProductSpace ℝ F] [FiniteDimensional ℝ E] [FiniteDimensional ℝ F]
  (P A : E →L[ℝ] F) {a e : ℝ} (hA : ∀ (w : F), a * ‖w‖ ≤ ‖(ContinuousLinearMap.adjoint A) w‖) (herror : ‖P - A‖ ≤ e)
  (he : e < a) : Function.Surjective ⇑P ∧ ∀ v ∈ (↑P).kerᗮ, (a - e) * ‖v‖ ≤ ‖P v‖
'ContinuousLinearMap.surjective_of_adjoint_margin' depends on axioms: [propext, Classical.choice, Quot.sound]
ContinuousLinearMap.norm_comp_sub_comp_le.{u_1, u_2, u_3} {E : Type u_1} {F : Type u_2} {G : Type u_3}
  [NormedAddCommGroup E] [NormedSpace ℝ E] [NormedAddCommGroup F] [NormedSpace ℝ F] [NormedAddCommGroup G]
  [NormedSpace ℝ G] (A B : F →L[ℝ] G) (U V : E →L[ℝ] F) : ‖A ∘SL U - B ∘SL V‖ ≤ ‖A‖ * ‖U - V‖ + ‖A - B‖ * ‖V‖
'ContinuousLinearMap.norm_comp_sub_comp_le' depends on axioms: [propext, Classical.choice, Quot.sound]
DifferentialGeometry.Analysis.norm_fderiv_comp_sub_le.{u_1, u_2, u_3} {E : Type u_1} {F : Type u_2} {G : Type u_3}
  [NormedAddCommGroup E] [NormedSpace ℝ E] [NormedAddCommGroup F] [NormedSpace ℝ F] [NormedAddCommGroup G]
  [NormedSpace ℝ G] {W : F → G} {U V : E → F} {x : E} (hW : Differentiable ℝ W) (hU : DifferentiableAt ℝ U x)
  (hV : DifferentiableAt ℝ V x) {A B L ε : ℝ} (hA : 0 ≤ A) (hB : 0 ≤ B) (hL : 0 ≤ L) (hDW : ‖fderiv ℝ W (U x)‖ ≤ A)
  (hLip : ‖fderiv ℝ W (U x) - fderiv ℝ W (V x)‖ ≤ B * ‖U x - V x‖) (hvalue : ‖U x - V x‖ ≤ ε)
  (hderiv : ‖fderiv ℝ U x - fderiv ℝ V x‖ ≤ ε) (hDV : ‖fderiv ℝ V x‖ ≤ L) :
  ‖fderiv ℝ (W ∘ U) x - fderiv ℝ (W ∘ V) x‖ ≤ (A + B * L) * ε
'DifferentialGeometry.Analysis.norm_fderiv_comp_sub_le' depends on axioms: [propext, Classical.choice, Quot.sound]
DifferentialGeometry.Analysis.c1_comp_sub_le_of_derivative_bounds.{u_1, u_2, u_3} {E : Type u_1} {F : Type u_2}
  {G : Type u_3} [NormedAddCommGroup E] [NormedSpace ℝ E] [NormedAddCommGroup F] [NormedSpace ℝ F]
  [NormedAddCommGroup G] [NormedSpace ℝ G] {W : F → G} {U V : E → F} {x : E} (hW : Differentiable ℝ W)
  (hDW : Differentiable ℝ (fderiv ℝ W)) (hU : DifferentiableAt ℝ U x) (hV : DifferentiableAt ℝ V x) {A B L ε : ℝ}
  (hA : 0 ≤ A) (hB : 0 ≤ B) (hL : 0 ≤ L) (hε : 0 ≤ ε) (hfirst : ∀ (y : F), ‖fderiv ℝ W y‖ ≤ A)
  (hsecond : ∀ (y : F), ‖fderiv ℝ (fderiv ℝ W) y‖ ≤ B) (hvalue : ‖U x - V x‖ ≤ ε)
  (hderiv : ‖fderiv ℝ U x - fderiv ℝ V x‖ ≤ ε) (hDV : ‖fderiv ℝ V x‖ ≤ L) :
  max ‖W (U x) - W (V x)‖ ‖fderiv ℝ (W ∘ U) x - fderiv ℝ (W ∘ V) x‖ ≤ (A + B * L) * ε
'DifferentialGeometry.Analysis.c1_comp_sub_le_of_derivative_bounds' depends on axioms: [propext,
 Classical.choice,
 Quot.sound]
ContinuousLinearMap.norm_le_adjoint_of_surjective_norm_le.{u_2, u_3} {F : Type u_2} {H : Type u_3}
  [NormedAddCommGroup F] [InnerProductSpace ℝ F] [NormedAddCommGroup H] [InnerProductSpace ℝ H] [FiniteDimensional ℝ F]
  [FiniteDimensional ℝ H] (T : F →L[ℝ] H) (hs : Function.Surjective ⇑T) (hl : ∀ (x : F), ‖x‖ ≤ ‖T x‖) (y : H) :
  ‖y‖ ≤ ‖(ContinuousLinearMap.adjoint T) y‖
'ContinuousLinearMap.norm_le_adjoint_of_surjective_norm_le' depends on axioms: [propext, Classical.choice, Quot.sound]
ContinuousLinearMap.projected_range_surjective_of_approximation.{u_1, u_2, u_3} {E : Type u_1} {F : Type u_2}
  {H : Type u_3} [NormedAddCommGroup E] [InnerProductSpace ℝ E] [NormedAddCommGroup F] [InnerProductSpace ℝ F]
  [NormedAddCommGroup H] [InnerProductSpace ℝ H] [FiniteDimensional ℝ E] [FiniteDimensional ℝ F] (T : F →L[ℝ] H)
  (L : E →L[ℝ] F) (D : E →L[ℝ] H) {a e b l : ℝ} (ha : 0 < a) (he : e < a)
  (hl : ∀ (z : F), a * ‖z‖ ≤ ‖(ContinuousLinearMap.adjoint L) z‖) (hTlower : ∀ (z : F), ‖z‖ ≤ ‖T z‖) (hT : ‖T‖ ≤ b)
  (hL : ‖L‖ ≤ l) (herror : ‖D - T ∘SL L‖ ≤ e) :
  have P := (↑T).range.orthogonalProjectionOnto ∘SL D;
  Function.Surjective ⇑P ∧
    ‖D - (↑T).range.subtypeL ∘SL P‖ ≤ e ∧ ∀ v ∈ (↑P).kerᗮ, (a - e) * ‖v‖ ≤ ‖P v‖ ∧ ‖P v‖ ≤ (b * l + e) * ‖v‖
'ContinuousLinearMap.projected_range_surjective_of_approximation' depends on axioms: [propext,
 Classical.choice,
 Quot.sound]
