ContinuousLinearMap.norm_fderiv_bilinear_le.{u_1, u_2, u_3, u_4} {E : Type u_1} {F : Type u_2} {G : Type u_3}
  {X : Type u_4} [NormedAddCommGroup E] [NormedSpace ℝ E] [NormedAddCommGroup F] [NormedSpace ℝ F]
  [NormedAddCommGroup G] [NormedSpace ℝ G] [NormedAddCommGroup X] [NormedSpace ℝ X] (B : E →L[ℝ] F →L[ℝ] G) {f : X → E}
  {g : X → F} {x : X} (hf : DifferentiableAt ℝ f x) (hg : DifferentiableAt ℝ g x) :
  ‖fderiv ℝ (fun y ↦ (B (f y)) (g y)) x‖ ≤ ‖B‖ * (‖f x‖ * ‖fderiv ℝ g x‖ + ‖fderiv ℝ f x‖ * ‖g x‖)
'ContinuousLinearMap.norm_fderiv_bilinear_le' depends on axioms: [propext, Classical.choice, Quot.sound]
ContinuousLinearMap.norm_second_fderiv_bilinear_le.{u_1, u_2, u_3, u_4} {E : Type u_1} {F : Type u_2} {G : Type u_3}
  {X : Type u_4} [NormedAddCommGroup E] [NormedSpace ℝ E] [NormedAddCommGroup F] [NormedSpace ℝ F]
  [NormedAddCommGroup G] [NormedSpace ℝ G] [NormedAddCommGroup X] [NormedSpace ℝ X] (B : E →L[ℝ] F →L[ℝ] G) {f : X → E}
  {g : X → F} {x : X} (hf : Differentiable ℝ f) (hg : Differentiable ℝ g) (hDf : DifferentiableAt ℝ (fderiv ℝ f) x)
  (hDg : DifferentiableAt ℝ (fderiv ℝ g) x) :
  ‖fderiv ℝ (fderiv ℝ fun y ↦ (B (f y)) (g y)) x‖ ≤
    ‖B‖ * (‖f x‖ * ‖fderiv ℝ (fderiv ℝ g) x‖ + 2 * ‖fderiv ℝ f x‖ * ‖fderiv ℝ g x‖ + ‖fderiv ℝ (fderiv ℝ f) x‖ * ‖g x‖)
'ContinuousLinearMap.norm_second_fderiv_bilinear_le' depends on axioms: [propext, Classical.choice, Quot.sound]
DifferentialGeometry.Analysis.norm_second_fderiv_comp_le.{u_1, u_2, u_3} {E : Type u_1} {F : Type u_2} {G : Type u_3}
  [NormedAddCommGroup E] [NormedSpace ℝ E] [NormedAddCommGroup F] [NormedSpace ℝ F] [NormedAddCommGroup G]
  [NormedSpace ℝ G] {f : F → G} {g : E → F} {x : E} (hf : Differentiable ℝ f) (hg : Differentiable ℝ g)
  (hDf : DifferentiableAt ℝ (fderiv ℝ f) (g x)) (hDg : DifferentiableAt ℝ (fderiv ℝ g) x) :
  ‖fderiv ℝ (fderiv ℝ (f ∘ g)) x‖ ≤
    ‖fderiv ℝ (fderiv ℝ f) (g x)‖ * ‖fderiv ℝ g x‖ ^ 2 + ‖fderiv ℝ f (g x)‖ * ‖fderiv ℝ (fderiv ℝ g) x‖
'DifferentialGeometry.Analysis.norm_second_fderiv_comp_le' depends on axioms: [propext, Classical.choice, Quot.sound]
DifferentialGeometry.Analysis.linear_precomp_derivative_bounds.{u_1, u_2, u_3} {E : Type u_1} {F : Type u_2}
  {G : Type u_3} [NormedAddCommGroup E] [NormedSpace ℝ E] [NormedAddCommGroup F] [NormedSpace ℝ F]
  [NormedAddCommGroup G] [NormedSpace ℝ G] (L : E →L[ℝ] F) {f : F → G} (hf : ContDiff ℝ 2 f) {c A B : ℝ} (hc : 0 ≤ c)
  (hA : 0 ≤ A) (hB : 0 ≤ B) (hL : ‖L‖ ≤ c) (hfirst : ∀ (y : F), ‖fderiv ℝ f y‖ ≤ A)
  (hsecond : ∀ (y : F), ‖fderiv ℝ (fderiv ℝ f) y‖ ≤ B) (x : E) :
  ‖fderiv ℝ (f ∘ ⇑L) x‖ ≤ A * c ∧ ‖fderiv ℝ (fderiv ℝ (f ∘ ⇑L)) x‖ ≤ B * c ^ 2
'DifferentialGeometry.Analysis.linear_precomp_derivative_bounds' depends on axioms: [propext,
 Classical.choice,
 Quot.sound]
DifferentialGeometry.Analysis.weighted_affine_cutoff_derivative_bounds.{u_1, u_2} {E : Type u_1} {H : Type u_2}
  [NormedAddCommGroup E] [NormedSpace ℝ E] [NormedAddCommGroup H] [NormedSpace ℝ H] (L : E →L[ℝ] H) (b : H) {φ : E → ℝ}
  (hφ : ContDiff ℝ 2 φ) {M C L₁ L₂ : ℝ} (hM : 0 ≤ M) (hC : 0 ≤ C) (hL₁ : 0 ≤ L₁) (hL₂ : 0 ≤ L₂)
  (hvalue : ∀ (x : E), |φ x| ≤ M) (hfirst : ∀ (x : E), ‖fderiv ℝ φ x‖ ≤ L₁)
  (hsecond : ∀ (x : E), ‖fderiv ℝ (fderiv ℝ φ) x‖ ≤ L₂) (hsupport : ∀ x ∈ tsupport φ, ‖L x + b‖ ≤ C) (x : E) :
  have F := fun y ↦ φ y • (L y + b);
  ‖fderiv ℝ F x‖ ≤ M * ‖L‖ + L₁ * C ∧ ‖fderiv ℝ (fderiv ℝ F) x‖ ≤ 2 * L₁ * ‖L‖ + L₂ * C
'DifferentialGeometry.Analysis.weighted_affine_cutoff_derivative_bounds' depends on axioms: [propext,
 Classical.choice,
 Quot.sound]
DifferentialGeometry.Analysis.scaledCutoffBlock.{u_1} {E : Type u_1} [NormedAddCommGroup E] [NormedSpace ℝ E] (s : ℝ)
  (φ : E → ℝ) (u : E) : WithLp 2 (E × ℝ)
'DifferentialGeometry.Analysis.scaledCutoffBlock' depends on axioms: [propext, Classical.choice, Quot.sound]
DifferentialGeometry.Analysis.contDiff_scaledCutoffBlock.{u_1} {E : Type u_1} [NormedAddCommGroup E] [NormedSpace ℝ E]
  {φ : E → ℝ} {n : WithTop ℕ∞} (hφ : ContDiff ℝ n φ) (s : ℝ) :
  ContDiff ℝ n (DifferentialGeometry.Analysis.scaledCutoffBlock s φ)
'DifferentialGeometry.Analysis.contDiff_scaledCutoffBlock' depends on axioms: [propext, Classical.choice, Quot.sound]
DifferentialGeometry.Analysis.scaledCutoffBlock_derivative_bounds.{u_1} {E : Type u_1} [NormedAddCommGroup E]
  [NormedSpace ℝ E] {φ : E → ℝ} (hφ : ContDiff ℝ 2 φ) {s C L₁ L₂ : ℝ} (hs : 0 < s) (hC : 0 ≤ C) (hL₁ : 0 ≤ L₁)
  (hL₂ : 0 ≤ L₂) (hvalue : ∀ (x : E), φ x ∈ Set.Icc 0 1) (hsupport : tsupport φ ⊆ Metric.closedBall 0 C)
  (hfirst : ∀ (x : E), ‖fderiv ℝ φ x‖ ≤ L₁) (hsecond : ∀ (x : E), ‖fderiv ℝ (fderiv ℝ φ) x‖ ≤ L₂) (x : E) :
  ‖fderiv ℝ (DifferentialGeometry.Analysis.scaledCutoffBlock s φ) x‖ ≤ 1 + (C + 1) * L₁ ∧
    ‖fderiv ℝ (fderiv ℝ (DifferentialGeometry.Analysis.scaledCutoffBlock s φ)) x‖ ≤ (2 * L₁ + (C + 1) * L₂) / s
'DifferentialGeometry.Analysis.scaledCutoffBlock_derivative_bounds' depends on axioms: [propext,
 Classical.choice,
 Quot.sound]
DifferentialGeometry.Analysis.scaledCutoffBlock_c1_comp_sub_le.{u_1, u_2} {E : Type u_1} [NormedAddCommGroup E]
  [NormedSpace ℝ E] {X : Type u_2} [NormedAddCommGroup X] [NormedSpace ℝ X] {φ : E → ℝ} (hφ : ContDiff ℝ 2 φ)
  {s C L₁ L₂ : ℝ} (hs : 0 < s) (hC : 0 ≤ C) (hL₁ : 0 ≤ L₁) (hL₂ : 0 ≤ L₂) (hvalue : ∀ (y : E), φ y ∈ Set.Icc 0 1)
  (hsupport : tsupport φ ⊆ Metric.closedBall 0 C) (hfirst : ∀ (y : E), ‖fderiv ℝ φ y‖ ≤ L₁)
  (hsecond : ∀ (y : E), ‖fderiv ℝ (fderiv ℝ φ) y‖ ≤ L₂) {U V : X → E} {x : X} (hU : DifferentiableAt ℝ U x)
  (hV : DifferentiableAt ℝ V x) {ε L : ℝ} (hε : 0 ≤ ε) (hL : 0 ≤ L) (hclose : ‖U x - V x‖ ≤ ε)
  (hDclose : ‖fderiv ℝ U x - fderiv ℝ V x‖ ≤ ε) (hDV : ‖fderiv ℝ V x‖ ≤ L) :
  max
      ‖DifferentialGeometry.Analysis.scaledCutoffBlock s φ (U x) -
          DifferentialGeometry.Analysis.scaledCutoffBlock s φ (V x)‖
      ‖fderiv ℝ (DifferentialGeometry.Analysis.scaledCutoffBlock s φ ∘ U) x -
          fderiv ℝ (DifferentialGeometry.Analysis.scaledCutoffBlock s φ ∘ V) x‖ ≤
    (1 + (C + 1) * L₁ + (2 * L₁ + (C + 1) * L₂) / s * L) * ε
'DifferentialGeometry.Analysis.scaledCutoffBlock_c1_comp_sub_le' depends on axioms: [propext,
 Classical.choice,
 Quot.sound]
