'WithLp.snd_dist_sq_le_of_fst_dist_gap' depends on axioms: [propext, Classical.choice, Quot.sound]
'GC.MetricGeometry.KleinerLottApprox.snd_dist_sq_le_of_coordinate_control' depends on axioms: [propext,
 Classical.choice,
 Quot.sound]
'GC.MetricGeometry.eventually_residual_lt_of_coordinate_control' depends on axioms: [propext,
 Classical.choice,
 Quot.sound]
'GC.MetricGeometry.PointedGHConverges.exists_subsequence_with_vanishing_tested_residual' depends on axioms: [propext,
 Classical.choice,
 Quot.sound]
'GC.MetricGeometry.exists_tested_residual_parameter_of_nonnegative_models' depends on axioms: [propext,
 Classical.choice,
 Quot.sound]
'GC.MetricGeometry.card_le_of_lipschitz_scale_ball_overlap' depends on axioms: [propext, Classical.choice, Quot.sound]
'GC.MetricGeometry.exists_finite_scale_cover_with_multiplicity' depends on axioms: [propext,
 Classical.choice,
 Quot.sound]
'GC.MetricGeometry.PointedGHConverges.dimH_le_two_of_vanishing_normalizedHausdorffMeasure' depends on axioms: [propext,
 Classical.choice,
 Quot.sound]
