-- Found 0 errors in 4 declarations (plus 7 automatically generated ones) in DifferentialGeometry.Analysis.ODE.AreaUpperBarrier with 5 linters


-- All linting checks passed!
-- Found 0 errors in 1 declarations (plus 0 automatically generated ones) in DifferentialGeometry.Analysis.ODE.ReciprocalTimeBarrier with 5 linters


-- All linting checks passed!
-- Found 0 errors in 1 declarations (plus 0 automatically generated ones) in DifferentialGeometry.Geometry.Collapse.CompactBounds with 5 linters


-- All linting checks passed!
-- Found 0 errors in 13 declarations (plus 2 automatically generated ones) in DifferentialGeometry.Geometry.Collapse.CurvatureScale with 5 linters


-- All linting checks passed!
<stdin>:33:0: error: -- Found 1 error in 30 declarations (plus 58 automatically generated ones) in DifferentialGeometry.Geometry.Collapse.CuspBoundary with 5 linters

/- The `explicitVarsOfIff` linter reports:
EXPLICIT VARIABLES ON BOTH SIDES OF IFF
This linter can be disabled with `@[nolint explicitVarsOfIff]`. -/
-- DifferentialGeometry.Geometry.Collapse.CuspBoundary
#check @DifferentialGeometry.Geometry.Collapse.CuspEmbedding.boundary_preimage /- should be made implicit: p -/
-- Found 0 errors in 14 declarations (plus 3 automatically generated ones) in DifferentialGeometry.Geometry.Collapse.GraphManifold with 5 linters


-- All linting checks passed!
-- Found 0 errors in 8 declarations (plus 36 automatically generated ones) in DifferentialGeometry.Geometry.Collapse.TorusDecomposition with 5 linters


-- All linting checks passed!
-- Found 0 errors in 2 declarations (plus 2 automatically generated ones) in DifferentialGeometry.Geometry.Collapse.UniformDerivativeBounds with 5 linters


-- All linting checks passed!
-- Found 0 errors in 2 declarations (plus 0 automatically generated ones) in DifferentialGeometry.Geometry.Comparison.SectionalLowerBound with 5 linters


-- All linting checks passed!
-- Found 0 errors in 2 declarations (plus 0 automatically generated ones) in DifferentialGeometry.Geometry.Flow.RicciFlow.LongTime.CuspIncompressibility with 5 linters


-- All linting checks passed!
-- Found 0 errors in 8 declarations (plus 3 automatically generated ones) in DifferentialGeometry.Geometry.Flow.RicciFlow.LongTime.ExteriorDiskFlow with 5 linters


-- All linting checks passed!
-- Found 0 errors in 10 declarations (plus 5 automatically generated ones) in DifferentialGeometry.Geometry.Flow.RicciFlow.LongTime.LateDecomposition with 5 linters


-- All linting checks passed!
-- Found 0 errors in 3 declarations (plus 7 automatically generated ones) in DifferentialGeometry.Geometry.Hyperbolic.ModelAtlas with 5 linters


-- All linting checks passed!
-- Found 0 errors in 1 declarations (plus 0 automatically generated ones) in DifferentialGeometry.Geometry.Metric.Distance.Neighborhood with 5 linters


-- All linting checks passed!
-- Found 0 errors in 8 declarations (plus 2 automatically generated ones) in DifferentialGeometry.Geometry.MinimalSurface.ExteriorDiskArea with 5 linters


-- All linting checks passed!
-- Found 0 errors in 1 declarations (plus 0 automatically generated ones) in DifferentialGeometry.Topology.FundamentalGroup.AreaObstruction with 5 linters


-- All linting checks passed!
