GC.MetricGeometry.radial_support_test_ball_buffer.{u_1} {X : Type u_1} [PseudoMetricSpace X] {ρ η : X → ℝ} {Λ : NNReal}
  (hρ : LipschitzWith Λ ρ) {p z : X} (hp : 0 < ρ p) (hz : 0 < ρ z) {L T R e : ℝ} (hL : 0 < L) (hΛ : L * ↑Λ ≤ 1 / 4)
  (hT : 1600 * L ≤ T) (hR : T * ρ z ≤ R) (he : e < 1 / 40) (hlocal : dist z p ≤ 10 * R → T / 20 ≤ R / ρ p) {S : Set X}
  (herror : ∀ x ∈ S, |η x - dist z x / R| < e) (hsupport : ∀ x ∈ S, η x ∈ Set.Icc (1 / 5) (9 / 10))
  (hmeet : (S ∩ Metric.ball p (L * ρ p)).Nonempty) :
  T / 20 ≤ R / ρ p ∧ ∀ x ∈ Metric.ball p (L * ρ p), dist z x / R ∈ Set.Icc (3 / 20) (19 / 20)
'GC.MetricGeometry.radial_support_test_ball_buffer' depends on axioms: [propext, Classical.choice, Quot.sound]
GC.MetricGeometry.lipschitz_quotient_difference_le.{u_1} {X : Type u_1} [PseudoMetricSpace X] {P ρ : X → ℝ}
  {K Λ : NNReal} (hP : LipschitzWith K P) (hρ : LipschitzWith Λ ρ) {a x : X} (ha : 0 < ρ a) (hx : 0 < ρ x) :
  |P x / ρ x - P a / ρ a| ≤ (↑K + |P a / ρ a| * ↑Λ) * dist x a / ρ x
'GC.MetricGeometry.lipschitz_quotient_difference_le' depends on axioms: [propext, Classical.choice, Quot.sound]
GC.MetricGeometry.slow_scale_quotient_variation.{u_1} {X : Type u_1} [PseudoMetricSpace X] {P ρ : X → ℝ} {K Λ : NNReal}
  (hP : LipschitzWith K P) (hρ : LipschitzWith Λ ρ) (hK : ↑K ≤ 2) {p a x : X} (hp : 0 < ρ p) (ha : 0 < ρ a)
  (hx : 0 < ρ x) {L Δ : ℝ} (hL : 0 < L) (hsmall : Δ * ↑Λ ≤ 1 / 100) (hLsmall : L * ↑Λ ≤ 1 / 4)
  (haD : a ∈ Metric.ball p (L * ρ p)) (hxD : x ∈ Metric.ball p (L * ρ p)) (hvalue : |P a / ρ a| ≤ 10 * Δ) :
  |P x / ρ x - P a / ρ a| < 6 * L
'GC.MetricGeometry.slow_scale_quotient_variation' depends on axioms: [propext, Classical.choice, Quot.sound]
GC.MetricGeometry.strong_set_proximity_of_support_meeting.{u_1} {X : Type u_1} [PseudoMetricSpace X] {ρ : X → ℝ}
  {Λ : NNReal} (hρ : LipschitzWith Λ ρ) {p z : X} (hp : 0 < ρ p) (hz : 0 < ρ z) {L Δ : ℝ} (hL : 0 < L)
  (hΔ : 120 * L ≤ Δ) (hsmall : Δ * ↑Λ ≤ 1 / 100) {E : Set X} (hzE : z ∈ E)
  (hmeet : (Metric.closedBall z (20 * Δ * ρ z) ∩ Metric.ball p (L * ρ p)).Nonempty) :
  ρ z / ρ p < 63 / 50 ∧ Metric.infDist p E < 30 * Δ * ρ p
'GC.MetricGeometry.strong_set_proximity_of_support_meeting' depends on axioms: [propext, Classical.choice, Quot.sound]
GC.MetricGeometry.weak_edge_quotient_alternative.{u_1} {X : Type u_1} [PseudoMetricSpace X] {P ρ : X → ℝ} {K Λ : NNReal}
  (hP : LipschitzWith K P) (hρ : LipschitzWith Λ ρ) (hK : ↑K ≤ 2) (hPnonneg : ∀ (x : X), 0 ≤ P x)
  (hpos : ∀ (x : X), 0 < ρ x) {p q : X} {L Δ : ℝ} (hL : 0 < L) (hΔ : 120 * L ≤ Δ) (hsmall : Δ * ↑Λ ≤ 1 / 100)
  (hLsmall : L * ↑Λ ≤ 1 / 4) (hq : q ∈ Metric.ball p (L * ρ p)) (hvq : P q / ρ q ≤ 9 * Δ) {E : Set X}
  (hnear : Metric.infDist p E ≤ 30 * Δ * ρ p) :
  (∀ x ∈ Metric.ball p (L * ρ p), P x / ρ x < 3 * Δ / 20) ∨
    (∃ y ∈ Metric.ball p (L * ρ p), 3 * Δ / 20 ≤ P y / ρ y) ∧
      ∀ x ∈ Metric.ball p (L * ρ p), P x / ρ x ∈ Set.Icc (Δ / 10) (181 * Δ / 20) ∧ Metric.infDist x E / ρ x < 50 * Δ
'GC.MetricGeometry.weak_edge_quotient_alternative' depends on axioms: [propext, Classical.choice, Quot.sound]
