'DifferentialGeometry.Analysis.hasLocalSmoothUpperBarrier' depends on axioms: [propext, Classical.choice, Quot.sound]
'DifferentialGeometry.Analysis.not_nonnegative_of_upper_barriers_div_time' depends on axioms: [propext,
 Classical.choice,
 Quot.sound]
'DifferentialGeometry.Analysis.not_nonnegative_area_upper_barriers_shift' depends on axioms: [propext,
 Classical.choice,
 Quot.sound]
'DifferentialGeometry.Analysis.not_nonnegative_area_upper_barriers_pi_shift' depends on axioms: [propext,
 Classical.choice,
 Quot.sound]
'DifferentialGeometry.Analysis.false_of_area_upper_barriers' depends on axioms: [propext, Classical.choice, Quot.sound]
'DifferentialGeometry.Geometry.Collapse.curvatureRadius' depends on axioms: [propext, Classical.choice, Quot.sound]
'DifferentialGeometry.Geometry.Collapse.ballVolume' depends on axioms: [propext, Classical.choice, Quot.sound]
'DifferentialGeometry.Geometry.Collapse.euclideanUnitBallVolume' depends on axioms: [propext,
 Classical.choice,
 Quot.sound]
'DifferentialGeometry.Geometry.Collapse.volumeCollapsedAtCurvatureScale' depends on axioms: [propext,
 Classical.choice,
 Quot.sound]
'DifferentialGeometry.Geometry.Collapse.curvatureDerivativesControlled' depends on axioms: [propext,
 Classical.choice,
 Quot.sound]
'DifferentialGeometry.Geometry.Collapse.curvatureRadius_pos' depends on axioms: [propext, Classical.choice, Quot.sound]
'DifferentialGeometry.Geometry.Collapse.curvatureRadius_eq_top_iff' depends on axioms: [propext,
 Classical.choice,
 Quot.sound]
'DifferentialGeometry.Geometry.Collapse.curvatureDerivativesControlled_mono_threshold' depends on axioms: [propext,
 Classical.choice,
 Quot.sound]
'DifferentialGeometry.Geometry.Collapse.exists_common_curvature_derivative_bound' depends on axioms: [propext,
 Classical.choice,
 Quot.sound]
'DifferentialGeometry.Geometry.Riemannian.gInner_sq_le_mul' depends on axioms: [propext, Classical.choice, Quot.sound]
'DifferentialGeometry.Geometry.Riemannian.SectionalBoundedBelowAt.mono' depends on axioms: [propext,
 Classical.choice,
 Quot.sound]
'DifferentialGeometry.Geometry.RicciFlow.cusp_injective_of_exterior_area_barriers' depends on axioms: [propext,
 Classical.choice,
 Quot.sound]
'DifferentialGeometry.Geometry.RicciFlow.cusp_slice_injective_iff' depends on axioms: [propext,
 Classical.choice,
 Quot.sound]
'DifferentialGeometry.Geometry.RicciFlow.incompressible_of_shifted_area_barriers' depends on axioms: [propext,
 Classical.choice,
 Quot.sound]
'DifferentialGeometry.exists_riemannianBallOf_subset_of_mem_nhds' depends on axioms: [propext,
 Classical.choice,
 Quot.sound]
'DifferentialGeometry.Geometry.MinimalSurface.isExteriorSpanningDisk' depends on axioms: [propext,
 Classical.choice,
 Quot.sound]
'DifferentialGeometry.Geometry.MinimalSurface.leastExteriorDiskArea' depends on axioms: [propext,
 Classical.choice,
 Quot.sound]
'DifferentialGeometry.Geometry.MinimalSurface.leastExteriorDiskArea_nonneg' depends on axioms: [propext,
 Classical.choice,
 Quot.sound]
'DifferentialGeometry.Geometry.MinimalSurface.leastExteriorDiskArea_le' depends on axioms: [propext,
 Classical.choice,
 Quot.sound]
'DifferentialGeometry.Geometry.MinimalSurface.exteriorDiskAreaOn' depends on axioms: [propext,
 Classical.choice,
 Quot.sound]
'DifferentialGeometry.Geometry.MinimalSurface.exteriorDiskAreaOn_nonneg' depends on axioms: [propext,
 Classical.choice,
 Quot.sound]
'DifferentialGeometry.Geometry.MinimalSurface.continuousOn_leastExteriorDiskArea_of_local_disk_comparisons' depends on axioms: [propext,
 Classical.choice,
 Quot.sound]
'ContinuousMap.fundamentalGroup_map_injective_of_area_obstructions' depends on axioms: [propext,
 Classical.choice,
 Quot.sound]
'GC.Endpoint.geometrization' depends on axioms: [propext, sorryAx, Classical.choice, Quot.sound]
