-- Found 0 errors in 4 declarations (plus 7 automatically generated ones) in DifferentialGeometry.Analysis.ODE.AreaUpperBarrier with 5 linters


-- All linting checks passed!
-- Found 0 errors in 1 declarations (plus 0 automatically generated ones) in DifferentialGeometry.Analysis.ODE.ReciprocalTimeBarrier with 5 linters


-- All linting checks passed!
<stdin>:13:0: error: -- Found 1 error in 9 declarations (plus 2 automatically generated ones) in DifferentialGeometry.Geometry.Collapse.CurvatureScale with 5 linters

/- The `unusedArguments` linter reports:
UNUSED ARGUMENTS.
This linter can be disabled with `@[nolint unusedArguments]`. -/
-- DifferentialGeometry.Geometry.Collapse.CurvatureScale
#check @DifferentialGeometry.Geometry.Collapse.curvatureRadius_eq_top_iff /- 1 unused argument:
  argument 13: [CompactSpace M] -/
-- Found 0 errors in 1 declarations (plus 2 automatically generated ones) in DifferentialGeometry.Geometry.Collapse.UniformDerivativeBounds with 5 linters


-- All linting checks passed!
-- Found 0 errors in 2 declarations (plus 0 automatically generated ones) in DifferentialGeometry.Geometry.Comparison.SectionalLowerBound with 5 linters


-- All linting checks passed!
-- Found 0 errors in 3 declarations (plus 0 automatically generated ones) in DifferentialGeometry.Geometry.Flow.RicciFlow.LongTime.CuspIncompressibility with 5 linters


-- All linting checks passed!
-- Found 0 errors in 1 declarations (plus 0 automatically generated ones) in DifferentialGeometry.Geometry.Metric.Distance.Neighborhood with 5 linters


-- All linting checks passed!
-- Found 0 errors in 7 declarations (plus 1 automatically generated ones) in DifferentialGeometry.Geometry.MinimalSurface.ExteriorDiskArea with 5 linters


-- All linting checks passed!
-- Found 0 errors in 1 declarations (plus 0 automatically generated ones) in DifferentialGeometry.Topology.FundamentalGroup.AreaObstruction with 5 linters


-- All linting checks passed!
