GC.MetricGeometry.support_meeting_ball_buffer.{u_1} {X : Type u_1} [PseudoMetricSpace X] {p q : X} {r rj L c b : ℝ}
  {S U : Set X} (hr : 0 < r) (hrj : 0 < rj) (hL : 0 < L) (hratio : 1 / 2 ≤ rj / r) (hgap : 4 * L < b - c)
  (hsupport : S ⊆ Metric.closedBall q (c * rj)) (hdomain : Metric.ball q (b * rj) ⊆ U)
  (hmeet : (S ∩ Metric.ball p (L * r)).Nonempty) :
  Metric.ball p (L * r) ⊆ Metric.ball q ((c + 4 * L) * rj) ∧
    Metric.ball q ((c + 4 * L) * rj) ⊆ U ∧
      ∀ x ∈ Metric.ball p (L * r), Uᶜ.Nonempty → (b - c - 4 * L) * rj ≤ Metric.infDist x Uᶜ
'GC.MetricGeometry.support_meeting_ball_buffer' depends on axioms: [propext, Classical.choice, Quot.sound]
GC.MetricGeometry.ball_subset_zero_core_of_support_meeting.{u_1} {X : Type u_1} [PseudoMetricSpace X] {ρ : X → ℝ}
  {Λ : NNReal} (hρ : LipschitzWith Λ ρ) {p z : X} (hp : 0 < ρ p) (hz : 0 < ρ z) {L T R θ : ℝ} (hL : 0 < L) (hθ : θ < 1)
  (hΛ : L * ↑Λ ≤ 1 / 4) (hT : 40 * L < T) (hTθ : 40 * L / (1 - θ) < T) (hR : T * ρ z ≤ R)
  (hlocal : dist z p ≤ 10 * R → T / 20 ≤ R / ρ p)
  (hmeet : (Metric.closedBall z (θ * R) ∩ Metric.ball p (L * ρ p)).Nonempty) :
  dist z p < 2 * R ∧ Metric.ball p (L * ρ p) ⊆ Metric.ball z R
'GC.MetricGeometry.ball_subset_zero_core_of_support_meeting' depends on axioms: [propext, Classical.choice, Quot.sound]
GC.MetricGeometry.subsingleton_zero_supports_meeting_ball.{u_1, u_2} {X : Type u_1} [PseudoMetricSpace X] {ι : Type u_2}
  {ρ : X → ℝ} {Λ : NNReal} (hρ : LipschitzWith Λ ρ) (hpos : ∀ (x : X), 0 < ρ x) (z : ι → X) (R : ι → ℝ) (S : ι → Set X)
  {p : X} {L T θ : ℝ} (hL : 0 < L) (hθ : θ < 1) (hΛ : L * ↑Λ ≤ 1 / 4) (hT : 40 * L < T) (hTθ : 40 * L / (1 - θ) < T)
  (hR : ∀ (i : ι), T * ρ (z i) ≤ R i) (hlocal : ∀ (i : ι) (q : X), dist (z i) q ≤ 10 * R i → T / 20 ≤ R i / ρ q)
  (hsupport : ∀ (i : ι), S i ⊆ Metric.closedBall (z i) (θ * R i))
  (hdisjoint : Pairwise fun i j ↦ Disjoint (Metric.ball (z i) (R i)) (Metric.ball (z j) (R j))) :
  {i | (S i ∩ Metric.ball p (L * ρ p)).Nonempty}.Subsingleton
'GC.MetricGeometry.subsingleton_zero_supports_meeting_ball' depends on axioms: [propext, Classical.choice, Quot.sound]
GC.MetricGeometry.scale_ratio_of_support_meeting.{u_1} {X : Type u_1} [PseudoMetricSpace X] {ρ : X → ℝ} {Λ : NNReal}
  (hρ : LipschitzWith Λ ρ) {p z : X} (hp : 0 < ρ p) (hz : 0 < ρ z) {R C : ℝ} (hC : 0 ≤ C)
  (hbudget : ↑Λ * max R C ≤ 1 / 4) (hmeet : (Metric.closedBall z (C * ρ z) ∩ Metric.ball p (R * ρ p)).Nonempty) :
  ρ z / ρ p ∈ Set.Icc (1 / 2) 2 ∧ dist z p ≤ (R + 2 * C) * ρ p
'GC.MetricGeometry.scale_ratio_of_support_meeting' depends on axioms: [propext, Classical.choice, Quot.sound]
GC.MetricGeometry.enlarged_core_ball_subset_of_supports_meeting.{u_1} {X : Type u_1} [PseudoMetricSpace X] {ρ : X → ℝ}
  {Λ : NNReal} (hρ : LipschitzWith Λ ρ) {p z w : X} (hp : 0 < ρ p) (hz : 0 < ρ z) (hw : 0 < ρ w) {R C a : ℝ}
  (hR : 0 ≤ R) (hC : 0 ≤ C) (ha : 0 ≤ a) (hbudget : ↑Λ * max R C ≤ 1 / 4)
  (hzmeet : (Metric.closedBall z (C * ρ z) ∩ Metric.ball p (R * ρ p)).Nonempty)
  (hwmeet : (Metric.closedBall w (C * ρ w) ∩ Metric.ball p (R * ρ p)).Nonempty) :
  Metric.ball z (a * ρ z) ⊆ Metric.ball w (4 * (R + 2 * C + a) * ρ w)
'GC.MetricGeometry.enlarged_core_ball_subset_of_supports_meeting' depends on axioms: [propext,
 Classical.choice,
 Quot.sound]
DifferentialGeometry.Analysis.scalar_weight_c1_perturbation_le.{u_1, u_2} {E : Type u_1} {H : Type u_2}
  [NormedAddCommGroup E] [NormedSpace ℝ E] [NormedAddCommGroup H] [NormedSpace ℝ H] {σ : E → ℝ} {F : E → H} {x : E}
  (hσ : DifferentiableAt ℝ σ x) (hF : DifferentiableAt ℝ F x) {ε δ M A : ℝ} (hclose : |σ x - 1| ≤ ε)
  (hDσ : ‖fderiv ℝ σ x‖ ≤ δ) (hvalue : ‖F x‖ ≤ M) (hDF : ‖fderiv ℝ F x‖ ≤ A) :
  max ‖σ x • F x - F x‖ ‖fderiv ℝ (fun y ↦ σ y • F y) x - fderiv ℝ F x‖ ≤ (ε + δ) * M + ε * A
'DifferentialGeometry.Analysis.scalar_weight_c1_perturbation_le' depends on axioms: [propext,
 Classical.choice,
 Quot.sound]
DifferentialGeometry.Analysis.freeze_scale_product_c1_le.{u_1, u_2} {E : Type u_1} {H : Type u_2} [NormedAddCommGroup E]
  [NormedSpace ℝ E] [NormedAddCommGroup H] [NormedSpace ℝ H] {σ : E → ℝ} {F : E → H} {x : E}
  (hσ : DifferentiableAt ℝ σ x) (hF : DifferentiableAt ℝ F x) {L Λ V Δ A : ℝ} (hclose : |σ x - 1| ≤ L * Λ)
  (hDσ : ‖fderiv ℝ σ x‖ ≤ Λ) (hvalue : ‖F x‖ ≤ V * Δ) (hDF : ‖fderiv ℝ F x‖ ≤ A) :
  max ‖σ x • F x - F x‖ ‖fderiv ℝ (fun y ↦ σ y • F y) x - fderiv ℝ F x‖ ≤ Λ * ((L + 1) * V * Δ + L * A)
'DifferentialGeometry.Analysis.freeze_scale_product_c1_le' depends on axioms: [propext, Classical.choice, Quot.sound]
DifferentialGeometry.Analysis.freeze_scale_quotient_c1_le.{u_1} {E : Type u_1} [NormedAddCommGroup E] [NormedSpace ℝ E]
  {σ u : E → ℝ} {x : E} (hσ : DifferentiableAt ℝ σ x) (hu : DifferentiableAt ℝ u x) {L Λ C Δ D₁ : ℝ}
  (hsmall : L * Λ ≤ 1 / 2) (hclose : |σ x - 1| ≤ L * Λ) (hDσ : ‖fderiv ℝ σ x‖ ≤ Λ) (hvalue : |u x| ≤ C * Δ)
  (hDu : ‖fderiv ℝ u x‖ ≤ D₁) :
  max |u x / σ x - u x| ‖fderiv ℝ (fun y ↦ u y / σ y) x - fderiv ℝ u x‖ ≤ Λ * ((2 * L + 4) * C * Δ + 2 * L * D₁)
'DifferentialGeometry.Analysis.freeze_scale_quotient_c1_le' depends on axioms: [propext, Classical.choice, Quot.sound]
DifferentialGeometry.Analysis.normalized_scale_in_affine_coordinates.{u_1} {E : Type u_1} [NormedAddCommGroup E]
  [NormedSpace ℝ E] {ρ : E → ℝ} {Λ : NNReal} (hρ : LipschitzWith Λ ρ) (p : E) (hp : 0 < ρ p) {L : ℝ}
  (hsmall : L * ↑Λ ≤ 1 / 2) :
  have σ := fun x ↦ ρ (p + ρ p • x) / ρ p;
  LipschitzWith Λ σ ∧
    σ 0 = 1 ∧ ∀ x ∈ Metric.closedBall 0 L, |σ x - 1| ≤ L * ↑Λ ∧ ‖fderiv ℝ σ x‖ ≤ ↑Λ ∧ σ x ∈ Set.Icc (1 / 2) (3 / 2)
'DifferentialGeometry.Analysis.normalized_scale_in_affine_coordinates' depends on axioms: [propext,
 Classical.choice,
 Quot.sound]
MeasureTheory.card_le_of_disjoint_measure_comparison.{u_1, u_2} {X : Type u_1} {ι : Type u_2} [MeasurableSpace X]
  (μ : MeasureTheory.Measure X) (I : Finset ι) (U V : ι → Set X) {b : ℝ} (hb : 0 ≤ b)
  (hdisjoint : (↑I).PairwiseDisjoint U) (hU : ∀ i ∈ I, MeasurableSet (U i)) (hpos : ∀ i ∈ I, 0 < μ.real (U i))
  (hfinite : ∀ i ∈ I, μ (V i) ≠ ⊤) (hcontain : ∀ i ∈ I, ∀ j ∈ I, U j ⊆ V i)
  (hcomparison : ∀ i ∈ I, μ.real (V i) ≤ b * μ.real (U i)) : ↑I.card ≤ b
'MeasureTheory.card_le_of_disjoint_measure_comparison' depends on axioms: [propext, Classical.choice, Quot.sound]
