'Metric.MinimizingHinge.leftRepresentative_length' depends on axioms: [propext, Classical.choice, Quot.sound]
'Metric.MinimizingHinge.rightRepresentative_length' depends on axioms: [propext, Classical.choice, Quot.sound]
'Metric.MinimizingHinge.leftRepresentative_curve' depends on axioms: [propext, Classical.choice, Quot.sound]
'Metric.MinimizingHinge.rightRepresentative_curve' depends on axioms: [propext, Classical.choice, Quot.sound]
'Metric.MinimizingHinge.leftRepresentative_path' depends on axioms: [propext, Classical.choice, Quot.sound]
'Metric.MinimizingHinge.rightRepresentative_path' depends on axioms: [propext, Classical.choice, Quot.sound]
'Metric.MinimizingHinge.leftRepresentative_endpoint' depends on axioms: [propext, Classical.choice, Quot.sound]
'Metric.MinimizingHinge.rightRepresentative_endpoint' depends on axioms: [propext, Classical.choice, Quot.sound]
'Metric.MinimizingHinge.leftRepresentative_reverse' depends on axioms: [propext, Classical.choice, Quot.sound]
'Metric.MinimizingHinge.rightRepresentative_reverse' depends on axioms: [propext, Classical.choice, Quot.sound]
'Metric.MinimizingHinge.germAngle_eq_dist_directions' depends on axioms: [propext, Classical.choice, Quot.sound]
'Metric.exists_consistent_endpoint_representatives_of_eight_buffer' depends on axioms: [propext,
 Classical.choice,
 Quot.sound]
'Metric.hasAnglesAt_of_intrinsic_ball_local_comparison' depends on axioms: [propext, Classical.choice, Quot.sound]
'DifferentialGeometry.Geometry.Comparison.Toponogov.exists_uniform_strut_chart_of_euclidean_tangent' depends on axioms: [propext,
 Classical.choice,
 Quot.sound]
'Metric.MinimizingHinge.leftRepresentative' depends on axioms: [propext, Classical.choice, Quot.sound]
'Metric.MinimizingHinge.rightRepresentative' depends on axioms: [propext, Classical.choice, Quot.sound]
'GCHingeDirectionsReview.same_original_opposite_hinge_directions' depends on axioms: [propext,
 Classical.choice,
 Quot.sound]
'GCHingeDirectionsReview.different_endpoints_on_same_ray_have_the_same_direction' depends on axioms: [propext,
 Classical.choice,
 Quot.sound]
'GCHingeDirectionsReview.zero_arm_has_no_positive_representative_but_keeps_model_side' depends on axioms: [propext,
 Classical.choice,
 Quot.sound]
'GCGermAngleTriangleReview.noncollinear_original_hinge_direction_identity' depends on axioms: [propext,
 Classical.choice,
 Quot.sound]
'GCConsistentEndpointReview.real_selected_family' depends on axioms: [propext, Classical.choice, Quot.sound]
'GCConsistentEndpointReview.two_actual_hinges_share_the_selected_arm' depends on axioms: [propext,
 Classical.choice,
 Quot.sound]
'GCDirectionSpaceReview.actual_real_direction_obstruction_everywhere' depends on axioms: [propext,
 Classical.choice,
 Quot.sound]
'GCDirectionSpaceReview.actual_real_opposite_directions_everywhere' depends on axioms: [propext,
 Classical.choice,
 Quot.sound]
'GCDirectionSpaceReview.actual_real_uniform_strut_chart' depends on axioms: [propext, Classical.choice, Quot.sound]
