'Metric.segmentLog' depends on axioms: [propext, Classical.choice, Quot.sound]
'Metric.segmentLog_radius' depends on axioms: [propext, Classical.choice, Quot.sound]
'Metric.segmentLog_self' depends on axioms: [propext, Classical.choice, Quot.sound]
'Metric.dist_div_tendsto_segmentLog' depends on axioms: [propext, Classical.choice, Quot.sound]
'DifferentialGeometry.Geometry.Comparison.Toponogov.antilipschitz_segmentLog_of_chosen_isometries_intrinsic_8_buffer' depends on axioms: [propext,
 Classical.choice,
 Quot.sound]
'DifferentialGeometry.Geometry.Comparison.Toponogov.dimH_closedBall_le_tangent_of_intrinsic_8_buffer' depends on axioms: [propext,
 Classical.choice,
 Quot.sound]
'DifferentialGeometry.Geometry.Comparison.Toponogov.directions_geodesic_of_intrinsic_eight_comparison_and_dimH_gt_one' depends on axioms: [propext,
 Classical.choice,
 Quot.sound]
'DifferentialGeometry.Geometry.Comparison.Toponogov.tangent_dimH_eq_of_intrinsic_eight_comparison_and_local_dimH_lower' depends on axioms: [propext,
 Classical.choice,
 Quot.sound]
'GCDirectionSpaceReview.original_real_chosen_log_all_points' depends on axioms: [propext, Classical.choice, Quot.sound]
'GCDirectionSpaceReview.actual_unequal_opposite_log_and_zero_arm' depends on axioms: [propext,
 Classical.choice,
 Quot.sound]
'GCDirectionSpaceReview.original_singleton_log_lower_dimension' depends on axioms: [propext,
 Classical.choice,
 Quot.sound]
'GCPlaneDirectionPackingReview.original_translated_plane_log_lower_dimension' depends on axioms: [propext,
 Classical.choice,
 Quot.sound]
'GCDirectionSpaceReview.original_real_off_center_tangent_dimension_exact_one' depends on axioms: [propext,
 Classical.choice,
 Quot.sound]
'GCDirectionSpaceReview.original_singleton_local_lower_zero_tangent_dimension' depends on axioms: [propext,
 Classical.choice,
 Quot.sound]
'GCPlaneDirectionPackingReview.original_translated_plane_actual_lower_bound_geodesicity_and_dimension' depends on axioms: [propext,
 Classical.choice,
 Quot.sound]
