'_private._stdin.0.GCAC63Review.real_opposite_shortening' depends on axioms: [propext, Classical.choice, Quot.sound]
'_private._stdin.0.GCAC63Review.zero_angle_identity' depends on axioms: [propext, Classical.choice, Quot.sound]
'_private._stdin.0.GCAC63Review.zero_angle_lower_bound' depends on axioms: [propext, Classical.choice, Quot.sound]
'_private._stdin.0.GCAC63Review.model_side_shortened_degenerate' depends on axioms: [propext,
 Classical.choice,
 Quot.sound]
'_private._stdin.0.GCAC63Review.model_side_shortened_clamped' depends on axioms: [propext, Classical.choice, Quot.sound]
'_private._stdin.0.GCAC63Review.negative_log_shift' depends on axioms: [propext, Classical.choice, Quot.sound]
'_private._stdin.0.GCAC63Review.negative_unclamped_bound' depends on axioms: [propext, Classical.choice, Quot.sound]
'_private._stdin.0.GCAC63Review.varying_angle_limit' depends on axioms: [propext, Classical.choice, Quot.sound]
'_private._stdin.0.GCAC63ReciprocalReview.normalized_radius_limit' depends on axioms: [propext,
 Classical.choice,
 Quot.sound]
'_private._stdin.0.GCAC63ReciprocalReview.reciprocal_angle_limit' depends on axioms: [propext,
 Classical.choice,
 Quot.sound]
'_private._stdin.0.GCAC63ReciprocalReview.initial_angle_negative' depends on axioms: [propext,
 Classical.choice,
 Quot.sound]
'_private._stdin.0.GCAC63ReciprocalReview.actual_shortened_angle_liminf' depends on axioms: [propext,
 Classical.choice,
 Quot.sound]
'DifferentialGeometry.Geometry.Comparison.Toponogov.sinh_half_eq_mul_sin_comparison_half' depends on axioms: [propext,
 Classical.choice,
 Quot.sound]
'DifferentialGeometry.Geometry.Comparison.Toponogov.sin_half_mul_sinh_le_of_comparison_angle_lower_bound' depends on axioms: [propext,
 Classical.choice,
 Quot.sound]
'Real.sinh_add_log_div_sinh' depends on axioms: [propext, Classical.choice, Quot.sound]
'DifferentialGeometry.Geometry.Comparison.Toponogov.sin_half_comparison_angle_lower_bound_of_shortening' depends on axioms: [propext,
 Classical.choice,
 Quot.sound]
'Real.two_arcsin_max_le_of_le_sin_half' depends on axioms: [propext, Classical.choice, Quot.sound]
'Real.tendsto_shortened_angle_lower_bound' depends on axioms: [propext, Classical.choice, Quot.sound]
'DifferentialGeometry.Geometry.Comparison.Toponogov.comparison_angle_lower_bound_of_radial_shortening' depends on axioms: [propext,
 Classical.choice,
 Quot.sound]
'Real.tendsto_sqrt_mul_reciprocal_div_atTop' depends on axioms: [propext, Classical.choice, Quot.sound]
'Real.tendsto_reciprocal_shortened_angle_lower_bound' depends on axioms: [propext, Classical.choice, Quot.sound]
'DifferentialGeometry.Geometry.Comparison.Toponogov.le_liminf_comparison_angle_of_shortening' depends on axioms: [propext,
 Classical.choice,
 Quot.sound]
