'DifferentialGeometry.Geometry.Comparison.Toponogov.comparisonAngle_tip_mk' depends on axioms: [propext,
 Classical.choice,
 Quot.sound]
'DifferentialGeometry.Geometry.Comparison.Toponogov.dist_add_eq_pi_of_cone_comparison' depends on axioms: [propext,
 Classical.choice,
 Quot.sound]
'DifferentialGeometry.Geometry.Comparison.Toponogov.exists_antipodal_segment_through_of_cone_comparison' depends on axioms: [propext,
 Classical.choice,
 Quot.sound]
'DifferentialGeometry.Geometry.Comparison.Toponogov.exists_antipodal_direction_segment_of_local_comparison_and_dimH' depends on axioms: [propext,
 Classical.choice,
 Quot.sound]
'DifferentialGeometry.Geometry.Comparison.Toponogov.exists_antipodal_direction_segment_of_intrinsic_eight_comparison_and_dimH' depends on axioms: [propext,
 Classical.choice,
 Quot.sound]
'GCConeComparisonAngleReview.arbitrary_positive_radii_and_cap' depends on axioms: [propext,
 Classical.choice,
 Quot.sound]
'GCConeComparisonAngleReview.zero_radius_requires_positive_arm' depends on axioms: [propext,
 Classical.choice,
 Quot.sound]
'GCPlaneDirectionPackingReview.original_plane_antipodal_oblique_angle_sum' depends on axioms: [propext,
 Classical.choice,
 Quot.sound]
'GCPlaneDirectionPackingReview.actual_plane_antipodal_segment_through_original_oblique_direction' depends on axioms: [propext,
 Classical.choice,
 Quot.sound]
'GCPlaneDirectionPackingReview.original_plane_ambient_antipodal_segment_through_oblique' depends on axioms: [propext,
 Classical.choice,
 Quot.sound]
'GCPlaneDirectionPackingReview.original_plane_intrinsic_far_antipodal_segment_with_pieces' depends on axioms: [propext,
 Classical.choice,
 Quot.sound]
