'InnerProductGeometry.linearIndependent_of_inner_pos_of_pairwise_inner_nonpos' depends on axioms: [propext,
 Classical.choice,
 Quot.sound]
'InnerProductGeometry.card_le_finrank_of_pairwise_inner_neg_of_inner_nonneg' depends on axioms: [propext,
 Classical.choice,
 Quot.sound]
'InnerProductGeometry.card_le_finrank_of_separated_inner_bounds' depends on axioms: [propext,
 Classical.choice,
 Quot.sound]
'InnerProductGeometry.card_le_finrank_of_angle_separation' depends on axioms: [propext, Classical.choice, Quot.sound]
'Metric.TangentCone.angularObstruction_of_pointed_isometry' depends on axioms: [propext, Classical.choice, Quot.sound]
'DifferentialGeometry.Geometry.Comparison.Toponogov.exists_common_shortening_angle_pattern' depends on axioms: [propext,
 Classical.choice,
 Quot.sound]
'DifferentialGeometry.Geometry.Comparison.Toponogov.exists_local_integer_dimH_and_angularObstruction_of_intrinsic_eight_comparison_and_dimH' depends on axioms: [propext,
 Classical.choice,
 Quot.sound]
'DifferentialGeometry.Geometry.Comparison.Toponogov.exists_dense_uniform_strut_charts_of_intrinsic_eight_comparison_and_dimH' depends on axioms: [propext,
 Classical.choice,
 Quot.sound]
'GCEuclideanAngularObstructionReview.actual_closed_hemisphere_boundary_pair_is_sharp' depends on axioms: [propext,
 Classical.choice,
 Quot.sound]
'GCEuclideanAngularObstructionReview.zero_normal_in_zero_dimension_invalidates_the_cardinality_bound' depends on axioms: [propext,
 Classical.choice,
 Quot.sound]
'GCDirectionSpaceReview.actual_real_euclidean_tangent_obstruction_all_angles_and_wrong_rank_control' depends on axioms: [propext,
 Classical.choice,
 Quot.sound]
'GCDirectionSpaceReview.actual_singleton_empty_directions_obstruction_via_zero_euclidean_tangent' depends on axioms: [propext,
 Classical.choice,
 Quot.sound]
'GCPlaneDirectionPackingReview.actual_translated_plane_euclidean_tangent_obstruction_all_angles' depends on axioms: [propext,
 Classical.choice,
 Quot.sound]
'GCEuclideanAngularObstructionReview.actual_positive_margin_projection_controls_a_unit_pair' depends on axioms: [propext,
 Classical.choice,
 Quot.sound]
'GCDirectionSpaceReview.actual_real_asymmetric_pattern_with_repeated_direction' depends on axioms: [propext,
 Classical.choice,
 Quot.sound]
'GCDirectionSpaceReview.actual_empty_pattern_on_singleton' depends on axioms: [propext, Classical.choice, Quot.sound]
'GCDirectionSpaceReview.strict_pattern_cannot_require_pi' depends on axioms: [propext, Classical.choice, Quot.sound]
'GCPlaneDirectionPackingReview.actual_plane_ordered_pattern_curvature_four' depends on axioms: [propext,
 Classical.choice,
 Quot.sound]
'GCDirectionSpaceReview.original_real_every_local_point_every_margin_actual_obstruction' depends on axioms: [propext,
 Classical.choice,
 Quot.sound]
'GCDirectionSpaceReview.original_singleton_rank_zero_every_margin_without_directions' depends on axioms: [propext,
 Classical.choice,
 Quot.sound]
'GCPlaneDirectionPackingReview.original_translated_plane_every_local_point_every_margin_actual_obstruction' depends on axioms: [propext,
 Classical.choice,
 Quot.sound]
'GCDirectionSpaceReview.original_real_automatic_dense_strut_charts_full_coordinates' depends on axioms: [propext,
 Classical.choice,
 Quot.sound]
'GCPlaneDirectionPackingReview.original_translated_plane_automatic_dense_strut_charts_full_coordinates' depends on axioms: [propext,
 Classical.choice,
 Quot.sound]
