'_private._stdin.0.GCAC85Review.source_not_complete' depends on axioms: [propext, Classical.choice, Quot.sound]
'_private._stdin.0.GCAC85Review.original_pointed_convergence' depends on axioms: [propext, Classical.choice, Quot.sound]
'_private._stdin.0.GCAC85Review.incomplete_cones_converge_to_same_plane_cone' depends on axioms: [propext,
 Classical.choice,
 Quot.sound]
'_private._stdin.0.GCAC85Review.same_limit_has_full_two_parameter_radial_identity' depends on axioms: [propext,
 Classical.choice,
 Quot.sound]
'GC.MetricGeometry.nonempty_radialConeData_of_pointed_approximations' depends on axioms: [propext,
 Classical.choice,
 Quot.sound]
'GC.MetricGeometry.PointedGHConverges.nonempty_radialConeData' depends on axioms: [propext,
 Classical.choice,
 Quot.sound]
'GC.MetricGeometry.exists_pointed_cone_limit_of_nonnegative_geometry' depends on axioms: [propext,
 Classical.choice,
 Quot.sound]
'GCNonnegativeConeCompactnessReview.actual_real_cone_model_limit' depends on axioms: [propext,
 Classical.choice,
 Quot.sound]
'GCNonnegativeConeCompactnessReview.actual_singleton_cone_model_limit' depends on axioms: [propext,
 Classical.choice,
 Quot.sound]
