'GC.MetricGeometry.PointedBallApprox.exists_internal_finset_net_factor' depends on axioms: [propext,
 Classical.choice,
 Quot.sound]
'GC.MetricGeometry.PointedGHConverges.eventual_factor_nets_of_approximate_products' depends on axioms: [propext,
 Classical.choice,
 Quot.sound]
'GC.MetricGeometry.PointedGHConverges.exists_factor_limit_of_approximate_products' depends on axioms: [propext,
 Classical.choice,
 Quot.sound]
'_private._stdin.0.rat_incomplete' depends on axioms: [propext, Classical.choice, Quot.sound]
'Real.abs_sqrt_sq_add_sq_sub_le' depends on axioms: [propext, Classical.choice, Quot.sound]
'WithLp.prod_dist_dist_sub_le' depends on axioms: [propext, Classical.choice, Quot.sound]
'WithLp.instProperSpaceL2Prod' depends on axioms: [propext, Classical.choice, Quot.sound]
'GC.MetricGeometry.PointedBallApprox.l2Product' depends on axioms: [propext, Classical.choice, Quot.sound]
'GC.MetricGeometry.PointedBallApprox.l2Product_fst' depends on axioms: [propext, Classical.choice, Quot.sound]
'GC.MetricGeometry.PointedGHConverges.l2Product' depends on axioms: [propext, Classical.choice, Quot.sound]
'GC.MetricGeometry.PointedGHConverges.of_approximate_sources' depends on axioms: [propext, Classical.choice, Quot.sound]
'GC.MetricGeometry.PointedGHConverges.exists_product_isometry_of_approximate_products' depends on axioms: [propext,
 Classical.choice,
 Quot.sound]
'GC.MetricGeometry.KleinerLottApprox.productLimitApprox' depends on axioms: [propext, Classical.choice, Quot.sound]
'GC.MetricGeometry.KleinerLottApprox.productLimitApprox_fst' depends on axioms: [propext, Classical.choice, Quot.sound]
'GC.MetricGeometry.PointedGHConverges.eventually_product_coordinate_approximation' depends on axioms: [propext,
 Classical.choice,
 Quot.sound]
'GC.MetricGeometry.PointedGHConverges.exists_controlled_product_limit_of_approximate_products' depends on axioms: [propext,
 Classical.choice,
 Quot.sound]
