'AddCircle.norm_coe_eq_min_of_mem_Icc' depends on axioms: [propext, Classical.choice, Quot.sound]
'AddCircle.dist_coe_eq_abs_of_le_half_period' depends on axioms: [propext, Classical.choice, Quot.sound]
'DifferentialGeometry.Geometry.Comparison.Toponogov.diameterCircleCoordinate' depends on axioms: [propext,
 Classical.choice,
 Quot.sound]
'DifferentialGeometry.Geometry.Comparison.Toponogov.diameterCircleCoordinate_apply_isometry' depends on axioms: [propext,
 Classical.choice,
 Quot.sound]
'DifferentialGeometry.Geometry.Comparison.Toponogov.isometry_diameterCircleCoordinate' depends on axioms: [propext,
 Classical.choice,
 Quot.sound]
'DifferentialGeometry.Geometry.Comparison.Toponogov.diameterCircleCoordinate_on_opposite_arc' depends on axioms: [propext,
 Classical.choice,
 Quot.sound]
'DifferentialGeometry.Geometry.Comparison.Toponogov.exists_circle_isometry_of_opposite_diameter_arcs' depends on axioms: [propext,
 Classical.choice,
 Quot.sound]
'DifferentialGeometry.Geometry.Comparison.Toponogov.exists_circle_isometry_of_outside_diameter_segment' depends on axioms: [propext,
 Classical.choice,
 Quot.sound]
