'DifferentialGeometry.Geometry.Comparison.Toponogov.exists_pointed_line_isometry_of_two_directions' depends on axioms: [propext,
 Classical.choice,
 Quot.sound]
'DifferentialGeometry.Geometry.Comparison.Toponogov.geodesic_or_pointed_line_of_cone_comparison' depends on axioms: [propext,
 Classical.choice,
 Quot.sound]
'DifferentialGeometry.Geometry.Comparison.Toponogov.directions_geodesic_or_tangent_line_of_local_comparison_and_dimH' depends on axioms: [propext,
 Classical.choice,
 Quot.sound]
'DifferentialGeometry.Geometry.Comparison.Toponogov.directions_geodesic_or_tangent_line_of_intrinsic_eight_comparison_and_dimH' depends on axioms: [propext,
 Classical.choice,
 Quot.sound]
'GCDirectionSpaceReview.original_real_two_pole_direction_dichotomy' depends on axioms: [propext,
 Classical.choice,
 Quot.sound]
'GCDirectionSpaceReview.original_real_prescribed_poles_line_coordinates' depends on axioms: [propext,
 Classical.choice,
 Quot.sound]
'GCDirectionSpaceReview.original_singleton_empty_direction_dichotomy' depends on axioms: [propext,
 Classical.choice,
 Quot.sound]
'GCDirectionSpaceReview.singleton_angular_base_dichotomy' depends on axioms: [propext, Classical.choice, Quot.sound]
'GCPlaneDirectionPackingReview.original_plane_geodesic_direction_alternative' depends on axioms: [propext,
 Classical.choice,
 Quot.sound]
'GCConeDirectionDichotomyReview.capped_two_poles_onto_real' depends on axioms: [propext, Classical.choice, Quot.sound]
