'DifferentialGeometry.Geometry.Comparison.Toponogov.fourPointComparison.closure_zero' depends on axioms: [propext,
 Classical.choice,
 Quot.sound]
'Metric.TangentCone.dense_representative_vectors' depends on axioms: [propext, Classical.choice, Quot.sound]
'DifferentialGeometry.Geometry.Comparison.Toponogov.tangentCone_fourPointComparison_zero_of_local_fourPointComparison' depends on axioms: [propext,
 Classical.choice,
 Quot.sound]
'DifferentialGeometry.Geometry.Comparison.Toponogov.spherical_direction_comparison_of_local_fourPointComparison' depends on axioms: [propext,
 Classical.choice,
 Quot.sound]
'GCDirectionSpaceReview.actual_noncomplete_interval_nonzero_tangent_comparison' depends on axioms: [propext,
 Classical.choice,
 Quot.sound]
'GCDirectionSpaceReview.actual_singleton_empty_directions_tip_density_and_comparison' depends on axioms: [propext,
 Classical.choice,
 Quot.sound]
'GCDirectionSpaceReview.closure_adds_boundary_with_repeated_anchors' depends on axioms: [propext,
 Classical.choice,
 Quot.sound]
'GCPlaneDirectionPackingReview.actual_translated_plane_non_tip_quadruple_comparison' depends on axioms: [propext,
 Classical.choice,
 Quot.sound]
