'Metric.GeodesicRepresentative.dist_tangentVector' depends on axioms: [propext, Classical.choice, Quot.sound]
'Metric.GeodesicRepresentative.tangentVector_shorten' depends on axioms: [propext, Classical.choice, Quot.sound]
'Metric.GeodesicRepresentative.dist_div_tendsto_tangentVector' depends on axioms: [propext,
 Classical.choice,
 Quot.sound]
'Metric.TangentCone.norm_isometryEquiv' depends on axioms: [propext, Classical.choice, Quot.sound]
'Metric.TangentCone.angle_unitVector' depends on axioms: [propext, Classical.choice, Quot.sound]
'Metric.TangentCone.surjective_unitVector' depends on axioms: [propext, Classical.choice, Quot.sound]
'Metric.TangentCone.exists_representative_angle_lt' depends on axioms: [propext, Classical.choice, Quot.sound]
'DifferentialGeometry.Geometry.Comparison.Toponogov.exists_common_shortening_strut_neighborhood_of_euclidean_tangent' depends on axioms: [propext,
 Classical.choice,
 Quot.sound]
'Metric.TangentCone' depends on axioms: [propext, Classical.choice, Quot.sound]
'Metric.GeodesicRepresentative.tangentVector' depends on axioms: [propext, Classical.choice, Quot.sound]
'Metric.TangentCone.unitVector' depends on axioms: [propext, Classical.choice, Quot.sound]
'GCDirectionSpaceReview.actual_opposite_tangent_distances' depends on axioms: [propext, Classical.choice, Quot.sound]
'GCDirectionSpaceReview.original_unequal_speed_opposite_limit' depends on axioms: [propext,
 Classical.choice,
 Quot.sound]
'GCDirectionSpaceReview.original_zero_speed_limit' depends on axioms: [propext, Classical.choice, Quot.sound]
'GCDirectionSpaceReview.original_equal_speed_same_direction_limit' depends on axioms: [propext,
 Classical.choice,
 Quot.sound]
'GCDirectionSpaceReview.shortened_original_tangent_vector' depends on axioms: [propext, Classical.choice, Quot.sound]
'GCDirectionSpaceReview.singleton_tangent_has_only_apex' depends on axioms: [propext, Classical.choice, Quot.sound]
'GCDirectionSpaceReview.actual_real_tangent_pointed_isometry' depends on axioms: [propext, Classical.choice, Quot.sound]
'GCDirectionSpaceReview.actual_real_tangent_unit_angle_and_density' depends on axioms: [propext,
 Classical.choice,
 Quot.sound]
'GCDirectionSpaceReview.actual_real_euclidean_tangent_strut_neighborhood' depends on axioms: [propext,
 Classical.choice,
 Quot.sound]
