'IsometryEquiv.toKleinerLottApprox' depends on axioms: [propext, Classical.choice, Quot.sound]
'GC.MetricGeometry.SplittingCompatible' depends on axioms: [propext, Classical.choice, Quot.sound]
'_private._stdin.0.GCAC71Review.reversed_axis_orthonormal' depends on axioms: [propext, Classical.choice, Quot.sound]
'_private._stdin.0.GCAC71Review.reversed_ordered_compatibility' depends on axioms: [propext,
 Classical.choice,
 Quot.sound]
'_private._stdin.0.GCAC71Review.equal_rank_compatibility' depends on axioms: [propext, Classical.choice, Quot.sound]
'_private._stdin.0.GCAC72Review.incomplete_half_line' depends on axioms: [propext, Classical.choice, Quot.sound]
'_private._stdin.0.GCAC72Review.incomplete_factor' depends on axioms: [propext, Classical.choice, Quot.sound]
'_private._stdin.0.GCAC72Review.permuted_incomplete_factor_cancellation' depends on axioms: [propext,
 Classical.choice,
 Quot.sound]
'_private._stdin.0.GCAC73CoordinatesReview.rank_zero' depends on axioms: [propext, Classical.choice, Quot.sound]
'_private._stdin.0.GCAC73CoordinatesReview.full_rank' depends on axioms: [propext, Classical.choice, Quot.sound]
'_private._stdin.0.GCAC73CoordinatesReview.reversedRotatedAxis_orthonormal' depends on axioms: [propext,
 Classical.choice,
 Quot.sound]
'_private._stdin.0.GCAC73CoordinatesReview.reversed_rotated_rank_one' depends on axioms: [propext,
 Classical.choice,
 Quot.sound]
'GCProductLineReview.diagonal_has_positive_transverse_speed' depends on axioms: [propext, Classical.choice, Quot.sound]
'GCProductLineReview.bounded_factor_same_line' depends on axioms: [propext, Classical.choice, Quot.sound]
'GCProductLineReview.bounded_factor_is_nontrivial' depends on axioms: [propext, Classical.choice, Quot.sound]
'GCProductLineReview.rank_zero_transverse_speed' depends on axioms: [propext, Classical.choice, Quot.sound]
'GCExactSplittingCompatibilityReview.maximal_plane_switched_axis_compatibility' depends on axioms: [propext,
 Classical.choice,
 Quot.sound]
'GCExactSplittingCompatibilityReview.maximal_plane_equal_rank_compatibility' depends on axioms: [propext,
 Classical.choice,
 Quot.sound]
'GCExactSplittingCompatibilityReview.maximal_rank_zero_compatibility' depends on axioms: [propext,
 Classical.choice,
 Quot.sound]
'GC.MetricGeometry.splittingCompatible_of_exact_factorization' depends on axioms: [propext,
 Classical.choice,
 Quot.sound]
'IsometryEquiv.exists_unique_l2ProductFactor_of_fst_eq' depends on axioms: [propext, Classical.choice, Quot.sound]
'Orthonormal.exists_euclidean_product_coordinates' depends on axioms: [propext, Classical.choice, Quot.sound]
'DifferentialGeometry.Geometry.Comparison.Toponogov.euclidean_coordinate_isometry_line' depends on axioms: [propext,
 Classical.choice,
 Quot.sound]
'DifferentialGeometry.Geometry.Comparison.Toponogov.isometry_line_product_speed' depends on axioms: [propext,
 Classical.choice,
 Quot.sound]
'DifferentialGeometry.Geometry.Comparison.Toponogov.isometry_line_eq_euclidean_smul_of_no_factor_line' depends on axioms: [propext,
 Classical.choice,
 Quot.sound]
'DifferentialGeometry.Geometry.Comparison.Toponogov.exists_exact_compatibility_of_no_factor_line' depends on axioms: [propext,
 Classical.choice,
 Quot.sound]
'DifferentialGeometry.Geometry.Comparison.Toponogov.exists_exact_compatibility_of_maximal_splitting' depends on axioms: [propext,
 Classical.choice,
 Quot.sound]
