'Metric.EuclideanCone.dist_dilate_self' depends on axioms: [propext, Classical.choice, Quot.sound]
'Metric.EuclideanCone.map_dilate_of_isometry' depends on axioms: [propext, Classical.choice, Quot.sound]
'Metric.EuclideanCone.symm_map_smul_of_isometryEquiv' depends on axioms: [propext, Classical.choice, Quot.sound]
'Metric.linearDimension' depends on axioms: [propext, Classical.choice, Quot.sound]
'Metric.linearDimension_le_iff' depends on axioms: [propext, Classical.choice, Quot.sound]
'DifferentialGeometry.Geometry.Comparison.Toponogov.linearDimension_eq_dimH_of_local_comparison_and_dimH' depends on axioms: [propext,
 Classical.choice,
 Quot.sound]
'DifferentialGeometry.Geometry.Comparison.Toponogov.exists_greatest_euclidean_tangent_rank_of_local_comparison_and_dimH' depends on axioms: [propext,
 Classical.choice,
 Quot.sound]
'GCConeIsometryDilationReview.halfline_pointed_embedding_preserves_all_dilations' depends on axioms: [propext,
 Classical.choice,
 Quot.sound]
'GCConeIsometryDilationReview.translated_isometry_needs_tip_preservation' depends on axioms: [propext,
 Classical.choice,
 Quot.sound]
'GCDirectionSpaceReview.actual_real_tangent_isometry_is_a_cone_isomorphism' depends on axioms: [propext,
 Classical.choice,
 Quot.sound]
'GCConeIsometryDilationReview.empty_base_zero_dimensional_pointed_embedding' depends on axioms: [propext,
 Classical.choice,
 Quot.sound]
'GCDirectionSpaceReview.real_linear_dimension_and_both_greatest_ranks' depends on axioms: [propext,
 Classical.choice,
 Quot.sound]
'GCDirectionSpaceReview.singleton_linear_dimension_zero_and_attained_zero_ranks' depends on axioms: [propext,
 Classical.choice,
 Quot.sound]
'GCDirectionSpaceReview.actual_real_rank_bound_iff_has_sharp_threshold' depends on axioms: [propext,
 Classical.choice,
 Quot.sound]
'GCPlaneDirectionPackingReview.plane_linear_dimension_and_both_greatest_ranks' depends on axioms: [propext,
 Classical.choice,
 Quot.sound]
'GCDenseEuclideanTangentsReview.empty_linear_dimension_zero_without_attained_rank' depends on axioms: [propext,
 Classical.choice,
 Quot.sound]
