'DifferentialGeometry.Geometry.Comparison.Toponogov.dist_le_dist_segmentLog_of_fourPointComparison_zero' depends on axioms: [propext,
 Classical.choice,
 Quot.sound]
'DifferentialGeometry.Geometry.Comparison.Toponogov.exists_finite_euclidean_comparison_of_dense_tangent_isometries' depends on axioms: [propext,
 Classical.choice,
 Quot.sound]
'DifferentialGeometry.Geometry.Comparison.Toponogov.exists_finite_euclidean_comparison_of_local_comparison_zero_and_dimH' depends on axioms: [propext,
 Classical.choice,
 Quot.sound]
'GCDirectionSpaceReview.sharp_original_opposite_unequal_logs' depends on axioms: [propext, Classical.choice, Quot.sound]
'GCDirectionSpaceReview.sharp_original_same_ray_unequal_logs' depends on axioms: [propext, Classical.choice, Quot.sound]
'GCDirectionSpaceReview.sharp_original_zero_arm_log' depends on axioms: [propext, Classical.choice, Quot.sound]
'GCPlaneDirectionPackingReview.sharp_original_translated_plane_obtuse_logs' depends on axioms: [propext,
 Classical.choice,
 Quot.sound]
'GCNonnegativeFiniteComparisonReview.original_real_one_rank_all_finite_families' depends on axioms: [propext,
 Classical.choice,
 Quot.sound]
'GCNonnegativeFiniteComparisonReview.original_real_translated_repeated_and_zero_labels' depends on axioms: [propext,
 Classical.choice,
 Quot.sound]
'GCNonnegativeFiniteComparisonReview.original_singleton_rank_zero_all_finite_families' depends on axioms: [propext,
 Classical.choice,
 Quot.sound]
'GCNonnegativeFiniteComparisonReview.original_real_empty_label_family' depends on axioms: [propext,
 Classical.choice,
 Quot.sound]
'GCPlaneDirectionPackingReview.original_translated_plane_rank_two_noncollinear_configuration' depends on axioms: [propext,
 Classical.choice,
 Quot.sound]
