'GCFullProductGivenMapsReview.factor_not_complete' depends on axioms: [propext, Classical.choice, Quot.sound]
'GCFullProductGivenMapsReview.source_not_complete' depends on axioms: [propext, Classical.choice, Quot.sound]
'GCFullProductGivenMapsReview.original_full_product_maps_with_incomplete_sources' depends on axioms: [propext,
 Classical.choice,
 Quot.sound]
'_private._stdin.0.GCFullProductGivenMapsReview.original_maps_are_distinct' depends on axioms: [propext,
 Classical.choice,
 Quot.sound]
'GCFullProductGivenMapsReview.original_two_product_maps_with_incomplete_sources' depends on axioms: [propext,
 Classical.choice,
 Quot.sound]
'_private._stdin.0.GCFullProductGivenMapsReview.original_pointed_convergence' depends on axioms: [propext,
 Classical.choice,
 Quot.sound]
'GCFullProductGivenMapsReview.original_pointed_two_product_maps_with_incomplete_sources' depends on axioms: [propext,
 Classical.choice,
 Quot.sound]
'GC.MetricGeometry.KleinerLottApprox.productLimitApprox_factor_mem' depends on axioms: [propext,
 Classical.choice,
 Quot.sound]
'GC.MetricGeometry.KleinerLottApprox.productLimitApprox_apply' depends on axioms: [propext,
 Classical.choice,
 Quot.sound]
'GC.MetricGeometry.exists_full_product_limit_of_approximate_products_with_given_maps' depends on axioms: [propext,
 Classical.choice,
 Quot.sound]
'GC.MetricGeometry.exists_two_full_product_limits_of_approximate_products_with_given_maps' depends on axioms: [propext,
 Classical.choice,
 Quot.sound]
'GC.MetricGeometry.PointedGHConverges.exists_two_full_product_limits' depends on axioms: [propext,
 Classical.choice,
 Quot.sound]
