'DifferentialGeometry.Geometry.Comparison.Toponogov.exists_local_rank_dense_paired_qualities_of_intrinsic_eight_comparison_and_dimH' depends on axioms: [propext,
 Classical.choice,
 Quot.sound]
'DifferentialGeometry.Geometry.Comparison.Toponogov.exists_endpoint_representatives_of_intrinsic_eight_comparison' depends on axioms: [propext,
 Classical.choice,
 Quot.sound]
'DifferentialGeometry.Geometry.Comparison.Toponogov.PairedComparisonPacket.exists_directions_of_intrinsic_eight_comparison' depends on axioms: [propext,
 Classical.choice,
 Quot.sound]
'DifferentialGeometry.Geometry.Comparison.Toponogov.exists_dense_euclidean_tangents_of_intrinsic_eight_comparison_and_dimH' depends on axioms: [propext,
 Classical.choice,
 Quot.sound]
'DifferentialGeometry.Geometry.Comparison.Toponogov.exists_dense_common_shortening_struts_of_intrinsic_eight_comparison_and_dimH' depends on axioms: [propext,
 Classical.choice,
 Quot.sound]
'GCDirectionSpaceReview.original_real_local_packets_keep_all_anchors_inside_half_ball' depends on axioms: [propext,
 Classical.choice,
 Quot.sound]
'GCDirectionSpaceReview.original_singleton_local_rank_zero_dense_empty_anchor_packets' depends on axioms: [propext,
 Classical.choice,
 Quot.sound]
'GCDirectionSpaceReview.original_real_local_dense_actual_euclidean_tangents' depends on axioms: [propext,
 Classical.choice,
 Quot.sound]
'GCDirectionSpaceReview.original_singleton_local_dense_tangents_without_any_direction' depends on axioms: [propext,
 Classical.choice,
 Quot.sound]
'GCDirectionSpaceReview.actual_bounded_unequal_real_endpoints_keep_original_radial_paths' depends on axioms: [propext,
 Classical.choice,
 Quot.sound]
'GCPlaneDirectionPackingReview.original_translated_plane_local_dense_actual_euclidean_tangents' depends on axioms: [propext,
 Classical.choice,
 Quot.sound]
'GCDirectionSpaceReview.original_singleton_bounded_empty_packet_has_no_invented_direction' depends on axioms: [propext,
 Classical.choice,
 Quot.sound]
'GCDirectionSpaceReview.original_real_local_regular_points_supply_all_common_strut_caps' depends on axioms: [propext,
 Classical.choice,
 Quot.sound]
