'DifferentialGeometry.Geometry.Comparison.Toponogov.isOpen_segment_image_of_unit_comparison_and_dimH_le_one' depends on axioms: [propext,
 Classical.choice,
 Quot.sound]
'DifferentialGeometry.Geometry.Comparison.Toponogov.pointed_one_dimensional_classification_of_local_unit_comparison' depends on axioms: [propext,
 Classical.choice,
 Quot.sound]
'GCLocalOneDimensionalClassificationReview.original_circle_local_comparison_full_pointed_classification' depends on axioms: [propext,
 Classical.choice,
 Quot.sound]
'GCLocalOneDimensionalClassificationReview.original_translated_closed_interval_full_pointed_classification' depends on axioms: [propext,
 Classical.choice,
 Quot.sound]
'GCLocalOneDimensionalClassificationReview.original_translated_halfline_full_pointed_classification' depends on axioms: [propext,
 Classical.choice,
 Quot.sound]
'GCLocalOneDimensionalClassificationReview.original_real_full_pointed_classification_at_seven' depends on axioms: [propext,
 Classical.choice,
 Quot.sound]
'GCLocalOneDimensionalClassificationReview.original_zero_dimensional_full_pointed_classification' depends on axioms: [propext,
 Classical.choice,
 Quot.sound]
'GCLocalOneDimensionalClassificationReview.actual_segment_interior_is_open_but_full_image_is_not' depends on axioms: [propext,
 Classical.choice,
 Quot.sound]
