'DifferentialGeometry.Geometry.Comparison.Toponogov.sphericalComparisonAngle' depends on axioms: [propext,
 Classical.choice,
 Quot.sound]
'DifferentialGeometry.Geometry.Comparison.Toponogov.sphericalComparisonAngle_mem_Icc' depends on axioms: [propext,
 Classical.choice,
 Quot.sound]
'DifferentialGeometry.Geometry.Comparison.Toponogov.sphericalComparisonAngle_comm' depends on axioms: [propext,
 Classical.choice,
 Quot.sound]
'DifferentialGeometry.Geometry.Comparison.Toponogov.spherical_comparison_cosine_mem_Icc' depends on axioms: [propext,
 Classical.choice,
 Quot.sound]
'DifferentialGeometry.Geometry.Comparison.Toponogov.cos_sphericalComparisonAngle' depends on axioms: [propext,
 Classical.choice,
 Quot.sound]
'DifferentialGeometry.Geometry.Comparison.Toponogov.spherical_comparison_cosine_eq_secant_quotient' depends on axioms: [propext,
 Classical.choice,
 Quot.sound]
'DifferentialGeometry.Geometry.Comparison.Toponogov.fourPointSphericalComparison' depends on axioms: [propext,
 Classical.choice,
 Quot.sound]
'DifferentialGeometry.Geometry.Comparison.Toponogov.fourPointSphericalComparison.mono' depends on axioms: [propext,
 Classical.choice,
 Quot.sound]
'Metric.EuclideanCone.secLift' depends on axioms: [propext, Classical.choice, Quot.sound]
'Metric.EuclideanCone.radius_secLift' depends on axioms: [propext, Classical.choice, Quot.sound]
'Metric.EuclideanCone.secLift_self' depends on axioms: [propext, Classical.choice, Quot.sound]
'Metric.EuclideanCone.dist_mk_one_secLift' depends on axioms: [propext, Classical.choice, Quot.sound]
'Metric.EuclideanCone.dist_mk_one_secLift_pos' depends on axioms: [propext, Classical.choice, Quot.sound]
'DifferentialGeometry.Geometry.Comparison.Toponogov.comparisonAngle_secLift' depends on axioms: [propext,
 Classical.choice,
 Quot.sound]
'DifferentialGeometry.Geometry.Comparison.Toponogov.sphericalComparisonAngle_sum_le_of_cone_comparison' depends on axioms: [propext,
 Classical.choice,
 Quot.sound]
'DifferentialGeometry.Geometry.Comparison.Toponogov.fourPointSphericalComparison_ball_of_cone_comparison' depends on axioms: [propext,
 Classical.choice,
 Quot.sound]
'DifferentialGeometry.Geometry.Comparison.Toponogov.spherical_direction_comparison_of_local_comparison_and_dimH' depends on axioms: [propext,
 Classical.choice,
 Quot.sound]
'DifferentialGeometry.Geometry.Comparison.Toponogov.spherical_direction_comparison_of_intrinsic_eight_comparison_and_dimH' depends on axioms: [propext,
 Classical.choice,
 Quot.sound]
'GCSphericalModelAngleReview.hemispherical_triangle_valid_beyond_erroneous_cutoff' depends on axioms: [propext,
 Classical.choice,
 Quot.sound]
'GCSphericalModelAngleReview.reflected_large_arm_triangle' depends on axioms: [propext, Classical.choice, Quot.sound]
'GCSphericalModelAngleReview.secant_normalization_on_opposite_short_arms' depends on axioms: [propext,
 Classical.choice,
 Quot.sound]
'GCSphericalModelAngleReview.strict_perimeter_and_zero_arm_controls' depends on axioms: [propext,
 Classical.choice,
 Quot.sound]
'GCConeSecantLiftReview.actual_unbounded_base_sec_lifts' depends on axioms: [propext, Classical.choice, Quot.sound]
'GCConeSecantLiftReview.actual_opposite_sec_lifts_angle_pi' depends on axioms: [propext, Classical.choice, Quot.sound]
'GCConeSecantLiftReview.actual_zero_arm_total_angle' depends on axioms: [propext, Classical.choice, Quot.sound]
'GCConeSecantLiftReview.actual_cutoff_boundary_negative_control' depends on axioms: [propext,
 Classical.choice,
 Quot.sound]
'GCDirectionSpaceReview.actual_real_open_region_spherical_directions' depends on axioms: [propext,
 Classical.choice,
 Quot.sound]
'GCDirectionSpaceReview.actual_singleton_zero_dimensional_spherical_directions' depends on axioms: [propext,
 Classical.choice,
 Quot.sound]
'GCPlaneDirectionPackingReview.actual_plane_full_eight_ball_spherical_directions' depends on axioms: [propext,
 Classical.choice,
 Quot.sound]
