'Metric.GeodesicRepresentative.map' depends on axioms: [propext, Classical.choice, Quot.sound]
'Metric.GeodesicRepresentative.map_path' depends on axioms: [propext, Classical.choice, Quot.sound]
'Metric.GeodesicRepresentative.angle_map' depends on axioms: [propext, Classical.choice, Quot.sound]
'Metric.hasAnglesAt_of_isometry' depends on axioms: [propext, Classical.choice, Quot.sound]
'Metric.GeodesicRepresentative.isometry_map' depends on axioms: [propext, Classical.choice, Quot.sound]
'Metric.GeodesicRepresentative.exists_lift_shorten' depends on axioms: [propext, Classical.choice, Quot.sound]
'Metric.GeodesicDirections.map' depends on axioms: [propext, Classical.choice, Quot.sound]
'Metric.GeodesicDirections.map_geodesicDirection' depends on axioms: [propext, Classical.choice, Quot.sound]
'Metric.GeodesicDirections.isometry_map' depends on axioms: [propext, Classical.choice, Quot.sound]
'Metric.SpaceOfDirections.map' depends on axioms: [propext, Classical.choice, Quot.sound]
'Metric.SpaceOfDirections.map_toDirection' depends on axioms: [propext, Classical.choice, Quot.sound]
'Metric.SpaceOfDirections.isometry_map' depends on axioms: [propext, Classical.choice, Quot.sound]
'Metric.SpaceOfDirections.map_direction' depends on axioms: [propext, Classical.choice, Quot.sound]
'Metric.SpaceOfDirections.surjective_map_subtype_val' depends on axioms: [propext, Classical.choice, Quot.sound]
'Metric.SpaceOfDirections.openIsometryEquiv' depends on axioms: [propext, Classical.choice, Quot.sound]
'Metric.SpaceOfDirections.openIsometryEquiv_apply' depends on axioms: [propext, Classical.choice, Quot.sound]
'Metric.SpaceOfDirections.openIsometryEquiv_direction' depends on axioms: [propext, Classical.choice, Quot.sound]
'Metric.EuclideanCone.map' depends on axioms: [propext, Classical.choice, Quot.sound]
'Metric.EuclideanCone.map_tip' depends on axioms: [propext, Classical.choice, Quot.sound]
'Metric.EuclideanCone.map_mk' depends on axioms: [propext, Classical.choice, Quot.sound]
'Metric.EuclideanCone.radius_map' depends on axioms: [propext, Classical.choice, Quot.sound]
'Metric.EuclideanCone.map_dilate' depends on axioms: [propext, Classical.choice, Quot.sound]
'Metric.EuclideanCone.isometry_map' depends on axioms: [propext, Classical.choice, Quot.sound]
'Metric.EuclideanCone.congr' depends on axioms: [propext, Classical.choice, Quot.sound]
'Metric.EuclideanCone.congr_apply' depends on axioms: [propext, Classical.choice, Quot.sound]
'Metric.TangentCone.openIsometryEquiv' depends on axioms: [propext, Classical.choice, Quot.sound]
'Metric.TangentCone.openIsometryEquiv_tip' depends on axioms: [propext, Classical.choice, Quot.sound]
'Metric.TangentCone.openIsometryEquiv_tangentVector' depends on axioms: [propext, Classical.choice, Quot.sound]
'Metric.TangentCone.openIsometryEquiv_dilate' depends on axioms: [propext, Classical.choice, Quot.sound]
'DifferentialGeometry.Geometry.Comparison.Toponogov.linearDimension_open_eq_of_local_comparison_and_dimH' depends on axioms: [propext,
 Classical.choice,
 Quot.sound]
'GCDirectionSpaceReview.actual_reflection_preserves_original_representatives' depends on axioms: [propext,
 Classical.choice,
 Quot.sound]
'GCDirectionSpaceReview.long_original_segment_lifts_only_after_shortening' depends on axioms: [propext,
 Classical.choice,
 Quot.sound]
'GCDirectionSpaceReview.actual_open_interval_completed_directions_onto_and_opposite' depends on axioms: [propext,
 Classical.choice,
 Quot.sound]
'GCDirectionSpaceReview.actual_singleton_open_empty_directions_equivalence' depends on axioms: [propext,
 Classical.choice,
 Quot.sound]
'GCPlaneDirectionPackingReview.actual_nononto_embedding_induces_nononto_isometric_direction_map' depends on axioms: [propext,
 Classical.choice,
 Quot.sound]
'GCConeOpenTangentReview.actual_reflection_cone_preserves_cap_and_dilation' depends on axioms: [propext,
 Classical.choice,
 Quot.sound]
'GCConeOpenTangentReview.actual_nononto_base_embedding_gives_nononto_cone_isometry' depends on axioms: [propext,
 Classical.choice,
 Quot.sound]
'GCConeOpenTangentReview.actual_empty_base_cone_transport_retains_only_tip' depends on axioms: [propext,
 Classical.choice,
 Quot.sound]
'GCDirectionSpaceReview.actual_incomplete_open_interval_tangent_transport' depends on axioms: [propext,
 Classical.choice,
 Quot.sound]
'GCOpenLinearDimensionReview.original_disconnected_incomplete_open_real_linear_dimension' depends on axioms: [propext,
 Classical.choice,
 Quot.sound]
'GCOpenLinearDimensionReview.original_singleton_open_linear_dimension_zero' depends on axioms: [propext,
 Classical.choice,
 Quot.sound]
'GCOpenLinearDimensionReview.empty_open_set_requires_nonempty_guard' depends on axioms: [propext,
 Classical.choice,
 Quot.sound]
'GCPlaneDirectionPackingReview.original_translated_plane_open_ball_linear_dimension_two' depends on axioms: [propext,
 Classical.choice,
 Quot.sound]
