'DifferentialGeometry.Geometry.Comparison.Toponogov.exists_polynomial_net_of_nonnegative_comparison' depends on axioms: [propext,
 Classical.choice,
 Quot.sound]
'DifferentialGeometry.Geometry.Comparison.Toponogov.polynomial_nets_of_nonnegative_comparison' depends on axioms: [propext,
 Classical.choice,
 Quot.sound]
'IsometryEquiv.euclidean_factor_dimension_of_nonnegative_comparison' depends on axioms: [propext,
 Classical.choice,
 Quot.sound]
'IsometryEquiv.exists_pointed_euclidean_of_nonnegative_comparison' depends on axioms: [propext,
 Classical.choice,
 Quot.sound]
'IsometryEquiv.exists_product_model_of_nonnegative_comparison' depends on axioms: [propext,
 Classical.choice,
 Quot.sound]
'IsometryEquiv.exists_product_model_of_real_splitting_dimH_le_two' depends on axioms: [propext,
 Classical.choice,
 Quot.sound]
'DifferentialGeometry.Geometry.Comparison.Toponogov.exists_product_model_of_line_dimH_le_two' depends on axioms: [propext,
 Classical.choice,
 Quot.sound]
