'Metric.exists_isometric_segment_in_closedBall_of_half_perimeter_lt' depends on axioms: [propext,
 Classical.choice,
 Quot.sound]
'DifferentialGeometry.Geometry.Comparison.Toponogov.cradle_recurrence_deficit_and_arms_three_fifths' depends on axioms: [propext,
 Classical.choice,
 Quot.sound]
'DifferentialGeometry.Geometry.Comparison.Toponogov.tendsto_comparisonAngleNegCurvature_pi_of_cradle_recurrence_three_fifths' depends on axioms: [propext,
 Classical.choice,
 Quot.sound]
'DifferentialGeometry.Geometry.Comparison.Toponogov.tendsto_modelSideNegCurvature_deficit_of_cradle_recurrence_three_fifths' depends on axioms: [propext,
 Classical.choice,
 Quot.sound]
'DifferentialGeometry.Geometry.Comparison.Toponogov.le_modelSideNegCurvature_of_cradle_recurrence_three_fifths' depends on axioms: [propext,
 Classical.choice,
 Quot.sound]
'DifferentialGeometry.Geometry.Comparison.Toponogov.le_modelSideNegCurvature_of_cradle_steps_three_fifths' depends on axioms: [propext,
 Classical.choice,
 Quot.sound]
'Metric.exists_cradle_step_on_segment_three_fifths' depends on axioms: [propext, Classical.choice, Quot.sound]
'Metric.MinimizingHinge.exists_cradle_successor_of_modelSide_lt_three_fifths' depends on axioms: [propext,
 Classical.choice,
 Quot.sound]
'Metric.MinimizingHinge.modelSide_ge_dist_of_small_hinges_three_fifths' depends on axioms: [propext,
 Classical.choice,
 Quot.sound]
'Metric.MinimizingHinge.comparisonAngle_le_of_small_hinges_three_fifths' depends on axioms: [propext,
 Classical.choice,
 Quot.sound]
'DifferentialGeometry.Geometry.Comparison.Toponogov.endpointHingeComparison_enlarge_three_fifths' depends on axioms: [propext,
 Classical.choice,
 Quot.sound]
'Metric.MinimizingHinge.modelSide_ge_dist_of_complete_perimeter_budget_buffer' depends on axioms: [propext,
 Classical.choice,
 Quot.sound]
'Metric.MinimizingHinge.comparisonAngle_le_of_complete_perimeter_budget_buffer' depends on axioms: [propext,
 Classical.choice,
 Quot.sound]
'DifferentialGeometry.Geometry.Comparison.Toponogov.endpointHingeComparison_of_complete_perimeter_budget_buffer' depends on axioms: [propext,
 Classical.choice,
 Quot.sound]
'GCPerimeterBufferReview.actual_incomplete_interval_has_buffered_segment' depends on axioms: [propext,
 Classical.choice,
 Quot.sound]
'GCPerimeterBufferReview.ambient_not_complete' depends on axioms: [propext, Classical.choice, Quot.sound]
'GCPerimeterBufferReview.every_old_three_radius_buffer_is_incomplete' depends on axioms: [propext,
 Classical.choice,
 Quot.sound]
'GCCradleThreeFifthsReview.actual_recurrence_below_old_threshold' depends on axioms: [propext,
 Classical.choice,
 Quot.sound]
'GCCradleThreeFifthsReview.actual_short_angle_tends_to_pi' depends on axioms: [propext, Classical.choice, Quot.sound]
'GCCradleThreeFifthsReview.actual_model_side_bound' depends on axioms: [propext, Classical.choice, Quot.sound]
'GCCradleThreeFifthsReview.actual_state_space_consumer' depends on axioms: [propext, Classical.choice, Quot.sound]
'GCThreeFifthsCradleReview.actual_new_threshold_step' depends on axioms: [propext, Classical.choice, Quot.sound]
'GCThreeFifthsCradleReview.below_old_step_window' depends on axioms: [propext, Classical.choice, Quot.sound]
'GCPerimeterBudgetReview.strict_improvement_range' depends on axioms: [propext, Classical.choice, Quot.sound]
'GCPerimeterBudgetReview.original_real_hinge_in_new_range' depends on axioms: [propext, Classical.choice, Quot.sound]
'GCPerimeterBudgetReview.original_real_endpoint_comparison_in_new_range' depends on axioms: [propext,
 Classical.choice,
 Quot.sound]
'GCPerimeterBudgetReview.actual_three_fifths_step_on_original_segment' depends on axioms: [propext,
 Classical.choice,
 Quot.sound]
