'_private._stdin.0.GCRadialEndpointReview.exact_original_radial_family' depends on axioms: [propext,
 Classical.choice,
 Quot.sound]
'_private._stdin.0.GCRadialEndpointReview.empty_family' depends on axioms: [propext, Classical.choice, Quot.sound]
'_private._stdin.0.GCRadialEndpointReview.source_not_complete' depends on axioms: [propext,
 Classical.choice,
 Quot.sound]
'_private._stdin.0.GCRadialEndpointReview.source_pointed_convergence' depends on axioms: [propext,
 Classical.choice,
 Quot.sound]
'_private._stdin.0.GCRadialEndpointReview.pointed_exact_original_radial_family' depends on axioms: [propext,
 Classical.choice,
 Quot.sound]
'_private._stdin.0.GCRadialEndpointReview.pointed_empty_family' depends on axioms: [propext,
 Classical.choice,
 Quot.sound]
'_private._stdin.0.GCRadialEndpointReview.same_extracted_family_cross_limits' depends on axioms: [propext,
 Classical.choice,
 Quot.sound]
'GC.MetricGeometry.exists_calibrated_lines_of_opposite_radial_isometries' depends on axioms: [propext,
 Classical.choice,
 Quot.sound]
'GC.MetricGeometry.PointedGHConverges.exists_calibrated_lines_of_opposite_radial_isometries' depends on axioms: [propext,
 Classical.choice,
 Quot.sound]
'GC.MetricGeometry.PointedBallApprox.tendsto_dist_of_tendsto_images' depends on axioms: [propext,
 Classical.choice,
 Quot.sound]
'GC.MetricGeometry.tendsto_dist_IccExtend_of_converging_signed_prefixes' depends on axioms: [propext,
 Classical.choice,
 Quot.sound]
'GC.MetricGeometry.tendsto_comparisonAngle_IccExtend_of_converging_signed_prefixes' depends on axioms: [propext,
 Classical.choice,
 Quot.sound]
