'Metric.MinimizingHinge.modelSide_ge_dist_of_complete_refined_budget_buffer' depends on axioms: [propext,
 Classical.choice,
 Quot.sound]
'Metric.MinimizingHinge.comparisonAngle_le_of_complete_refined_budget_buffer' depends on axioms: [propext,
 Classical.choice,
 Quot.sound]
'DifferentialGeometry.Geometry.Comparison.Toponogov.endpointHingeComparison_of_complete_refined_budget_buffer' depends on axioms: [propext,
 Classical.choice,
 Quot.sound]
'DifferentialGeometry.Geometry.Comparison.Toponogov.comparisonAngleNegCurvature_le_of_cosh_interpolate' depends on axioms: [propext,
 Classical.choice,
 Quot.sound]
'DifferentialGeometry.Analysis.ODE.le_of_local_hyperbolic_midpoint' depends on axioms: [propext,
 Classical.choice,
 Quot.sound]
'DifferentialGeometry.Analysis.ODE.hyperbolicInterpolate' depends on axioms: [propext, Classical.choice, Quot.sound]
'DifferentialGeometry.Analysis.ODE.continuous_hyperbolicInterpolate' depends on axioms: [propext,
 Classical.choice,
 Quot.sound]
'DifferentialGeometry.Analysis.ODE.hyperbolicInterpolate_zero' depends on axioms: [propext,
 Classical.choice,
 Quot.sound]
'DifferentialGeometry.Analysis.ODE.hyperbolicInterpolate_right' depends on axioms: [propext,
 Classical.choice,
 Quot.sound]
'DifferentialGeometry.Analysis.ODE.hyperbolicInterpolate_midpoint' depends on axioms: [propext,
 Classical.choice,
 Quot.sound]
'DifferentialGeometry.Analysis.ODE.hyperbolicInterpolate_le_max' depends on axioms: [propext,
 Classical.choice,
 Quot.sound]
'DifferentialGeometry.Analysis.ODE.hyperbolicInterpolate_le_of_local_midpoint' depends on axioms: [propext,
 Classical.choice,
 Quot.sound]
'DifferentialGeometry.Analysis.ODE.hyperbolicInterpolate_eq_cosh' depends on axioms: [propext,
 Classical.choice,
 Quot.sound]
'DifferentialGeometry.Analysis.ODE.hyperbolic_quotient_le_of_interpolate_le' depends on axioms: [propext,
 Classical.choice,
 Quot.sound]
'GCRefinedBudgetReview.strict_improvement_range' depends on axioms: [propext, Classical.choice, Quot.sound]
'GCRefinedBudgetReview.original_real_hinge_in_new_range' depends on axioms: [propext, Classical.choice, Quot.sound]
'GCRefinedBudgetReview.original_real_endpoint_comparison_in_new_range' depends on axioms: [propext,
 Classical.choice,
 Quot.sound]
'GCHyperbolicMidpointReview.actual_tent_dominates_interpolant' depends on axioms: [propext,
 Classical.choice,
 Quot.sound]
'GCHyperbolicMidpointReview.mixed_sign_interpolant_exact_endpoints_and_midpoints' depends on axioms: [propext,
 Classical.choice,
 Quot.sound]
'GCHyperbolicMidpointReview.nonnegative_endpoint_maximum_is_necessary' depends on axioms: [propext,
 Classical.choice,
 Quot.sound]
'GCHyperbolicMidpointReview.zero_parameter_does_not_interpolate_nonzero_endpoint' depends on axioms: [propext,
 Classical.choice,
 Quot.sound]
'GCHyperbolicMidpointReview.actual_tent_quotient_bound' depends on axioms: [propext, Classical.choice, Quot.sound]
'GCHyperbolicInterpolationReview.actual_opposite_real_radial_points' depends on axioms: [propext,
 Classical.choice,
 Quot.sound]
'GCHyperbolicInterpolationReview.actual_same_ray_real_radial_points' depends on axioms: [propext,
 Classical.choice,
 Quot.sound]
'GCHyperbolicInterpolationReview.equal_radial_parameters_keep_opposite_sides_separate' depends on axioms: [propext,
 Classical.choice,
 Quot.sound]
