'GCScalarPrescribedCoordinatesReview.prescribed_whole_space' depends on axioms: [propext, Classical.choice, Quot.sound]
'GCScalarPrescribedCoordinatesReview.outside_coordinate_exact' depends on axioms: [propext,
 Classical.choice,
 Quot.sound]
'GCScalarPrescribedCoordinatesReview.outside_error_diverges' depends on axioms: [propext, Classical.choice, Quot.sound]
'GCScalarPrescribedCoordinatesReview.rank_zero_whole_space' depends on axioms: [propext, Classical.choice, Quot.sound]
'_private._stdin.0.GCSequentialSplittingReview.actual_sequence_one_axis' depends on axioms: [propext,
 Classical.choice,
 Quot.sound]
'_private._stdin.0.GCSequentialSplittingReview.actual_sequence_no_axes' depends on axioms: [propext,
 Classical.choice,
 Quot.sound]
'_private._stdin.0.GCSequentialSplittingReview.whole_source_folded_coordinate' depends on axioms: [propext,
 Classical.choice,
 Quot.sound]
'GC.MetricGeometry.eventually_prescribed_kleinerLott_approximation_of_component_convergence' depends on axioms: [propext,
 Classical.choice,
 Quot.sound]
'GC.MetricGeometry.eventually_distance_coordinates_kleinerLott_approximation' depends on axioms: [propext,
 Classical.choice,
 Quot.sound]
'GC.MetricGeometry.exists_subsequence_prescribed_kleinerLott_approximations_of_reciprocal_local_geometry' depends on axioms: [propext,
 Classical.choice,
 Quot.sound]
