'EuclideanSpace.regularSimplexVector' depends on axioms: [propext, Classical.choice, Quot.sound]
'EuclideanSpace.inner_regularSimplexVector' depends on axioms: [propext, Classical.choice, Quot.sound]
'EuclideanSpace.norm_regularSimplexVector' depends on axioms: [propext, Classical.choice, Quot.sound]
'EuclideanSpace.sum_regularSimplexVector_coord' depends on axioms: [propext, Classical.choice, Quot.sound]
'EuclideanSpace.angle_regularSimplexVector' depends on axioms: [propext, Classical.choice, Quot.sound]
'EuclideanSpace.regularSimplex_angle_margin' depends on axioms: [propext, Classical.choice, Quot.sound]
'EuclideanSpace.exists_regularSimplex' depends on axioms: [propext, Classical.choice, Quot.sound]
'EuclideanSpace.regularSimplex_perturbed_angle_margin' depends on axioms: [propext, Classical.choice, Quot.sound]
'DifferentialGeometry.Geometry.Comparison.Toponogov.exists_common_shortening_strut_of_dense_directions' depends on axioms: [propext,
 Classical.choice,
 Quot.sound]
'DifferentialGeometry.Geometry.Comparison.Toponogov.exists_ball_strut_margin' depends on axioms: [propext,
 Classical.choice,
 Quot.sound]
'DifferentialGeometry.Geometry.Comparison.Toponogov.exists_common_shortening_strut_neighborhood' depends on axioms: [propext,
 Classical.choice,
 Quot.sound]
'GCRegularSimplexReview.rank_one_antipodal_angle' depends on axioms: [propext, Classical.choice, Quot.sound]
'GCRegularSimplexReview.rank_two_off_diagonal_inner' depends on axioms: [propext, Classical.choice, Quot.sound]
'GCRegularSimplexReview.rank_two_unit_norm' depends on axioms: [propext, Classical.choice, Quot.sound]
'GCRegularSimplexReview.rank_zero_guard' depends on axioms: [propext, Classical.choice, Quot.sound]
'GCRegularSimplexReview.rank_two_exact_model' depends on axioms: [propext, Classical.choice, Quot.sound]
'GCRegularSimplexReview.dimension_three_margin' depends on axioms: [propext, Classical.choice, Quot.sound]
'GCSimplexShorteningReview.original_translated_opposite_paths_have_arbitrarily_small_struts' depends on axioms: [propext,
 Classical.choice,
 Quot.sound]
'GCSimplexShorteningReview.original_translated_paths_have_same_anchor_neighborhoods' depends on axioms: [propext,
 Classical.choice,
 Quot.sound]
'GCStrutVertexReview.actual_collinear_strut_vertex_stability' depends on axioms: [propext, Classical.choice, Quot.sound]
