'_private._stdin.0.GCAC80Review.nonzero_joint_repairs' depends on axioms: [propext, Classical.choice, Quot.sound]
'_private._stdin.0.GCAC80Review.bumped_equal_rank_recentered_compatibility' depends on axioms: [propext,
 Classical.choice,
 Quot.sound]
'_private._stdin.0.GCAC80Review.repeated_center_arguments_away_from_source_center' depends on axioms: [propext,
 Classical.choice,
 Quot.sound]
'_private._stdin.0.GCAC80Review.original_recentered_maps_compatible' depends on axioms: [propext,
 Classical.choice,
 Quot.sound]
'GC.MetricGeometry.KleinerLottApprox.mapTargetIsometry' depends on axioms: [propext, Classical.choice, Quot.sound]
'GC.MetricGeometry.KleinerLottApprox.mapTargetIsometry_apply' depends on axioms: [propext, Classical.choice, Quot.sound]
'GC.MetricGeometry.KleinerLottApprox.mapTargetIsometryAt' depends on axioms: [propext, Classical.choice, Quot.sound]
'GC.MetricGeometry.KleinerLottApprox.mapTargetIsometryAt_apply' depends on axioms: [propext,
 Classical.choice,
 Quot.sound]
'GC.MetricGeometry.KleinerLottApprox.comapSourceIsometryAt' depends on axioms: [propext, Classical.choice, Quot.sound]
'GC.MetricGeometry.KleinerLottApprox.comapSourceIsometryAt_apply' depends on axioms: [propext,
 Classical.choice,
 Quot.sound]
'GC.MetricGeometry.KleinerLottApprox.comapSourceIsometry' depends on axioms: [propext, Classical.choice, Quot.sound]
'GC.MetricGeometry.KleinerLottApprox.comapSourceIsometry_apply' depends on axioms: [propext,
 Classical.choice,
 Quot.sound]
'GC.MetricGeometry.KleinerLottApprox.recenterEuclidean' depends on axioms: [propext, Classical.choice, Quot.sound]
'GC.MetricGeometry.KleinerLottApprox.recenterEuclidean_apply' depends on axioms: [propext, Classical.choice, Quot.sound]
'GC.MetricGeometry.exists_recentered_splitting_compatibility_witnesses' depends on axioms: [propext,
 Classical.choice,
 Quot.sound]
'GC.MetricGeometry.SplittingCompatible.recenterEuclidean' depends on axioms: [propext, Classical.choice, Quot.sound]
'GCNormalizedSplittingRecenteringReview.incomplete_source_rank_one_actual_recenter' depends on axioms: [propext,
 Classical.choice,
 Quot.sound]
'GCNormalizedSplittingRecenteringReview.rank_zero_actual_recenter' depends on axioms: [propext,
 Classical.choice,
 Quot.sound]
