'_private._stdin.0.GCAC75KernelReview.shared_factor_not_complete' depends on axioms: [propext,
 Classical.choice,
 Quot.sound]
'_private._stdin.0.GCAC75KernelReview.actual_whole_factor_approximation' depends on axioms: [propext,
 Classical.choice,
 Quot.sound]
'_private._stdin.0.GCAC75TransferReview.full_sequence_reversed_coordinate_transfer' depends on axioms: [propext,
 Classical.choice,
 Quot.sound]
'GC.MetricGeometry.PointedBallApprox.toKleinerLottOfSmallError' depends on axioms: [propext,
 Classical.choice,
 Quot.sound]
'GC.MetricGeometry.PointedBallApprox.toKleinerLottOfSmallError_apply' depends on axioms: [propext,
 Classical.choice,
 Quot.sound]
'GC.MetricGeometry.exists_factor_transfer_approximation' depends on axioms: [propext, Classical.choice, Quot.sound]
'GC.MetricGeometry.exists_factor_transfer_kleinerLott_approximation' depends on axioms: [propext,
 Classical.choice,
 Quot.sound]
'GC.MetricGeometry.eventually_exists_compatibility_map_of_full_product_convergence' depends on axioms: [propext,
 Classical.choice,
 Quot.sound]
'GC.MetricGeometry.eventually_splittingCompatible_of_full_product_convergence' depends on axioms: [propext,
 Classical.choice,
 Quot.sound]
