'Metric.eventually_pointedBallApprox_tangent_of_local_radial_control' depends on axioms: [propext,
 Classical.choice,
 Quot.sound]
'Metric.eventually_pointedBallApprox_tangent_of_intrinsic_8_buffer' depends on axioms: [propext,
 Classical.choice,
 Quot.sound]
'Metric.pointedGHConverges_tangent_of_intrinsic_8_buffer' depends on axioms: [propext, Classical.choice, Quot.sound]
'DifferentialGeometry.Geometry.Comparison.Toponogov.eventually_fourPointComparison_rescale_of_local' depends on axioms: [propext,
 Classical.choice,
 Quot.sound]
'Metric.tangent_geometry_of_intrinsic_8_buffer' depends on axioms: [propext, Classical.choice, Quot.sound]
'DifferentialGeometry.Geometry.Comparison.Toponogov.tangent_geometry_and_blowup_of_local_comparison_and_dimH' depends on axioms: [propext,
 Classical.choice,
 Quot.sound]
'DifferentialGeometry.Geometry.Comparison.Toponogov.tangent_geometry_and_blowup_of_intrinsic_eight_comparison_and_dimH' depends on axioms: [propext,
 Classical.choice,
 Quot.sound]
'GCDirectionSpaceReview.actual_real_noncentral_point_full_sequence_tangent' depends on axioms: [propext,
 Classical.choice,
 Quot.sound]
'GCDirectionSpaceReview.actual_real_arbitrary_blowup_radius' depends on axioms: [propext, Classical.choice, Quot.sound]
'GCDirectionSpaceReview.actual_singleton_empty_directions_full_sequence_tangent' depends on axioms: [propext,
 Classical.choice,
 Quot.sound]
'GCDirectionSpaceReview.actual_real_noncentral_tangent_nonnegative_geodesic' depends on axioms: [propext,
 Classical.choice,
 Quot.sound]
'GCDirectionSpaceReview.actual_real_opposite_radius_two_three_segment' depends on axioms: [propext,
 Classical.choice,
 Quot.sound]
'GCDirectionSpaceReview.actual_singleton_empty_tangent_nonnegative_geodesic' depends on axioms: [propext,
 Classical.choice,
 Quot.sound]
'GCDirectionSpaceReview.actual_real_original_eight_tangent_outside_halfball' depends on axioms: [propext,
 Classical.choice,
 Quot.sound]
'GCDirectionSpaceReview.actual_real_unbounded_open_region_tangent' depends on axioms: [propext,
 Classical.choice,
 Quot.sound]
'GCDirectionSpaceReview.actual_singleton_original_eight_all_tangent_outputs' depends on axioms: [propext,
 Classical.choice,
 Quot.sound]
'GCRescaledLocalComparisonReview.translated_real_all_nonnegative_curvatures' depends on axioms: [propext,
 Classical.choice,
 Quot.sound]
'GCRescaledLocalComparisonReview.translated_real_curvature_zero' depends on axioms: [propext,
 Classical.choice,
 Quot.sound]
