'GC.MetricGeometry.TwoRayConeData' depends on axioms: [propext, Classical.choice, Quot.sound]
'GC.MetricGeometry.TwoRayConeData.dist_apex' depends on axioms: [propext, Classical.choice, Quot.sound]
'GC.MetricGeometry.TwoRayConeData.chosenRay' depends on axioms: [propext, Classical.choice, Quot.sound]
'GC.MetricGeometry.TwoRayConeData.chosenRay_mem' depends on axioms: [propext, Classical.choice, Quot.sound]
'GC.MetricGeometry.TwoRayConeData.chosenRay_through' depends on axioms: [propext, Classical.choice, Quot.sound]
'GC.MetricGeometry.TwoRayConeData.toRadialConeData' depends on axioms: [propext, Classical.choice, Quot.sound]
'GC.MetricGeometry.RadialConeData.unitRay_pair_distance' depends on axioms: [propext, Classical.choice, Quot.sound]
'GC.MetricGeometry.RadialConeData.toTwoRayConeData' depends on axioms: [propext, Classical.choice, Quot.sound]
'GC.MetricGeometry.nonempty_radialConeData_iff_twoRayConeData' depends on axioms: [propext,
 Classical.choice,
 Quot.sound]
'GC.MetricGeometry.TwoRayConeData.exists_pair_union_isometry' depends on axioms: [propext, Classical.choice, Quot.sound]
'GC.MetricGeometry.TwoRayConeData.ofPairUnionIsometries' depends on axioms: [propext, Classical.choice, Quot.sound]
'GC.MetricGeometry.TwoRayConeData.ray_eq_unitRay' depends on axioms: [propext, Classical.choice, Quot.sound]
'GC.MetricGeometry.TwoRayConeData.rays_eq_of_meet' depends on axioms: [propext, Classical.choice, Quot.sound]
'GC.MetricGeometry.TwoRayConeData.toRadialConeData_map_ray' depends on axioms: [propext, Classical.choice, Quot.sound]
'GC.MetricGeometry.TwoRayConeData.mem_rays_iff' depends on axioms: [propext, Classical.choice, Quot.sound]
'GC.MetricGeometry.TwoRayConeData.not_subsingleton' depends on axioms: [propext, Classical.choice, Quot.sound]
'GC.MetricGeometry.RadialConeData.toTwoRayConeData_toRadialConeData_map' depends on axioms: [propext,
 Classical.choice,
 Quot.sound]
'GC.MetricGeometry.RadialConeData.ofSubsingleton' depends on axioms: [propext, Classical.choice, Quot.sound]
'GC.MetricGeometry.nonempty_radialConeData_iff_subsingleton_or_twoRayConeData' depends on axioms: [propext,
 Classical.choice,
 Quot.sound]
'GCTwoRayConventionReview.halfline_constructed_scaling' depends on axioms: [propext, Classical.choice, Quot.sound]
'GCTwoRayConventionReview.halfline_positive_scale_regression' depends on axioms: [propext, Classical.choice, Quot.sound]
'GCTwoRayConventionReview.coincident_pair_has_onto_union_realization' depends on axioms: [propext,
 Classical.choice,
 Quot.sound]
'GCTwoRayConventionReview.halfline_has_only_the_original_unit_ray' depends on axioms: [propext,
 Classical.choice,
 Quot.sound]
'GCTwoRayConventionReview.singleton_convention_is_separate' depends on axioms: [propext, Classical.choice, Quot.sound]
'GCTwoRayConventionReview.opposite_ray_scaling_regression' depends on axioms: [propext, Classical.choice, Quot.sound]
'GCTwoRayConventionReview.positive_and_negative_rays_are_distinct' depends on axioms: [propext,
 Classical.choice,
 Quot.sound]
'GCTwoRayConventionReview.opposite_pair_has_onto_union_realization' depends on axioms: [propext,
 Classical.choice,
 Quot.sound]
'GCTwoRayConventionReview.original_ray_scaling_from_union_isometries' depends on axioms: [propext,
 Classical.choice,
 Quot.sound]
'GCTwoRayConventionReview.translated_radial_roundtrip_everywhere' depends on axioms: [propext,
 Classical.choice,
 Quot.sound]
'GCTwoRayConventionReview.translated_radial_roundtrip_numeric' depends on axioms: [propext,
 Classical.choice,
 Quot.sound]
