'DifferentialGeometry.Geometry.Comparison.Toponogov.side_le_sinh_mul_comparisonAngle_one' depends on axioms: [propext,
 Classical.choice,
 Quot.sound]
'DifferentialGeometry.Geometry.Comparison.Toponogov.dist_same_radius_le_mul_dist_direction_of_intrinsic_8_buffer' depends on axioms: [propext,
 Classical.choice,
 Quot.sound]
'Metric.exists_finite_representative_net_with_common_length' depends on axioms: [propext, Classical.choice, Quot.sound]
'GCPlaneDirectionPackingReview.actual_noncollinear_same_original_ray_bound' depends on axioms: [propext,
 Classical.choice,
 Quot.sound]
'GCPlaneDirectionPackingReview.actual_identical_same_original_ray_boundary' depends on axioms: [propext,
 Classical.choice,
 Quot.sound]
'GCPlaneDirectionPackingReview.actual_opposite_same_original_ray_boundary' depends on axioms: [propext,
 Classical.choice,
 Quot.sound]
'GCPlaneDirectionPackingReview.actual_scalar_equal_leg_boundary_and_interior' depends on axioms: [propext,
 Classical.choice,
 Quot.sound]
'GCDirectionSpaceReview.actual_empty_direction_net_positive_cutoff' depends on axioms: [propext,
 Classical.choice,
 Quot.sound]
'GCDirectionSpaceReview.actual_real_representative_net_two_members_positive_cutoff' depends on axioms: [propext,
 Classical.choice,
 Quot.sound]
'GCPlaneDirectionPackingReview.actual_plane_representative_net_three_members_positive_cutoff' depends on axioms: [propext,
 Classical.choice,
 Quot.sound]
