DifferentialGeometry.Analysis.hasCompactSupport_fderiv_of_constant_tails.{u_1} {H : Type u_1} [NormedAddCommGroup H]
  [NormedSpace ℝ H] {f : ℝ → H} {a b : ℝ} {cl cr : H} (hl : ∀ x ≤ a, f x = cl) (hr : ∀ (x : ℝ), b ≤ x → f x = cr) :
  HasCompactSupport (fderiv ℝ f)
'DifferentialGeometry.Analysis.hasCompactSupport_fderiv_of_constant_tails' depends on axioms: [propext,
 Classical.choice,
 Quot.sound]
DifferentialGeometry.Analysis.exists_derivative_bounds_of_constant_tails.{u_1} {H : Type u_1} [NormedAddCommGroup H]
  [NormedSpace ℝ H] {f : ℝ → H} (hf : ContDiff ℝ 2 f) {a b : ℝ} {cl cr : H} (hl : ∀ x ≤ a, f x = cl)
  (hr : ∀ (x : ℝ), b ≤ x → f x = cr) :
  ∃ P, 1 ≤ P ∧ (∀ (x : ℝ), ‖fderiv ℝ f x‖ ≤ P) ∧ ∀ (x : ℝ), ‖fderiv ℝ (fderiv ℝ f) x‖ ≤ P
'DifferentialGeometry.Analysis.exists_derivative_bounds_of_constant_tails' depends on axioms: [propext,
 Classical.choice,
 Quot.sound]
DifferentialGeometry.Analysis.descendingIntervalProfile (a b x : ℝ) : ℝ
'DifferentialGeometry.Analysis.descendingIntervalProfile' depends on axioms: [propext, Classical.choice, Quot.sound]
DifferentialGeometry.Analysis.intervalPlateauProfile (a b c d x : ℝ) : ℝ
'DifferentialGeometry.Analysis.intervalPlateauProfile' depends on axioms: [propext, Classical.choice, Quot.sound]
DifferentialGeometry.Analysis.contDiff_descendingIntervalProfile (a b : ℝ) :
  ContDiff ℝ (↑⊤) (DifferentialGeometry.Analysis.descendingIntervalProfile a b)
'DifferentialGeometry.Analysis.contDiff_descendingIntervalProfile' depends on axioms: [propext,
 Classical.choice,
 Quot.sound]
DifferentialGeometry.Analysis.descendingIntervalProfile_mem_Icc (a b x : ℝ) :
  DifferentialGeometry.Analysis.descendingIntervalProfile a b x ∈ Set.Icc 0 1
'DifferentialGeometry.Analysis.descendingIntervalProfile_mem_Icc' depends on axioms: [propext,
 Classical.choice,
 Quot.sound]
DifferentialGeometry.Analysis.descendingIntervalProfile_one {a b x : ℝ} (hab : a < b) (hx : x ≤ a) :
  DifferentialGeometry.Analysis.descendingIntervalProfile a b x = 1
'DifferentialGeometry.Analysis.descendingIntervalProfile_one' depends on axioms: [propext, Classical.choice, Quot.sound]
DifferentialGeometry.Analysis.descendingIntervalProfile_zero {a b x : ℝ} (hab : a < b) (hx : b ≤ x) :
  DifferentialGeometry.Analysis.descendingIntervalProfile a b x = 0
'DifferentialGeometry.Analysis.descendingIntervalProfile_zero' depends on axioms: [propext,
 Classical.choice,
 Quot.sound]
DifferentialGeometry.Analysis.antitone_descendingIntervalProfile {a b : ℝ} (hab : a < b) :
  Antitone (DifferentialGeometry.Analysis.descendingIntervalProfile a b)
'DifferentialGeometry.Analysis.antitone_descendingIntervalProfile' depends on axioms: [propext,
 Classical.choice,
 Quot.sound]
DifferentialGeometry.Analysis.contDiff_intervalPlateauProfile (a b c d : ℝ) :
  ContDiff ℝ (↑⊤) (DifferentialGeometry.Analysis.intervalPlateauProfile a b c d)
'DifferentialGeometry.Analysis.contDiff_intervalPlateauProfile' depends on axioms: [propext,
 Classical.choice,
 Quot.sound]
DifferentialGeometry.Analysis.intervalPlateauProfile_mem_Icc (a b c d x : ℝ) :
  DifferentialGeometry.Analysis.intervalPlateauProfile a b c d x ∈ Set.Icc 0 1
'DifferentialGeometry.Analysis.intervalPlateauProfile_mem_Icc' depends on axioms: [propext,
 Classical.choice,
 Quot.sound]
DifferentialGeometry.Analysis.intervalPlateauProfile_zero_left {a b c d x : ℝ} (hab : a < b) (hx : x ≤ a) :
  DifferentialGeometry.Analysis.intervalPlateauProfile a b c d x = 0
'DifferentialGeometry.Analysis.intervalPlateauProfile_zero_left' depends on axioms: [propext,
 Classical.choice,
 Quot.sound]
DifferentialGeometry.Analysis.intervalPlateauProfile_zero_right {a b c d x : ℝ} (hcd : c < d) (hx : d ≤ x) :
  DifferentialGeometry.Analysis.intervalPlateauProfile a b c d x = 0
'DifferentialGeometry.Analysis.intervalPlateauProfile_zero_right' depends on axioms: [propext,
 Classical.choice,
 Quot.sound]
DifferentialGeometry.Analysis.intervalPlateauProfile_one {a b c d x : ℝ} (hab : a < b) (hcd : c < d)
  (hx : x ∈ Set.Icc b c) : DifferentialGeometry.Analysis.intervalPlateauProfile a b c d x = 1
'DifferentialGeometry.Analysis.intervalPlateauProfile_one' depends on axioms: [propext, Classical.choice, Quot.sound]
DifferentialGeometry.Analysis.tsupport_intervalPlateauProfile_subset {a b c d : ℝ} (hab : a < b) (hcd : c < d) :
  tsupport (DifferentialGeometry.Analysis.intervalPlateauProfile a b c d) ⊆ Set.Icc a d
'DifferentialGeometry.Analysis.tsupport_intervalPlateauProfile_subset' depends on axioms: [propext,
 Classical.choice,
 Quot.sound]
DifferentialGeometry.Analysis.edgeCoordinateProfile : ℝ → ℝ
'DifferentialGeometry.Analysis.edgeCoordinateProfile' depends on axioms: [propext, Classical.choice, Quot.sound]
DifferentialGeometry.Analysis.edgeHeightProfile : ℝ → ℝ
'DifferentialGeometry.Analysis.edgeHeightProfile' depends on axioms: [propext, Classical.choice, Quot.sound]
DifferentialGeometry.Analysis.jointHeightProfile : ℝ → ℝ
'DifferentialGeometry.Analysis.jointHeightProfile' depends on axioms: [propext, Classical.choice, Quot.sound]
DifferentialGeometry.Analysis.edgeSumProfile (x : ℝ) : ℝ
'DifferentialGeometry.Analysis.edgeSumProfile' depends on axioms: [propext, Classical.choice, Quot.sound]
DifferentialGeometry.Analysis.edgeProfiles_contDiff :
  ContDiff ℝ (↑⊤) DifferentialGeometry.Analysis.edgeCoordinateProfile ∧
    ContDiff ℝ (↑⊤) DifferentialGeometry.Analysis.edgeHeightProfile ∧
      ContDiff ℝ (↑⊤) DifferentialGeometry.Analysis.jointHeightProfile ∧
        ContDiff ℝ (↑⊤) DifferentialGeometry.Analysis.edgeSumProfile
'DifferentialGeometry.Analysis.edgeProfiles_contDiff' depends on axioms: [propext, Classical.choice, Quot.sound]
DifferentialGeometry.Analysis.edgeProfiles_mem_Icc (x : ℝ) :
  DifferentialGeometry.Analysis.edgeCoordinateProfile x ∈ Set.Icc 0 1 ∧
    DifferentialGeometry.Analysis.edgeHeightProfile x ∈ Set.Icc 0 1 ∧
      DifferentialGeometry.Analysis.jointHeightProfile x ∈ Set.Icc 0 1 ∧
        DifferentialGeometry.Analysis.edgeSumProfile x ∈ Set.Icc 0 1
'DifferentialGeometry.Analysis.edgeProfiles_mem_Icc' depends on axioms: [propext, Classical.choice, Quot.sound]
DifferentialGeometry.Analysis.edgeProfiles_support :
  tsupport DifferentialGeometry.Analysis.edgeCoordinateProfile ⊆ Set.Icc (-9) 9 ∧
    tsupport DifferentialGeometry.Analysis.jointHeightProfile ⊆ Set.Icc (1 / 5) 9
'DifferentialGeometry.Analysis.edgeProfiles_support' depends on axioms: [propext, Classical.choice, Quot.sound]
DifferentialGeometry.Analysis.edgeSumProfile_zero {x : ℝ} (hx : x ≤ 1 / 2) :
  DifferentialGeometry.Analysis.edgeSumProfile x = 0
'DifferentialGeometry.Analysis.edgeSumProfile_zero' depends on axioms: [propext, Classical.choice, Quot.sound]
DifferentialGeometry.Analysis.edgeSumProfile_one {x : ℝ} (hx : 1 ≤ x) :
  DifferentialGeometry.Analysis.edgeSumProfile x = 1
'DifferentialGeometry.Analysis.edgeSumProfile_one' depends on axioms: [propext, Classical.choice, Quot.sound]
DifferentialGeometry.Analysis.edgeProfiles_low_height {x : ℝ} (hx : x < 3 / 20) :
  DifferentialGeometry.Analysis.edgeHeightProfile x = 1 ∧ DifferentialGeometry.Analysis.jointHeightProfile x = 0
'DifferentialGeometry.Analysis.edgeProfiles_low_height' depends on axioms: [propext, Classical.choice, Quot.sound]
DifferentialGeometry.Analysis.edgeProfiles_plateaus {x : ℝ} :
  (x ∈ Set.Icc (-8) 8 → DifferentialGeometry.Analysis.edgeCoordinateProfile x = 1) ∧
    (x ∈ Set.Icc (3 / 10) 8 → DifferentialGeometry.Analysis.jointHeightProfile x = 1)
'DifferentialGeometry.Analysis.edgeProfiles_plateaus' depends on axioms: [propext, Classical.choice, Quot.sound]
DifferentialGeometry.Analysis.exists_edgeProfiles_derivative_bounds :
  ∃ P,
    1 ≤ P ∧
      ∀
        f ∈
          {DifferentialGeometry.Analysis.edgeCoordinateProfile, DifferentialGeometry.Analysis.edgeHeightProfile,
            DifferentialGeometry.Analysis.jointHeightProfile, DifferentialGeometry.Analysis.edgeSumProfile},
        (∀ (x : ℝ), ‖fderiv ℝ f x‖ ≤ P) ∧ ∀ (x : ℝ), ‖fderiv ℝ (fderiv ℝ f) x‖ ≤ P
'DifferentialGeometry.Analysis.exists_edgeProfiles_derivative_bounds' depends on axioms: [propext,
 Classical.choice,
 Quot.sound]
DifferentialGeometry.Analysis.edgeProfileDerivativeBound : ℝ
'DifferentialGeometry.Analysis.edgeProfileDerivativeBound' depends on axioms: [propext, Classical.choice, Quot.sound]
DifferentialGeometry.Analysis.edgeProfileDerivativeBound_ge_one :
  1 ≤ DifferentialGeometry.Analysis.edgeProfileDerivativeBound
'DifferentialGeometry.Analysis.edgeProfileDerivativeBound_ge_one' depends on axioms: [propext,
 Classical.choice,
 Quot.sound]
DifferentialGeometry.Analysis.edgeProfiles_derivative_le {f : ℝ → ℝ}
  (hf :
    f ∈
      {DifferentialGeometry.Analysis.edgeCoordinateProfile, DifferentialGeometry.Analysis.edgeHeightProfile,
        DifferentialGeometry.Analysis.jointHeightProfile, DifferentialGeometry.Analysis.edgeSumProfile}) :
  (∀ (x : ℝ), ‖fderiv ℝ f x‖ ≤ DifferentialGeometry.Analysis.edgeProfileDerivativeBound) ∧
    ∀ (x : ℝ), ‖fderiv ℝ (fderiv ℝ f) x‖ ≤ DifferentialGeometry.Analysis.edgeProfileDerivativeBound
'DifferentialGeometry.Analysis.edgeProfiles_derivative_le' depends on axioms: [propext, Classical.choice, Quot.sound]
DifferentialGeometry.Analysis.fixedJointCutoffNetwork.{u_1, u_2} {E : Type u_1} {ι : Type u_2} [NormedAddCommGroup E]
  [NormedSpace ℝ E] [Fintype ι] (Δ : ℝ) (s : ι → ℝ) (u : ι → E →L[ℝ] ℝ) (v : E →L[ℝ] ℝ) :
  E → PiLp 2 fun x ↦ WithLp 2 (ℝ × ℝ)
'DifferentialGeometry.Analysis.fixedJointCutoffNetwork' depends on axioms: [propext, Classical.choice, Quot.sound]
DifferentialGeometry.Analysis.contDiff_fixedJointCutoffNetwork.{u_1, u_2} {E : Type u_1} {ι : Type u_2}
  [NormedAddCommGroup E] [NormedSpace ℝ E] [Fintype ι] (Δ : ℝ) (s : ι → ℝ) (u : ι → E →L[ℝ] ℝ) (v : E →L[ℝ] ℝ) :
  ContDiff ℝ (↑⊤) (DifferentialGeometry.Analysis.fixedJointCutoffNetwork Δ s u v)
'DifferentialGeometry.Analysis.contDiff_fixedJointCutoffNetwork' depends on axioms: [propext,
 Classical.choice,
 Quot.sound]
DifferentialGeometry.Analysis.fixedJointCutoffNetwork_bounds.{u_1, u_2} {E : Type u_1} {ι : Type u_2}
  [NormedAddCommGroup E] [NormedSpace ℝ E] [Fintype ι] {Δ : ℝ} (hΔ : 1 ≤ Δ) (s : ι → ℝ)
  (hs : ∀ (i : ι), s i ∈ Set.Icc (1 / 2) 2) (u : ι → E →L[ℝ] ℝ) (v : E →L[ℝ] ℝ) (hu : ∀ (i : ι), ‖u i‖ ≤ 1)
  (hv : ‖v‖ ≤ 1) (x : E) :
  have N := ↑(Fintype.card ι) + 1;
  have K := 10 * N ^ 2 * DifferentialGeometry.Analysis.edgeProfileDerivativeBound ^ 3;
  ‖DifferentialGeometry.Analysis.fixedJointCutoffNetwork Δ s u v x‖ ≤ 20 * √N * Δ ∧
    ‖fderiv ℝ (DifferentialGeometry.Analysis.fixedJointCutoffNetwork Δ s u v) x‖ ≤ √N * (2 + 20 * K) ∧
      ‖fderiv ℝ (fderiv ℝ (DifferentialGeometry.Analysis.fixedJointCutoffNetwork Δ s u v)) x‖ ≤ 24 * √N * K / Δ
'DifferentialGeometry.Analysis.fixedJointCutoffNetwork_bounds' depends on axioms: [propext,
 Classical.choice,
 Quot.sound]
DifferentialGeometry.Analysis.fixedJointCutoffNetwork_c1_comp_sub_le.{u_1, u_2, u_3} {E : Type u_1} {ι : Type u_2}
  [NormedAddCommGroup E] [NormedSpace ℝ E] [Fintype ι] {Δ : ℝ} (hΔ : 1 ≤ Δ) (s : ι → ℝ)
  (hs : ∀ (i : ι), s i ∈ Set.Icc (1 / 2) 2) (u : ι → E →L[ℝ] ℝ) (v : E →L[ℝ] ℝ) (hu : ∀ (i : ι), ‖u i‖ ≤ 1)
  (hv : ‖v‖ ≤ 1) {X : Type u_3} [NormedAddCommGroup X] [NormedSpace ℝ X] {U V : X → E} {x : X}
  (hU : DifferentiableAt ℝ U x) (hV : DifferentiableAt ℝ V x) {ε L₀ : ℝ} (hε : 0 ≤ ε) (hL₀ : 0 ≤ L₀)
  (hclose : ‖U x - V x‖ ≤ ε) (hDclose : ‖fderiv ℝ U x - fderiv ℝ V x‖ ≤ ε) (hDV : ‖fderiv ℝ V x‖ ≤ L₀) :
  have N := ↑(Fintype.card ι) + 1;
  have K := 10 * N ^ 2 * DifferentialGeometry.Analysis.edgeProfileDerivativeBound ^ 3;
  have W := DifferentialGeometry.Analysis.fixedJointCutoffNetwork Δ s u v;
  max ‖W (U x) - W (V x)‖ ‖fderiv ℝ (W ∘ U) x - fderiv ℝ (W ∘ V) x‖ ≤ (√N * (2 + 20 * K) + 24 * √N * K / Δ * L₀) * ε
'DifferentialGeometry.Analysis.fixedJointCutoffNetwork_c1_comp_sub_le' depends on axioms: [propext,
 Classical.choice,
 Quot.sound]
DifferentialGeometry.Analysis.fixedJointCutoffNetwork_low_height.{u_1, u_2} {E : Type u_1} {ι : Type u_2}
  [NormedAddCommGroup E] [NormedSpace ℝ E] [Fintype ι] {Δ : ℝ} (hΔ : 0 < Δ) (s : ι → ℝ) (u : ι → E →L[ℝ] ℝ)
  (v : E →L[ℝ] ℝ) {x : E} (hx : v x < 3 * Δ / 20) :
  (DifferentialGeometry.Analysis.fixedJointCutoffNetwork Δ s u v x).ofLp none = 0 ∧
    ∀ (i : ι),
      (DifferentialGeometry.Analysis.fixedJointCutoffNetwork Δ s u v x).ofLp (some i) =
        WithLp.toLp 2
          (s i * ((u i) x * DifferentialGeometry.Analysis.edgeCoordinateProfile (Δ⁻¹ * (u i) x)),
            s i * DifferentialGeometry.Analysis.edgeCoordinateProfile (Δ⁻¹ * (u i) x))
'DifferentialGeometry.Analysis.fixedJointCutoffNetwork_low_height' depends on axioms: [propext,
 Classical.choice,
 Quot.sound]
