DifferentialGeometry.Analysis.norm_displacement_le_of_derivative_comparison.{u_1} {E : Type u_1} [NormedAddCommGroup E]
  [NormedSpace ℝ E] {P : E → E} {s : Set E} (hs : Convex ℝ s) (hP : ∀ z ∈ s, DifferentiableAt ℝ P z) (Q : E →L[ℝ] E)
  (hQ : ‖Q - ContinuousLinearMap.id ℝ E‖ ≤ 1) {ε : ℝ} (hderiv : ∀ z ∈ s, ‖fderiv ℝ P z - Q‖ ≤ ε) {x y : E} (hx : x ∈ s)
  (hy : y ∈ s) : ‖P y - y‖ ≤ ‖P x - x‖ + (1 + ε) * ‖y - x‖
'DifferentialGeometry.Analysis.norm_displacement_le_of_derivative_comparison' depends on axioms: [propext,
 Classical.choice,
 Quot.sound]
DifferentialGeometry.Analysis.perturbed_projection_on_original_ball.{u_1} {E : Type u_1} [NormedAddCommGroup E]
  [NormedSpace ℝ E] {P : E → E} {x y : E} {ρ σ r ε e : ℝ} (hρ : 0 < ρ) (hσ : 0 < σ) (hε : 0 ≤ ε)
  (hrlo : 3 / 5 * σ * ρ ≤ r) (hrhi : r ≤ 5 / 3 * σ * ρ) (he : e ≤ 3 * σ / 10) (hxy : ‖y - x‖ ≤ e * ρ) (Q : E →L[ℝ] E)
  (hQ : ‖Q - ContinuousLinearMap.id ℝ E‖ ≤ 1) (hP : ∀ z ∈ Metric.ball x r, DifferentiableAt ℝ P z)
  (hderiv : ∀ z ∈ Metric.ball x r, ‖fderiv ℝ P z - Q‖ ≤ ε) (hbase : ‖P x - x‖ ≤ ε * r) :
  ‖y - x‖ ≤ r / 2 ∧
    Metric.ball y (r / 2) ⊆ Metric.ball x r ∧
      segment ℝ x y ⊆ Metric.ball x r ∧ ‖P y - y‖ ≤ (5 / 3 * ε * σ + (1 + ε) * e) * ρ
'DifferentialGeometry.Analysis.perturbed_projection_on_original_ball' depends on axioms: [propext,
 Classical.choice,
 Quot.sound]
DifferentialGeometry.Analysis.cutoff_adjustment_value_derivative_le.{u_1, u_2} {E : Type u_1} {H : Type u_2}
  [NormedAddCommGroup E] [NormedSpace ℝ E] [NormedAddCommGroup H] [NormedSpace ℝ H] {f : E → H} {ψ : H → ℝ} {v : H → H}
  {x : E} (hf : DifferentiableAt ℝ f x) (hψ : DifferentiableAt ℝ ψ (f x)) (hv : DifferentiableAt ℝ v (f x))
  {a b L c ρ : ℝ} (hb : 0 ≤ b) (hL : 0 ≤ L) (hρ : 0 < ρ) (hcutoff : 0 ≤ ψ (f x) ∧ ψ (f x) ≤ 1)
  (hvalue : ‖v (f x)‖ ≤ a * ρ) (hcutoffDeriv : ‖fderiv ℝ ψ (f x)‖ ≤ b / ρ) (hfirst : ‖fderiv ℝ f x‖ ≤ L)
  (hcomposite : ‖fderiv ℝ v (f x) ∘SL fderiv ℝ f x‖ ≤ c) :
  have g := fun y ↦ f y + ψ (f y) • v (f y);
  ‖g x - f x‖ ≤ a * ρ ∧ ‖fderiv ℝ g x - fderiv ℝ f x‖ ≤ a * b * L + c
'DifferentialGeometry.Analysis.cutoff_adjustment_value_derivative_le' depends on axioms: [propext,
 Classical.choice,
 Quot.sound]
DifferentialGeometry.Analysis.projected_cutoff_adjustment_value_derivative_le.{u_1, u_2, u_3} {E : Type u_1}
  {H : Type u_2} [NormedAddCommGroup E] [NormedSpace ℝ E] [NormedAddCommGroup H] [NormedSpace ℝ H] {F : Type u_3}
  [NormedAddCommGroup F] [NormedSpace ℝ F] {f : E → H} {ψ : H → ℝ} {P : F → F} {x : E} (Q : H →L[ℝ] F) (J : F →L[ℝ] H)
  (A : F →L[ℝ] F) (hQ : ‖Q‖ ≤ 1) (hJ : ‖J‖ ≤ 1) (hf : DifferentiableAt ℝ f x) (hψ : DifferentiableAt ℝ ψ (f x))
  (hP : DifferentiableAt ℝ P (Q (f x))) {a b L d e ρ : ℝ} (hb : 0 ≤ b) (hL : 0 ≤ L) (hd : 0 ≤ d) (hρ : 0 < ρ)
  (hcutoff : 0 ≤ ψ (f x) ∧ ψ (f x) ≤ 1) (hvalue : ‖P (Q (f x)) - Q (f x)‖ ≤ a * ρ)
  (hcutoffDeriv : ‖fderiv ℝ ψ (f x)‖ ≤ b / ρ) (hfirst : ‖fderiv ℝ f x‖ ≤ L)
  (hcomparison : ‖fderiv ℝ P (Q (f x)) - A‖ ≤ d)
  (hnormal : ‖(ContinuousLinearMap.id ℝ F - A) ∘SL Q ∘SL fderiv ℝ f x‖ ≤ e) :
  have g := fun y ↦ f y + ψ (f y) • J (P (Q (f y)) - Q (f y));
  ‖g x - f x‖ ≤ a * ρ ∧ ‖fderiv ℝ g x - fderiv ℝ f x‖ ≤ a * b * L + d * L + e
'DifferentialGeometry.Analysis.projected_cutoff_adjustment_value_derivative_le' depends on axioms: [propext,
 Classical.choice,
 Quot.sound]
DifferentialGeometry.Analysis.projected_cutoff_adjustment_cumulative_le.{u_1, u_2, u_3} {E : Type u_1} {H : Type u_2}
  [NormedAddCommGroup E] [NormedSpace ℝ E] [NormedAddCommGroup H] [NormedSpace ℝ H] {F : Type u_3}
  [NormedAddCommGroup F] [NormedSpace ℝ F] {f f₀ : E → H} {ψ : H → ℝ} {P : F → F} {x : E} (Q : H →L[ℝ] F)
  (J : F →L[ℝ] H) (A : F →L[ℝ] F) (hQ : ‖Q‖ ≤ 1) (hJ : ‖J‖ ≤ 1) (hA : ‖ContinuousLinearMap.id ℝ F - A‖ ≤ 1)
  (hf : DifferentiableAt ℝ f x) (hψ : DifferentiableAt ℝ ψ (f x)) (hP : DifferentiableAt ℝ P (Q (f x)))
  {a b L d ν ρ E₀ H₀ : ℝ} (hb : 0 ≤ b) (hL : 0 ≤ L) (hd : 0 ≤ d) (hH : 0 ≤ H₀) (hρ : 0 < ρ)
  (hcutoff : 0 ≤ ψ (f x) ∧ ψ (f x) ≤ 1) (hvalue : ‖P (Q (f x)) - Q (f x)‖ ≤ a * ρ)
  (hcutoffDeriv : ‖fderiv ℝ ψ (f x)‖ ≤ b / ρ) (hfirst : ‖fderiv ℝ f₀ x‖ ≤ L)
  (hcomparison : ‖fderiv ℝ P (Q (f x)) - A‖ ≤ d)
  (hnormal : ‖(ContinuousLinearMap.id ℝ F - A) ∘SL Q ∘SL fderiv ℝ f₀ x‖ ≤ ν) (hpriorValue : ‖f x - f₀ x‖ ≤ E₀ * ρ)
  (hpriorDeriv : ‖fderiv ℝ f x - fderiv ℝ f₀ x‖ ≤ H₀) :
  have g := fun y ↦ f y + ψ (f y) • J (P (Q (f y)) - Q (f y));
  ‖g x - f₀ x‖ ≤ (E₀ + a) * ρ ∧ ‖fderiv ℝ g x - fderiv ℝ f₀ x‖ ≤ a * b * (L + H₀) + d * (L + H₀) + ν + 2 * H₀
'DifferentialGeometry.Analysis.projected_cutoff_adjustment_cumulative_le' depends on axioms: [propext,
 Classical.choice,
 Quot.sound]
DifferentialGeometry.Analysis.retained_projection_cutoff_adjustment.{u_2, u_3, u_4} {F : Type u_2} {H : Type u_3}
  {Z : Type u_4} [NormedAddCommGroup F] [NormedSpace ℝ F] [NormedAddCommGroup H] [NormedSpace ℝ H]
  [NormedAddCommGroup Z] [NormedSpace ℝ Z] (K : H →L[ℝ] Z) (J : F →L[ℝ] H) (hKJ : K ∘SL J = 0) (ψ : H → ℝ) (v : H → F) :
  (fun x ↦ K (x + ψ x • J (v x))) = ⇑K
'DifferentialGeometry.Analysis.retained_projection_cutoff_adjustment' depends on axioms: [propext,
 Classical.choice,
 Quot.sound]
DifferentialGeometry.Analysis.factor_projection_cutoff_adjustment.{u_1, u_2, u_3} {E : Type u_1} {F : Type u_2}
  {H : Type u_3} [NormedAddCommGroup E] [NormedSpace ℝ E] [NormedAddCommGroup F] [NormedSpace ℝ F]
  [NormedAddCommGroup H] [NormedSpace ℝ H] (R : H →L[ℝ] E) (Q : H →L[ℝ] F) (L : E →L[ℝ] F) (J : F →L[ℝ] H)
  (hQ : Q = L ∘SL R) (ψ : H → ℝ) (φ : E → ℝ) (hψ : ψ = φ ∘ ⇑R) (P : F → F) :
  (fun x ↦ R (x + ψ x • J (P (Q x) - Q x))) = (fun y ↦ y + φ y • (R ∘SL J) (P (L y) - L y)) ∘ ⇑R
'DifferentialGeometry.Analysis.factor_projection_cutoff_adjustment' depends on axioms: [propext,
 Classical.choice,
 Quot.sound]
DifferentialGeometry.Analysis.ker_fderiv_le_ker_postcomp.{u_1, u_2, u_3} {E : Type u_1} {F : Type u_2} {H : Type u_3}
  [NormedAddCommGroup E] [NormedSpace ℝ E] [NormedAddCommGroup F] [NormedSpace ℝ F] [NormedAddCommGroup H]
  [NormedSpace ℝ H] {f : E → F} {g : F → H} {x : E} (hf : DifferentiableAt ℝ f x) (hg : DifferentiableAt ℝ g (f x)) :
  (↑(fderiv ℝ f x)).ker ≤ (↑(fderiv ℝ (g ∘ f) x)).ker
'DifferentialGeometry.Analysis.ker_fderiv_le_ker_postcomp' depends on axioms: [propext, Classical.choice, Quot.sound]
DifferentialGeometry.Analysis.ker_fderiv_postcomp_eq_of_injOn_range.{u_1, u_2, u_3} {E : Type u_1} {F : Type u_2}
  {H : Type u_3} [NormedAddCommGroup E] [NormedSpace ℝ E] [NormedAddCommGroup F] [NormedSpace ℝ F]
  [NormedAddCommGroup H] [NormedSpace ℝ H] {f : E → F} {g : F → H} {x : E} (hf : DifferentiableAt ℝ f x)
  (hg : DifferentiableAt ℝ g (f x)) (hinj : Set.InjOn (⇑(fderiv ℝ g (f x))) (Set.range ⇑(fderiv ℝ f x))) :
  (↑(fderiv ℝ (g ∘ f) x)).ker = (↑(fderiv ℝ f x)).ker
'DifferentialGeometry.Analysis.ker_fderiv_postcomp_eq_of_injOn_range' depends on axioms: [propext,
 Classical.choice,
 Quot.sound]
ContinuousLinearMap.surjective_codRestrict_of_rank_margin.{u_1, u_2} {E : Type u_1} {H : Type u_2}
  [NormedAddCommGroup E] [InnerProductSpace ℝ E] [FiniteDimensional ℝ E] [NormedAddCommGroup H] [NormedSpace ℝ H]
  (T D : E →L[ℝ] H) (W : Submodule ℝ H) [FiniteDimensional ℝ ↥W] (hDW : ∀ (v : E), D v ∈ W) {μ δ : ℝ} (hδ : δ < μ)
  (herror : ‖D - T‖ ≤ δ) (hlower : ∀ v ∈ (↑T).kerᗮ, μ * ‖v‖ ≤ ‖T v‖)
  (hdim : Module.finrank ℝ ↥W ≤ Module.finrank ℝ ↥(↑T).range) : Function.Surjective ⇑(D.codRestrict W hDW)
'ContinuousLinearMap.surjective_codRestrict_of_rank_margin' depends on axioms: [propext, Classical.choice, Quot.sound]
