PseudoMetricSpace.ofPointwiseDistLimit.{u_1, u_2} {ι : Type u_1} {X : Type u_2} {l : Filter ι} [l.NeBot]
  (m : ι → PseudoMetricSpace X) (D : X → X → ℝ)
  (hlim : ∀ (x y : X), Filter.Tendsto (fun i ↦ dist x y) l (nhds (D x y))) : PseudoMetricSpace X
'PseudoMetricSpace.ofPointwiseDistLimit' depends on axioms: [propext, Classical.choice, Quot.sound]
PseudoMetricSpace.ofPointwiseDistLimit_dist.{u_1, u_2} {ι : Type u_1} {X : Type u_2} {l : Filter ι} [l.NeBot]
  (m : ι → PseudoMetricSpace X) (D : X → X → ℝ) (hlim : ∀ (x y : X), Filter.Tendsto (fun i ↦ dist x y) l (nhds (D x y)))
  (x y : X) : dist x y = D x y
'PseudoMetricSpace.ofPointwiseDistLimit_dist' depends on axioms: [propext, Classical.choice, Quot.sound]
Metric.tendstoUniformlyOn_dist_of_dominated_antitone.{u_1, u_2} {ι : Type u_1} {X : Type u_2} [Preorder ι]
  [Filter.atTop.NeBot] [PseudoMetricSpace X] (m : ι → PseudoMetricSpace X) (D : X → X → ℝ)
  (hbound : ∀ (i : ι) (x y : X), dist x y ≤ dist x y) (hanti : ∀ (x y : X), Antitone fun i ↦ dist x y)
  (hlim : ∀ (x y : X), Filter.Tendsto (fun i ↦ dist x y) Filter.atTop (nhds (D x y))) {s : Set X} (hs : IsCompact s) :
  TendstoUniformlyOn (fun i xy ↦ dist xy.1 xy.2) (fun xy ↦ D xy.1 xy.2) Filter.atTop (s ×ˢ s)
'Metric.tendstoUniformlyOn_dist_of_dominated_antitone' depends on axioms: [propext, Classical.choice, Quot.sound]
ProperSpace.of_surjective_dist_basepoint_eq.{u_1, u_2} {X : Type u_1} {Y : Type u_2} [PseudoMetricSpace X]
  [PseudoMetricSpace Y] [ProperSpace X] (f : X → Y) (hf : Continuous f) (hsurj : Function.Surjective f) (p : X)
  (hradial : ∀ (x : X), dist (f x) (f p) = dist x p) : ProperSpace Y
'ProperSpace.of_surjective_dist_basepoint_eq' depends on axioms: [propext, Classical.choice, Quot.sound]
GC.MetricGeometry.radialConeDataSeparationQuotient.{u_1} {X : Type u_1} [PseudoMetricSpace X] (p : X)
  (H : NNReal → X → X) (hzero : ∀ (x : X), H 0 x = p) (hone : ∀ (x : X), H 1 x = x)
  (hsq :
    ∀ (s t : NNReal) (x y : X),
      dist (H s x) (H t y) ^ 2 =
        ↑s ^ 2 * dist p x ^ 2 + ↑t ^ 2 * dist p y ^ 2 - ↑s * ↑t * (dist p x ^ 2 + dist p y ^ 2 - dist x y ^ 2)) :
  GC.MetricGeometry.RadialConeData (SeparationQuotient.mk p)
'GC.MetricGeometry.radialConeDataSeparationQuotient' depends on axioms: [propext, Classical.choice, Quot.sound]
GC.MetricGeometry.radialConeDataSeparationQuotient_map_mk.{u_1} {X : Type u_1} [PseudoMetricSpace X] (p : X)
  (H : NNReal → X → X) (hzero : ∀ (x : X), H 0 x = p) (hone : ∀ (x : X), H 1 x = x)
  (hsq :
    ∀ (s t : NNReal) (x y : X),
      dist (H s x) (H t y) ^ 2 =
        ↑s ^ 2 * dist p x ^ 2 + ↑t ^ 2 * dist p y ^ 2 - ↑s * ↑t * (dist p x ^ 2 + dist p y ^ 2 - dist x y ^ 2))
  (t : NNReal) (x : X) :
  (GC.MetricGeometry.radialConeDataSeparationQuotient p H hzero hone hsq).map t (SeparationQuotient.mk x) =
    SeparationQuotient.mk (H t x)
'GC.MetricGeometry.radialConeDataSeparationQuotient_map_mk' depends on axioms: [propext, Classical.choice, Quot.sound]
GC.MetricGeometry.exists_onto_ball_map_of_compact_parameters.{u_1, u_2, u_3} {X : Type u_1} {Y : Type u_2}
  {Z : Type u_3} [MetricSpace X] [MetricSpace Y] [TopologicalSpace Z] [CompactSpace Z] (Γ : Z → X) (q : Z → Y)
  (hΓ : Continuous Γ) (z₀ : Z) {S β ω : ℝ} (hradial : ∀ (z : Z), dist (Γ z) (Γ z₀) = dist (q z) (q z₀))
  (hparameters : ∀ (z : Z), q z ∈ Metric.closedBall (q z₀) S) (honto : ∀ y ∈ Metric.closedBall (q z₀) S, ∃ z, q z = y)
  (hcontraction : ∀ (z w : Z), dist (q z) (q w) ≤ dist (Γ z) (Γ w))
  (herror : ∀ (z w : Z), dist (Γ z) (Γ w) - dist (q z) (q w) ≤ ω)
  (hdensity : ∀ x ∈ Metric.closedBall (Γ z₀) S, Metric.infDist x (Set.range Γ) ≤ β) :
  ∃ f,
    f (Γ z₀) = q z₀ ∧
      (∀ (z : Z), f (Γ z) = q z) ∧
        (∀ (x : X), f x ∈ Metric.closedBall (q z₀) S) ∧
          (∀ x ∈ Metric.closedBall (Γ z₀) S,
              ∀ y ∈ Metric.closedBall (Γ z₀) S, |dist (f x) (f y) - dist x y| ≤ 2 * β + ω) ∧
            ∀ y ∈ Metric.closedBall (q z₀) S, ∃ x ∈ Metric.closedBall (Γ z₀) S, f x = y ∧ dist x (Γ z₀) = dist y (q z₀)
'GC.MetricGeometry.exists_onto_ball_map_of_compact_parameters' depends on axioms: [propext,
 Classical.choice,
 Quot.sound]
GC.MetricGeometry.exists_kleinerLott_approx_of_compact_parameters.{u_1, u_2, u_3} {X : Type u_1} {Y : Type u_2}
  {Z : Type u_3} [MetricSpace X] [MetricSpace Y] [TopologicalSpace Z] [CompactSpace Z] (Γ : Z → X) (q : Z → Y)
  (hΓ : Continuous Γ) (z₀ : Z) {δ β ω : ℝ} (hδ : 0 < δ) (hδone : δ < 1) (hbudget : 2 * β + ω ≤ δ)
  (hradial : ∀ (z : Z), dist (Γ z) (Γ z₀) = dist (q z) (q z₀))
  (hparameters : ∀ (z : Z), q z ∈ Metric.closedBall (q z₀) δ⁻¹)
  (honto : ∀ y ∈ Metric.closedBall (q z₀) δ⁻¹, ∃ z, q z = y)
  (hcontraction : ∀ (z w : Z), dist (q z) (q w) ≤ dist (Γ z) (Γ w))
  (herror : ∀ (z w : Z), dist (Γ z) (Γ w) - dist (q z) (q w) ≤ ω)
  (hdensity : ∀ x ∈ Metric.closedBall (Γ z₀) δ⁻¹, Metric.infDist x (Set.range Γ) ≤ β) :
  ∃ f,
    (∀ (z : Z), f.toFun (Γ z) = q z) ∧
      (∀ (x : X), f.toFun x ∈ Metric.closedBall (q z₀) δ⁻¹) ∧
        ∀ y ∈ Metric.closedBall (q z₀) δ⁻¹,
          ∃ x ∈ Metric.closedBall (Γ z₀) δ⁻¹, f.toFun x = y ∧ dist x (Γ z₀) = dist y (q z₀)
'GC.MetricGeometry.exists_kleinerLott_approx_of_compact_parameters' depends on axioms: [propext,
 Classical.choice,
 Quot.sound]
