'DifferentialGeometry.CheegerGromovCompactness.exists_bilinear_form_limit_subsequence_of_bounded_derivatives' depends on axioms: [propext,
 sorryAx,
 Classical.choice,
 Quot.sound]
'DifferentialGeometry.Analysis.hasLocalSmoothUpperBarrier' depends on axioms: [propext, Classical.choice, Quot.sound]
'DifferentialGeometry.Analysis.not_nonnegative_of_upper_barriers_div_time' depends on axioms: [propext,
 Classical.choice,
 Quot.sound]
'DifferentialGeometry.Analysis.not_nonnegative_area_upper_barriers_shift' depends on axioms: [propext,
 Classical.choice,
 Quot.sound]
'DifferentialGeometry.Analysis.not_nonnegative_area_upper_barriers_pi_shift' depends on axioms: [propext,
 Classical.choice,
 Quot.sound]
'DifferentialGeometry.Analysis.false_of_area_upper_barriers' depends on axioms: [propext, Classical.choice, Quot.sound]
'DifferentialGeometry.Geometry.Collapse.exists_radius_bound_of_volume_lower' depends on axioms: [propext,
 Classical.choice,
 Quot.sound]
'DifferentialGeometry.Geometry.Collapse.curvatureRadius' depends on axioms: [propext, Classical.choice, Quot.sound]
'DifferentialGeometry.Geometry.Collapse.ballVolume' depends on axioms: [propext, Classical.choice, Quot.sound]
'DifferentialGeometry.Geometry.Collapse.euclideanThreeUnitBallVolume' depends on axioms: [propext,
 Classical.choice,
 Quot.sound]
'DifferentialGeometry.Geometry.Collapse.volumeCollapsedAtCurvatureScale' depends on axioms: [propext,
 Classical.choice,
 Quot.sound]
'DifferentialGeometry.Geometry.Collapse.curvatureDerivativesControlled' depends on axioms: [propext,
 Classical.choice,
 Quot.sound]
'DifferentialGeometry.Geometry.Collapse.curvatureRadius_pos' depends on axioms: [propext, Classical.choice, Quot.sound]
'DifferentialGeometry.Geometry.Collapse.curvatureRadius_eq_top_iff' depends on axioms: [propext,
 Classical.choice,
 Quot.sound]
'DifferentialGeometry.Geometry.Collapse.curvatureDerivativesControlled_mono_threshold' depends on axioms: [propext,
 Classical.choice,
 Quot.sound]
'DifferentialGeometry.Geometry.Collapse.volumeCollapsedAtCurvatureScale_of_curvatureRadius_eq_top' depends on axioms: [propext,
 Classical.choice,
 Quot.sound]
'DifferentialGeometry.Geometry.Collapse.curvatureDerivativesControlled_mono_control' depends on axioms: [propext,
 Classical.choice,
 Quot.sound]
'DifferentialGeometry.Geometry.Collapse.curvatureDerivativesControlled_anti_order' depends on axioms: [propext,
 Classical.choice,
 Quot.sound]
'DifferentialGeometry.Geometry.Collapse.volumeCollapsedAtCurvatureScale_iff_toReal' depends on axioms: [propext,
 Classical.choice,
 Quot.sound]
'DifferentialGeometry.Geometry.Collapse.cuspMetricError' depends on axioms: [propext, Classical.choice, Quot.sound]
'DifferentialGeometry.Geometry.Collapse.cuspMetricErrorBound' depends on axioms: [propext, Classical.choice, Quot.sound]
'DifferentialGeometry.Geometry.Collapse.CuspEmbedding' depends on axioms: [propext, Classical.choice, Quot.sound]
'DifferentialGeometry.Geometry.Collapse.NearlyCuspidalBoundary' depends on axioms: [propext,
 Classical.choice,
 Quot.sound]
'DifferentialGeometry.Geometry.Collapse.distanceToBoundary' depends on axioms: [propext, Classical.choice, Quot.sound]
'DifferentialGeometry.Geometry.Collapse.boundaryVolumeCollapsed' depends on axioms: [propext,
 Classical.choice,
 Quot.sound]
'DifferentialGeometry.Geometry.Collapse.CuspEmbedding.weaken' depends on axioms: [propext, Classical.choice, Quot.sound]
'DifferentialGeometry.Geometry.Collapse.NearlyCuspidalBoundary.weaken' depends on axioms: [propext,
 Classical.choice,
 Quot.sound]
'DifferentialGeometry.Geometry.Collapse.distanceToBoundary_eq_top_of_boundary_empty' depends on axioms: [propext,
 Classical.choice,
 Quot.sound]
'DifferentialGeometry.Geometry.Collapse.CuspEmbedding.restrictOrder' depends on axioms: [propext,
 Classical.choice,
 Quot.sound]
'DifferentialGeometry.Geometry.Collapse.NearlyCuspidalBoundary.restrictOrder' depends on axioms: [propext,
 Classical.choice,
 Quot.sound]
'DifferentialGeometry.Geometry.Collapse.closedCollapseHypotheses' depends on axioms: [propext,
 Classical.choice,
 Quot.sound]
'DifferentialGeometry.Geometry.Collapse.boundaryCollapseHypotheses' depends on axioms: [propext,
 Classical.choice,
 Quot.sound]
'DifferentialGeometry.Geometry.Collapse.staticCollapseHypotheses' depends on axioms: [propext,
 Classical.choice,
 Quot.sound]
'DifferentialGeometry.Geometry.Collapse.volumeCollapsedAtCurvatureScale_mono' depends on axioms: [propext,
 Classical.choice,
 Quot.sound]
'DifferentialGeometry.Geometry.Collapse.closedCollapseHypotheses_mono' depends on axioms: [propext,
 Classical.choice,
 Quot.sound]
'DifferentialGeometry.Geometry.Collapse.boundaryCollapseHypotheses_mono' depends on axioms: [propext,
 Classical.choice,
 Quot.sound]
'DifferentialGeometry.Geometry.Collapse.not_boundaryCollapseHypotheses_of_boundary_empty' depends on axioms: [propext,
 Classical.choice,
 Quot.sound]
'DifferentialGeometry.Geometry.Collapse.staticCollapseHypotheses_exclusive' depends on axioms: [propext,
 Classical.choice,
 Quot.sound]
'DifferentialGeometry.Geometry.Collapse.exists_rawGraphPresentation_of_nonnegative' depends on axioms: [propext,
 sorryAx,
 Classical.choice,
 Quot.sound]
'DifferentialGeometry.Geometry.Collapse.exists_closed_graph_threshold_of_finite_scales' depends on axioms: [propext,
 sorryAx,
 Classical.choice,
 Quot.sound]
'DifferentialGeometry.Geometry.Collapse.exists_closed_graph_threshold' depends on axioms: [propext,
 sorryAx,
 Classical.choice,
 Quot.sound]
'GC.GraphManifold.RawGraphPresentation.external_matching' depends on axioms: [propext, Classical.choice, Quot.sound]
'DifferentialGeometry.Geometry.Collapse.exists_boundary_graph_threshold' depends on axioms: [propext,
 sorryAx,
 Classical.choice,
 Quot.sound]
'DifferentialGeometry.Geometry.Collapse.exists_graph_threshold' depends on axioms: [propext,
 sorryAx,
 Classical.choice,
 Quot.sound]
'DifferentialGeometry.Geometry.Collapse.cutPieceMap' depends on axioms: [propext, Classical.choice, Quot.sound]
'DifferentialGeometry.Geometry.Collapse.isInducedCutMetric' depends on axioms: [propext, Classical.choice, Quot.sound]
'DifferentialGeometry.Geometry.Collapse.HyperbolicOrCollapsed' depends on axioms: [propext,
 Classical.choice,
 Quot.sound]
'DifferentialGeometry.Geometry.Collapse.geometrizes_of_hyperbolicOrCollapsed' depends on axioms: [propext,
 sorryAx,
 Classical.choice,
 Quot.sound]
'DifferentialGeometry.Geometry.Collapse.boundaryBufferDistance' depends on axioms: [propext,
 Classical.choice,
 Quot.sound]
'DifferentialGeometry.Geometry.Collapse.staticDerivativeOrder' does not depend on any axioms
'DifferentialGeometry.Geometry.Collapse.exists_common_curvature_derivative_bound_for_families' depends on axioms: [propext,
 Classical.choice,
 Quot.sound]
'DifferentialGeometry.Geometry.Collapse.exists_common_curvature_derivative_bound_of_volume_tests' depends on axioms: [propext,
 Classical.choice,
 Quot.sound]
'DifferentialGeometry.Geometry.Collapse.exists_common_curvature_derivative_bound' depends on axioms: [propext,
 Classical.choice,
 Quot.sound]
'DifferentialGeometry.Geometry.Collapse.exists_common_curvature_derivative_bound_of_eventual' depends on axioms: [propext,
 Classical.choice,
 Quot.sound]
'DifferentialGeometry.Geometry.Riemannian.gInner_sq_le_mul' depends on axioms: [propext, Classical.choice, Quot.sound]
'DifferentialGeometry.Geometry.Riemannian.SectionalBoundedBelowAt.mono' depends on axioms: [propext,
 Classical.choice,
 Quot.sound]
'DifferentialGeometry.Geometry.Connection.metricCovariantDerivative' depends on axioms: [propext,
 Classical.choice,
 Quot.sound]
'DifferentialGeometry.Geometry.Connection.iteratedMetricCovariantDerivative' depends on axioms: [propext,
 Classical.choice,
 Quot.sound]
'DifferentialGeometry.Geometry.Curvature.curvatureDerivativeNorm' depends on axioms: [propext,
 Classical.choice,
 Quot.sound]
'DifferentialGeometry.Geometry.Curvature.curvatureDerivativeNorm_zero' depends on axioms: [propext,
 Classical.choice,
 Quot.sound]
'DifferentialGeometry.Geometry.Curvature.curvatureDerivativeNorm_nonneg' depends on axioms: [propext,
 Classical.choice,
 Quot.sound]
'DifferentialGeometry.Geometry.Curvature.curvatureDerivativeNorm_sq_eq_normSq0S' depends on axioms: [propext,
 Classical.choice,
 Quot.sound]
'DifferentialGeometry.Geometry.Curvature.iteratedCurvatureTensor' depends on axioms: [propext,
 Classical.choice,
 Quot.sound]
'DifferentialGeometry.Geometry.Curvature.iteratedMetricCovariantDerivative_rm04_eq' depends on axioms: [propext,
 Classical.choice,
 Quot.sound]
'DifferentialGeometry.Geometry.Curvature.continuous_curvatureDerivativeNorm' depends on axioms: [propext,
 Classical.choice,
 Quot.sound]
'DifferentialGeometry.Geometry.Curvature.exists_bound_curvatureDerivativeNorm_of_compactSpace' depends on axioms: [propext,
 Classical.choice,
 Quot.sound]
'GC.LongTime.hasCommonNeckAccuracy' depends on axioms: [propext, Classical.choice, Quot.sound]
'GC.LongTime.hasCommonNeckAccuracy.bounds' depends on axioms: [propext, Classical.choice, Quot.sound]
'GC.LongTime.hasSmallParabolicCurvature' depends on axioms: [propext, Classical.choice, Quot.sound]
'GC.LongTime.AnalyticSurgeryProfile' depends on axioms: [propext, Classical.choice, Quot.sound]
'GC.LongTime.hasAnalyticAdmissibility' depends on axioms: [propext, Classical.choice, Quot.sound]
'GC.LongTime.AnalyticSurgeryProfile.commonNeckAccuracy' depends on axioms: [propext, Classical.choice, Quot.sound]
'GC.LongTime.AnalyticSurgeryProfile.largerBallAccuracy_on_late_half_interval' depends on axioms: [propext,
 Classical.choice,
 Quot.sound]
'GC.LongTime.exists_surgery_with_decaying_accuracy' depends on axioms: [propext, sorryAx, Classical.choice, Quot.sound]
'GC.LongTime.PersistentCuspExterior' depends on axioms: [propext, Classical.choice, Quot.sound]
'GC.LongTime.PersistentCuspExterior.region' depends on axioms: [propext, Classical.choice, Quot.sound]
'GC.LongTime.PrescribedCuspMeridian' depends on axioms: [propext, Classical.choice, Quot.sound]
'GC.LongTime.PrescribedCuspMeridian.loopAfter' depends on axioms: [propext, Classical.choice, Quot.sound]
'GC.LongTime.exists_primitive_meridian_of_compressible_seam' depends on axioms: [propext,
 sorryAx,
 Classical.choice,
 Quot.sound]
'GC.LongTime.exists_attained_leastExteriorDiskArea' depends on axioms: [propext, sorryAx, Classical.choice, Quot.sound]
'GC.LongTime.local_disk_comparisons_of_cusp_exterior' depends on axioms: [propext,
 sorryAx,
 Classical.choice,
 Quot.sound]
'GC.LongTime.exists_local_upper_barrier_of_exteriorDiskArea' depends on axioms: [propext,
 sorryAx,
 Classical.choice,
 Quot.sound]
'GC.LongTime.incompressible_of_shifted_area_barriers' depends on axioms: [propext, Classical.choice, Quot.sound]
'GC.LongTime.hasExteriorDiskComparisonsAfter' depends on axioms: [propext, Classical.choice, Quot.sound]
'GC.LongTime.continuousOn_exteriorDiskArea_of_local_comparisons' depends on axioms: [propext,
 Classical.choice,
 Quot.sound]
'GC.LongTime.postStage' depends on axioms: [propext, Classical.choice, Quot.sound]
'GC.LongTime.postMetric' depends on axioms: [propext, Classical.choice, Quot.sound]
'GC.LongTime.postStage_regularSlice' depends on axioms: [propext, Classical.choice, Quot.sound]
'GC.LongTime.postMetric_regularSlice' depends on axioms: [propext, Classical.choice, Quot.sound]
'GC.LongTime.exteriorDiskArea' depends on axioms: [propext, Classical.choice, Quot.sound]
'GC.LongTime.exteriorDiskArea_nonneg' depends on axioms: [propext, Classical.choice, Quot.sound]
'GC.LongTime.exteriorDiskArea_eq' depends on axioms: [propext, Classical.choice, Quot.sound]
'GC.LongTime.hasExteriorDiskMinimizersAfter' depends on axioms: [propext, Classical.choice, Quot.sound]
'GC.Endpoint.geometrization' depends on axioms: [propext, sorryAx, Classical.choice, Quot.sound]
'GC.Endpoint.geometrization_conjecture' depends on axioms: [propext, sorryAx, Classical.choice, Quot.sound]
'GC.Endpoint.smooth_geometrization_conjecture' depends on axioms: [propext, sorryAx, Classical.choice, Quot.sound]
'GC.LongTime.RegularSlice.componentMetric' depends on axioms: [propext, Classical.choice, Quot.sound]
'GC.LongTime.hasThinVolumeGeometry' depends on axioms: [propext, Classical.choice, Quot.sound]
'GC.LongTime.HyperbolicOrThin' depends on axioms: [propext, Classical.choice, Quot.sound]
'GC.LongTime.LateCutFamily' depends on axioms: [propext, Classical.choice, Quot.sound]
'GC.LongTime.LateCutFamily.thinIndex' depends on axioms: [propext, Classical.choice, Quot.sound]
'GC.LongTime.LateCutFamily.hasEventualDerivativeBounds' depends on axioms: [propext, Classical.choice, Quot.sound]
'GC.LongTime.LateCutFamily.exists_common_control' depends on axioms: [propext, Classical.choice, Quot.sound]
'GC.LongTime.hasThinVolumeGeometry.collapseHypotheses' depends on axioms: [propext, Classical.choice, Quot.sound]
'GC.LongTime.HyperbolicOrThin.toHyperbolicOrCollapsed' depends on axioms: [propext, Classical.choice, Quot.sound]
'GC.LongTime.LateCutFamily.exists_late_tests_of_derivative_bounds' depends on axioms: [propext,
 Classical.choice,
 Quot.sound]
'GC.LongTime.exists_late_cut_family' depends on axioms: [propext, sorryAx, Classical.choice, Quot.sound]
'GC.LongTime.late_derivative_tests_of_flow' depends on axioms: [propext, sorryAx, Classical.choice, Quot.sound]
'GC.LongTime.hasExteriorAreaObstructionAfter' depends on axioms: [propext, Classical.choice, Quot.sound]
'GC.LongTime.hasAttainedExteriorAreaObstructionAfter' depends on axioms: [propext, Classical.choice, Quot.sound]
'GC.LongTime.hasAttainedExteriorAreaObstructionAfter.toObstruction' depends on axioms: [propext,
 Classical.choice,
 Quot.sound]
'GC.LongTime.hasExteriorAreaObstructionAfter_iff' depends on axioms: [propext, Classical.choice, Quot.sound]
'GC.LongTime.hasLateSequenceTests' depends on axioms: [propext, Classical.choice, Quot.sound]
'GC.LongTime.hasExteriorAreaObstructionAfter_of_producers' depends on axioms: [propext,
 sorryAx,
 Classical.choice,
 Quot.sound]
'GC.LongTime.hasLateSequenceTests_of_thick_thin_and_obstruction' depends on axioms: [propext,
 sorryAx,
 Classical.choice,
 Quot.sound]
'GC.LongTime.exists_admissible_surgery_with_late_sequence_tests' depends on axioms: [propext,
 sorryAx,
 Classical.choice,
 Quot.sound]
'GC.LongTime.exists_surgery_with_late_sequence_tests' depends on axioms: [propext,
 sorryAx,
 Classical.choice,
 Quot.sound]
'GC.LongTime.components_geometrize_of_late_sequence_tests' depends on axioms: [propext,
 sorryAx,
 Classical.choice,
 Quot.sound]
'GC.LongTime.geometrizes_of_metric' depends on axioms: [propext, sorryAx, Classical.choice, Quot.sound]
'GC.LongTime.lateDerivativeOrder' does not depend on any axioms
'GC.LongTime.staticDerivativeOrder_le_lateDerivativeOrder' does not depend on any axioms
'GC.LongTime.PersistentModelPatch' depends on axioms: [propext, Classical.choice, Quot.sound]
'GC.LongTime.PersistentHyperbolicCores' depends on axioms: [propext, Classical.choice, Quot.sound]
'GC.LongTime.hasPersistentHyperbolicCores' depends on axioms: [propext, Classical.choice, Quot.sound]
'GC.LongTime.RegularSlice' depends on axioms: [propext, Classical.choice, Quot.sound]
'GC.LongTime.RegularSlice.history' depends on axioms: [propext, Classical.choice, Quot.sound]
'GC.LongTime.RegularSlice.stage' depends on axioms: [propext, Classical.choice, Quot.sound]
'GC.LongTime.RegularSlice.metric' depends on axioms: [propext, Classical.choice, Quot.sound]
'GC.LongTime.RegularSlice.normalizedMetric' depends on axioms: [propext, Classical.choice, Quot.sound]
'GC.LongTime.RegularSlice.curvatureOneMetric' depends on axioms: [propext, Classical.choice, Quot.sound]
'GC.LongTime.RegularSlice.initial' depends on axioms: [propext, Classical.choice, Quot.sound]
'GC.LongTime.hasArbitrarilyLateNonemptySlices' depends on axioms: [propext, Classical.choice, Quot.sound]
'GC.LongTime.exists_regular_slice_after' depends on axioms: [propext, Classical.choice, Quot.sound]
'GC.LongTime.empty_slice_or_arbitrarily_late' depends on axioms: [propext, Classical.choice, Quot.sound]
'GC.LongTime.exists_common_late_slice' depends on axioms: [propext, Classical.choice, Quot.sound]
'GC.LongTime.geometrizes_of_late_slice_supply' depends on axioms: [propext, Classical.choice, Quot.sound]
'DifferentialGeometry.Geometry.Hyperbolic.CuspHalfSpace' depends on axioms: [propext, Classical.choice, Quot.sound]
'DifferentialGeometry.Geometry.Hyperbolic.cuspDepth' depends on axioms: [propext, Classical.choice, Quot.sound]
'DifferentialGeometry.Geometry.Hyperbolic.cuspDomain' depends on axioms: [propext, Classical.choice, Quot.sound]
'DifferentialGeometry.Geometry.Hyperbolic.HyperbolicCusp' depends on axioms: [propext, Classical.choice, Quot.sound]
'DifferentialGeometry.Geometry.Hyperbolic.cusp_constant_sectional_curvature' depends on axioms: [propext,
 sorryAx,
 Classical.choice,
 Quot.sound]
'DifferentialGeometry.Geometry.Hyperbolic.FiniteVolumeHyperbolicModel' depends on axioms: [propext,
 Classical.choice,
 Quot.sound]
'DifferentialGeometry.Geometry.Hyperbolic.has_hyperbolic_atlas_of_curvature_neg_one' depends on axioms: [propext,
 sorryAx,
 Classical.choice,
 Quot.sound]
'DifferentialGeometry.Geometry.Hyperbolic.hyperbolicGeometricStructure' depends on axioms: [propext,
 sorryAx,
 Classical.choice,
 Quot.sound]
'DifferentialGeometry.Geometry.Hyperbolic.hyperbolicGeometricStructure_model' depends on axioms: [propext,
 sorryAx,
 Classical.choice,
 Quot.sound]
'DifferentialGeometry.Geometry.Hyperbolic.hasConstantSectionalCurvature' depends on axioms: [propext,
 Classical.choice,
 Quot.sound]
'DifferentialGeometry.Geometry.Hyperbolic.mostow_prasad' depends on axioms: [propext,
 sorryAx,
 Classical.choice,
 Quot.sound]
'DifferentialGeometry.Geometry.Hyperbolic.HyperbolicTruncation' depends on axioms: [propext,
 Classical.choice,
 Quot.sound]
'DifferentialGeometry.exists_riemannianBallOf_subset_of_mem_nhds' depends on axioms: [propext,
 Classical.choice,
 Quot.sound]
'DifferentialGeometry.Geometry.exists_pullback_metric_of_finite_diffeomorph' depends on axioms: [propext,
 sorryAx,
 Classical.choice,
 Quot.sound]
'DifferentialGeometry.Geometry.exists_pullback_metric_of_diffeomorph_one_order_higher' depends on axioms: [propext,
 sorryAx,
 Classical.choice,
 Quot.sound]
'DifferentialGeometry.Geometry.exists_pullback_metric_of_diffeomorph_three_orders_lower' depends on axioms: [propext,
 sorryAx,
 Classical.choice,
 Quot.sound]
'DifferentialGeometry.Geometry.MinimalSurface.isExteriorSpanningDisk' depends on axioms: [propext,
 Classical.choice,
 Quot.sound]
'DifferentialGeometry.Geometry.MinimalSurface.leastExteriorDiskArea' depends on axioms: [propext,
 Classical.choice,
 Quot.sound]
'DifferentialGeometry.Geometry.MinimalSurface.leastExteriorDiskArea_nonneg' depends on axioms: [propext,
 Classical.choice,
 Quot.sound]
'DifferentialGeometry.Geometry.MinimalSurface.leastExteriorDiskArea_le' depends on axioms: [propext,
 Classical.choice,
 Quot.sound]
'DifferentialGeometry.Geometry.MinimalSurface.exteriorDiskAreaOn' depends on axioms: [propext,
 Classical.choice,
 Quot.sound]
'DifferentialGeometry.Geometry.MinimalSurface.exteriorDiskAreaOn_nonneg' depends on axioms: [propext,
 Classical.choice,
 Quot.sound]
'DifferentialGeometry.Geometry.MinimalSurface.continuousOn_leastExteriorDiskArea_of_local_disk_comparisons' depends on axioms: [propext,
 Classical.choice,
 Quot.sound]
'DifferentialGeometry.Geometry.MinimalSurface.leastExteriorDiskArea_eq_zero_of_empty' depends on axioms: [propext,
 Classical.choice,
 Quot.sound]
'DifferentialGeometry.Geometry.MinimalSurface.exists_smooth_disk_reparametrization' depends on axioms: [propext,
 Classical.choice,
 Quot.sound]
'DifferentialGeometry.Geometry.MinimalSurface.isExteriorSpanningDisk.comp_smooth_disk_reparametrization' depends on axioms: [propext,
 Classical.choice,
 Quot.sound]
'DifferentialGeometry.Geometry.MinimalSurface.isExteriorSpanningDisk.area_comp_reparametrization' depends on axioms: [propext,
 Classical.choice,
 Quot.sound]
'GC.GraphManifold.rawGraphPresentation_of_sphericalSpaceForm' depends on axioms: [propext,
 sorryAx,
 Classical.choice,
 Quot.sound]
'GC.GraphManifold.rawGraphPresentation_of_sphericalProduct' depends on axioms: [propext,
 sorryAx,
 Classical.choice,
 Quot.sound]
'GC.GraphManifold.rawGraphPresentation_of_flat' depends on axioms: [propext, sorryAx, Classical.choice, Quot.sound]
'GC.Geometry.closed_nonnegative_sectional_classification' depends on axioms: [propext,
 sorryAx,
 Classical.choice,
 Quot.sound]
'DifferentialGeometry.Topology.connected_subset_finite_closed_partition' depends on axioms: [propext,
 Classical.choice,
 Quot.sound]
'DifferentialGeometry.Topology.finite_connected_partitions_equiv' depends on axioms: [propext,
 Classical.choice,
 Quot.sound]
'ContinuousMap.fundamentalGroup_map_injective_of_area_obstructions' depends on axioms: [propext,
 Classical.choice,
 Quot.sound]
'DifferentialGeometry.Topology.ModelBoundaryKind' does not depend on any axioms
'DifferentialGeometry.Topology.ModelBoundaryKind.Space' depends on axioms: [propext, Classical.choice, Quot.sound]
'DifferentialGeometry.Topology.ModelBoundaryKind.model' depends on axioms: [propext, Classical.choice, Quot.sound]
'DifferentialGeometry.Topology.CompactModelManifold' depends on axioms: [propext, Classical.choice, Quot.sound]
'GC.Topology.SphereSummand' depends on axioms: [propext, Classical.choice, Quot.sound]
'GC.Topology.SphereSummand.ofPrimeDecomposition' depends on axioms: [propext, Classical.choice, Quot.sound]
'GC.Endpoint.SmoothAssembly.Incompressible.toPiece' depends on axioms: [propext, Classical.choice, Quot.sound]
'GC.Endpoint.GeometricDecomposition.transport' depends on axioms: [propext, Classical.choice, Quot.sound]
'GC.GraphManifold.SurfaceModel' does not depend on any axioms
'GC.GraphManifold.SurfaceModel.Space' depends on axioms: [propext, Classical.choice, Quot.sound]
'GC.GraphManifold.SurfaceModel.model' depends on axioms: [propext, Classical.choice, Quot.sound]
'GC.GraphManifold.CompactSurface' depends on axioms: [propext, Classical.choice, Quot.sound]
'GC.GraphManifold.CircleFibration' depends on axioms: [propext, Classical.choice, Quot.sound]
'GC.GraphManifold.BoundaryTori' depends on axioms: [propext, Classical.choice, Quot.sound]
'GC.GraphManifold.BoundaryTori.torusMap' depends on axioms: [propext, Classical.choice, Quot.sound]
'GC.GraphManifold.BoundaryTori.image' depends on axioms: [propext, Classical.choice, Quot.sound]
'GC.GraphManifold.BoundaryTori.torusMap_smooth' depends on axioms: [propext, Classical.choice, Quot.sound]
'GC.GraphManifold.BoundaryTori.boundaryMap' depends on axioms: [propext, Classical.choice, Quot.sound]
'GC.GraphManifold.BoundaryTori.torusMap_isEmbedding' depends on axioms: [propext, Classical.choice, Quot.sound]
'GC.GraphManifold.BoundaryTori.incompressible' depends on axioms: [propext, Classical.choice, Quot.sound]
'GC.GraphManifold.TorusPairing' depends on axioms: [propext, Classical.choice, Quot.sound]
'GC.GraphManifold.TorusPairing.QuotientSpace' depends on axioms: [propext, Classical.choice, Quot.sound]
'GC.GraphManifold.TorusPairing.quotientMap' depends on axioms: [propext, Classical.choice, Quot.sound]
'GC.GraphManifold.RawGraphPresentation' depends on axioms: [propext, Classical.choice, Quot.sound]
'GC.GraphManifold.isHyperbolicInteriorGeometry' depends on axioms: [propext, Classical.choice, Quot.sound]
'GC.GraphManifold.HyperbolicOrGraph' depends on axioms: [propext, Classical.choice, Quot.sound]
'GC.GraphManifold.exists_prime_decomposition_of_rawGraphPresentation' depends on axioms: [propext,
 sorryAx,
 Classical.choice,
 Quot.sound]
'GC.GraphManifold.exists_geometric_decomposition_of_prime_rawGraphPresentation' depends on axioms: [propext,
 sorryAx,
 Classical.choice,
 Quot.sound]
'GC.GraphManifold.geometrizes_of_rawGraphPresentation' depends on axioms: [propext,
 sorryAx,
 Classical.choice,
 Quot.sound]
'GC.GraphManifold.exists_prime_geometric_decomposition_of_hyperbolicOrGraph' depends on axioms: [propext,
 sorryAx,
 Classical.choice,
 Quot.sound]
'GC.GraphManifold.geometrizes_of_hyperbolicOrGraph' depends on axioms: [propext, sorryAx, Classical.choice, Quot.sound]
'GC.GraphManifold.sphere_split_of_rawGraphPresentation' depends on axioms: [propext,
 sorryAx,
 Classical.choice,
 Quot.sound]
'GC.GraphManifold.rawGraphPresentation_of_sphere_summand' depends on axioms: [propext,
 sorryAx,
 Classical.choice,
 Quot.sound]
'GC.GraphManifold.BoundaryTori.transport' depends on axioms: [propext, Classical.choice, Quot.sound]
'GC.GraphManifold.RawGraphPresentation.transport' depends on axioms: [propext, Classical.choice, Quot.sound]
'GC.Topology.torusAt_injective_iff' depends on axioms: [propext, Classical.choice, Quot.sound]
'GC.Topology.componentCarrier' depends on axioms: [propext, Classical.choice, Quot.sound]
'GC.Topology.TorusDecomposition' depends on axioms: [propext, Classical.choice, Quot.sound]
'GC.Topology.TorusDecomposition.component' depends on axioms: [propext, Classical.choice, Quot.sound]
'GC.Topology.TorusDecomposition.toGeometricDecomposition' depends on axioms: [propext, Classical.choice, Quot.sound]
'GC.Endpoint.NoCuts.torusDecomposition' depends on axioms: [propext, Classical.choice, Quot.sound]
'GC.Endpoint.geometrization' depends on axioms: [propext, sorryAx, Classical.choice, Quot.sound]
