Crosswalk locator validator: 214 entries, zero failures.
{
  "success": true,
  "status": "passed",
  "started_utc": "2026-09-30T06:08:31Z",
  "finished_utc": "2026-09-30T06:12:50Z",
  "target": "DifferentialGeometry",
  "full_root": true,
  "blueprint_revision": 207,
  "audit_build_status": "replayed",
  "audit_evidence_status": "fresh-elaboration",
  "audit_evidence_log": "docs/geometrization/skeleton/evidence/fresh_audit.log",
  "audit_evidence_sha256": "6c8064511078ec183b3d5d02b1ed0df5c972e8ac583f924d56cb36baacef4da8",
  "gate_sha256": "aee0db7c675d0475ad411fa11c82ead479422dea9db444989446c73f46b93d8f",
  "mathlib_commit": "0df444a360eaa60ab8c11dca51a86af692955474",
  "crosswalk_locator_failures": 0,
  "crosswalk_sha256": {
    "collapse_review.json": "1b8f816db211211042d24afcf3bfeedb21ad1528ff1adef71ab6920fd6f3a302",
    "finite_regularity_declarations.json": "0525084adc735323f203a52870b55766077793296d7b22e96c3212ee54fe537b",
    "hyperbolic_crosswalk.json": "17e22f89c5ef3ac9eb4cafe72435ca53406ecad1c570e32a9506cf2c2904a869",
    "topology_declarations.json": "b25b73f5b80a6d14aa5acf082fad870ffd2d3e300a4b478b34d202e7d5d07b5d",
    "flow_declarations.json": "2776b6c940d1a2a0dab3462a159450e636c2d0ed2a670e0cc6d8174d5901f5ca"
  },
  "mathematical_modules": 48,
  "authored_declarations": 214,
  "elaborated_declarations": 1008,
  "direct_sorry_theorems": 22,
  "sorry_dependent_declarations": 43,
  "endpoint_reachable_direct_admissions": [
    "DifferentialGeometry.Geometry.Collapse.exists_boundary_graph_threshold",
    "DifferentialGeometry.Geometry.Collapse.exists_closed_graph_threshold_of_finite_scales",
    "GC.Geometry.closed_nonnegative_sectional_classification",
    "GC.GraphManifold.exists_prime_geometric_decomposition_of_hyperbolicOrGraph",
    "GC.GraphManifold.rawGraphPresentation_of_flat",
    "GC.GraphManifold.rawGraphPresentation_of_sphericalProduct",
    "GC.GraphManifold.rawGraphPresentation_of_sphericalSpaceForm",
    "GC.LongTime.exists_attained_leastExteriorDiskArea",
    "GC.LongTime.exists_late_cut_family",
    "GC.LongTime.exists_local_upper_barrier_of_exteriorDiskArea",
    "GC.LongTime.exists_primitive_meridian_of_compressible_seam",
    "GC.LongTime.exists_surgery_with_decaying_accuracy",
    "GC.LongTime.late_derivative_tests_of_flow",
    "GC.LongTime.local_disk_comparisons_of_cusp_exterior"
  ],
  "other_direct_admissions": [
    "DifferentialGeometry.CheegerGromovCompactness.exists_bilinear_form_limit_subsequence_of_bounded_derivatives",
    "DifferentialGeometry.Geometry.Hyperbolic.cusp_constant_sectional_curvature",
    "DifferentialGeometry.Geometry.Hyperbolic.has_hyperbolic_atlas_of_curvature_neg_one",
    "DifferentialGeometry.Geometry.Hyperbolic.mostow_prasad",
    "DifferentialGeometry.Geometry.exists_pullback_metric_of_finite_diffeomorph",
    "GC.GraphManifold.exists_geometric_decomposition_of_prime_rawGraphPresentation",
    "GC.GraphManifold.rawGraphPresentation_of_sphere_summand",
    "GC.GraphManifold.sphere_split_of_rawGraphPresentation"
  ],
  "baseline_modules_byte_identical": 155,
  "existing_foundation_unchanged": true,
  "every_authored_declaration_elaborated": true,
  "every_authored_declaration_cross_referenced": true,
  "allowed_axioms": [
    "propext",
    "Classical.choice",
    "Quot.sound",
    "sorryAx"
  ],
  "endpoint_is_proved_without_sorry": false,
  "manifest_sha256": "c45e8acb4658d358e3e4208e843220a8f81095b01a77e445f46dcee53fea08b5",
  "audit_sha256": "a8b17b73f06ff5f834de7a9ccc6b3e0015db76bc79c32dc291cfe8fa6bb7a8b9",
  "log_sha256": "c369be9cca27a628bb7a493c9a61640654f9c8b456310f3efcae15a15851538c",
  "toolchain": "leanprover/lean4:v4.33.1",
  "lake_manifest_sha256": "660ee55ac9deabd7be914399979d694405eca813cec1065a551de12711a92264"
}
