DifferentialGeometry.Analysis.Calculus.Compactness.FiniteOrder 0 diagnostics
DifferentialGeometry.Analysis.ODE.AreaUpperBarrier 0 silent
DifferentialGeometry.Analysis.ODE.ReciprocalTimeBarrier 0 silent
DifferentialGeometry.Geometry.Collapse.CompactBounds 0 silent
DifferentialGeometry.Geometry.Collapse.CurvatureScale 0 silent
DifferentialGeometry.Geometry.Collapse.CuspBoundary 0 silent
DifferentialGeometry.Geometry.Collapse.GraphManifold 0 diagnostics
DifferentialGeometry.Geometry.Collapse.LatePieceGeometry 0 silent
DifferentialGeometry.Geometry.Collapse.Parameters 0 silent
DifferentialGeometry.Geometry.Comparison.SectionalLowerBound 0 silent
DifferentialGeometry.Geometry.Collapse.UniformDerivativeBounds 0 silent
DifferentialGeometry.Geometry.Connection.TensorNabla.Iterated.Metric 0 silent
DifferentialGeometry.Geometry.Curvature.Metric.DerivativeNorm 0 silent
DifferentialGeometry.Geometry.Flow.RicciFlow.LongTime.CuspExterior 0 silent
DifferentialGeometry.Geometry.Flow.RicciFlow.LongTime.AnalyticAdmissibility 0 diagnostics
DifferentialGeometry.Geometry.Flow.RicciFlow.LongTime.CuspIncompressibility 0 silent
DifferentialGeometry.Geometry.Flow.RicciFlow.LongTime.CuspExteriorProducers 0 diagnostics
DifferentialGeometry.Geometry.Flow.RicciFlow.LongTime.ExteriorDiskComparisons 0 silent
DifferentialGeometry.Geometry.Flow.RicciFlow.LongTime.ExteriorDiskFlow 0 silent
DifferentialGeometry.Geometry.Flow.RicciFlow.LongTime.Geometrization 0 silent
DifferentialGeometry.Geometry.Flow.RicciFlow.LongTime.LateCutGeometry 0 diagnostics
DifferentialGeometry.Geometry.Flow.RicciFlow.LongTime.Parameters 0 silent
DifferentialGeometry.Geometry.Flow.RicciFlow.LongTime.LateDecomposition 0 silent
DifferentialGeometry.Geometry.Flow.RicciFlow.LongTime.RegularSlice 0 silent
DifferentialGeometry.Geometry.Flow.RicciFlow.LongTime.PersistentHyperbolicCores 0 silent
DifferentialGeometry.Geometry.Hyperbolic.Cusp 0 diagnostics
DifferentialGeometry.Geometry.Hyperbolic.FiniteVolumeModel 0 silent
DifferentialGeometry.Geometry.Hyperbolic.ModelAtlas 0 diagnostics
DifferentialGeometry.Geometry.Hyperbolic.Rigidity 0 diagnostics
DifferentialGeometry.Geometry.Metric.Distance.Neighborhood 0 silent
DifferentialGeometry.Geometry.Hyperbolic.Truncation 0 silent
DifferentialGeometry.Geometry.Metric.Pullback.FiniteRegularity 0 diagnostics
DifferentialGeometry.Geometry.MinimalSurface.ExteriorDiskArea 0 silent
DifferentialGeometry.Geometry.MinimalSurface.ExteriorDiskReparametrization 0 silent
DifferentialGeometry.Geometry.Thurston.GraphPresentation 0 diagnostics
DifferentialGeometry.Topology.Connected.FinitePartitions 0 silent
DifferentialGeometry.Geometry.Thurston.NonnegativeClassification 0 diagnostics
DifferentialGeometry.Topology.FundamentalGroup.AreaObstruction 0 silent
DifferentialGeometry.Topology.Manifold.CompactModel 0 silent
DifferentialGeometry.Topology.ThreeManifold.Geometrization.SphereSummand 0 silent
DifferentialGeometry.Topology.ThreeManifold.Geometrization.Transport 0 silent
DifferentialGeometry.Topology.ThreeManifold.GraphManifold.Presentation 0 silent
DifferentialGeometry.Topology.ThreeManifold.GraphManifold.Refinement 0 diagnostics
DifferentialGeometry.Topology.ThreeManifold.GraphManifold.SphereSplitting 0 diagnostics
DifferentialGeometry.Topology.ThreeManifold.GraphManifold.Transport 0 silent
DifferentialGeometry.Topology.ThreeManifold.TorusCut.CylinderIncompressibility 0 silent
DifferentialGeometry.Topology.ThreeManifold.TorusCut.Decomposition 0 silent
DifferentialGeometry.Topology.ThreeManifold.TorusCut.NoCuts 0 silent
LEAF_EVIDENCE True True
