-- Found 0 errors in 1 declarations (plus 0 automatically generated ones) in DifferentialGeometry.Analysis.Calculus.Compactness.FiniteOrder with 5 linters


-- All linting checks passed!
-- Found 0 errors in 4 declarations (plus 7 automatically generated ones) in DifferentialGeometry.Analysis.ODE.AreaUpperBarrier with 5 linters


-- All linting checks passed!
-- Found 0 errors in 1 declarations (plus 0 automatically generated ones) in DifferentialGeometry.Analysis.ODE.ReciprocalTimeBarrier with 5 linters


-- All linting checks passed!
-- Found 0 errors in 1 declarations (plus 0 automatically generated ones) in DifferentialGeometry.Geometry.Collapse.CompactBounds with 5 linters


-- All linting checks passed!
-- Found 0 errors in 13 declarations (plus 2 automatically generated ones) in DifferentialGeometry.Geometry.Collapse.CurvatureScale with 5 linters


-- All linting checks passed!
-- Found 0 errors in 32 declarations (plus 59 automatically generated ones) in DifferentialGeometry.Geometry.Collapse.CuspBoundary with 5 linters


-- All linting checks passed!
-- Found 0 errors in 14 declarations (plus 3 automatically generated ones) in DifferentialGeometry.Geometry.Collapse.GraphManifold with 5 linters


-- All linting checks passed!
-- Found 0 errors in 8 declarations (plus 36 automatically generated ones) in DifferentialGeometry.Geometry.Collapse.LatePieceGeometry with 5 linters


-- All linting checks passed!
-- Found 0 errors in 2 declarations (plus 1 automatically generated ones) in DifferentialGeometry.Geometry.Collapse.Parameters with 5 linters


-- All linting checks passed!
-- Found 0 errors in 4 declarations (plus 2 automatically generated ones) in DifferentialGeometry.Geometry.Collapse.UniformDerivativeBounds with 5 linters


-- All linting checks passed!
-- Found 0 errors in 2 declarations (plus 0 automatically generated ones) in DifferentialGeometry.Geometry.Comparison.SectionalLowerBound with 5 linters


-- All linting checks passed!
-- Found 0 errors in 2 declarations (plus 12 automatically generated ones) in DifferentialGeometry.Geometry.Connection.TensorNabla.Iterated.Metric with 5 linters


-- All linting checks passed!
-- Found 0 errors in 8 declarations (plus 11 automatically generated ones) in DifferentialGeometry.Geometry.Curvature.Metric.DerivativeNorm with 5 linters


-- All linting checks passed!
-- Found 0 errors in 40 declarations (plus 14 automatically generated ones) in DifferentialGeometry.Geometry.Flow.RicciFlow.LongTime.AnalyticAdmissibility with 5 linters


-- All linting checks passed!
-- Found 0 errors in 24 declarations (plus 26 automatically generated ones) in DifferentialGeometry.Geometry.Flow.RicciFlow.LongTime.CuspExterior with 5 linters


-- All linting checks passed!
-- Found 0 errors in 4 declarations (plus 0 automatically generated ones) in DifferentialGeometry.Geometry.Flow.RicciFlow.LongTime.CuspExteriorProducers with 5 linters


-- All linting checks passed!
-- Found 0 errors in 1 declarations (plus 0 automatically generated ones) in DifferentialGeometry.Geometry.Flow.RicciFlow.LongTime.CuspIncompressibility with 5 linters


-- All linting checks passed!
-- Found 0 errors in 2 declarations (plus 1 automatically generated ones) in DifferentialGeometry.Geometry.Flow.RicciFlow.LongTime.ExteriorDiskComparisons with 5 linters


-- All linting checks passed!
-- Found 0 errors in 8 declarations (plus 3 automatically generated ones) in DifferentialGeometry.Geometry.Flow.RicciFlow.LongTime.ExteriorDiskFlow with 5 linters


-- All linting checks passed!
-- Found 0 errors in 3 declarations (plus 0 automatically generated ones) in DifferentialGeometry.Geometry.Flow.RicciFlow.LongTime.Geometrization with 5 linters


-- All linting checks passed!
-- Found 0 errors in 32 declarations (plus 47 automatically generated ones) in DifferentialGeometry.Geometry.Flow.RicciFlow.LongTime.LateCutGeometry with 5 linters


-- All linting checks passed!
-- Found 0 errors in 11 declarations (plus 2 automatically generated ones) in DifferentialGeometry.Geometry.Flow.RicciFlow.LongTime.LateDecomposition with 5 linters


-- All linting checks passed!
-- Found 0 errors in 2 declarations (plus 0 automatically generated ones) in DifferentialGeometry.Geometry.Flow.RicciFlow.LongTime.Parameters with 5 linters


-- All linting checks passed!
-- Found 0 errors in 43 declarations (plus 24 automatically generated ones) in DifferentialGeometry.Geometry.Flow.RicciFlow.LongTime.PersistentHyperbolicCores with 5 linters


-- All linting checks passed!
-- Found 0 errors in 18 declarations (plus 22 automatically generated ones) in DifferentialGeometry.Geometry.Flow.RicciFlow.LongTime.RegularSlice with 5 linters


-- All linting checks passed!
-- Found 0 errors in 11 declarations (plus 14 automatically generated ones) in DifferentialGeometry.Geometry.Hyperbolic.Cusp with 5 linters


-- All linting checks passed!
-- Found 0 errors in 16 declarations (plus 12 automatically generated ones) in DifferentialGeometry.Geometry.Hyperbolic.FiniteVolumeModel with 5 linters


-- All linting checks passed!
-- Found 0 errors in 3 declarations (plus 7 automatically generated ones) in DifferentialGeometry.Geometry.Hyperbolic.ModelAtlas with 5 linters


-- All linting checks passed!
-- Found 0 errors in 2 declarations (plus 1 automatically generated ones) in DifferentialGeometry.Geometry.Hyperbolic.Rigidity with 5 linters


-- All linting checks passed!
-- Found 0 errors in 19 declarations (plus 12 automatically generated ones) in DifferentialGeometry.Geometry.Hyperbolic.Truncation with 5 linters


-- All linting checks passed!
-- Found 0 errors in 1 declarations (plus 0 automatically generated ones) in DifferentialGeometry.Geometry.Metric.Distance.Neighborhood with 5 linters


-- All linting checks passed!
-- Found 0 errors in 3 declarations (plus 2 automatically generated ones) in DifferentialGeometry.Geometry.Metric.Pullback.FiniteRegularity with 5 linters


-- All linting checks passed!
-- Found 0 errors in 8 declarations (plus 2 automatically generated ones) in DifferentialGeometry.Geometry.MinimalSurface.ExteriorDiskArea with 5 linters


-- All linting checks passed!
-- Found 0 errors in 3 declarations (plus 1 automatically generated ones) in DifferentialGeometry.Geometry.MinimalSurface.ExteriorDiskReparametrization with 5 linters


-- All linting checks passed!
-- Found 0 errors in 3 declarations (plus 0 automatically generated ones) in DifferentialGeometry.Geometry.Thurston.GraphPresentation with 5 linters


-- All linting checks passed!
-- Found 0 errors in 1 declarations (plus 0 automatically generated ones) in DifferentialGeometry.Geometry.Thurston.NonnegativeClassification with 5 linters


-- All linting checks passed!
-- Found 0 errors in 2 declarations (plus 2 automatically generated ones) in DifferentialGeometry.Topology.Connected.FinitePartitions with 5 linters


-- All linting checks passed!
-- Found 0 errors in 1 declarations (plus 0 automatically generated ones) in DifferentialGeometry.Topology.FundamentalGroup.AreaObstruction with 5 linters


-- All linting checks passed!
-- Found 0 errors in 18 declarations (plus 30 automatically generated ones) in DifferentialGeometry.Topology.Manifold.CompactModel with 5 linters


-- All linting checks passed!
-- Found 0 errors in 8 declarations (plus 13 automatically generated ones) in DifferentialGeometry.Topology.ThreeManifold.Geometrization.SphereSummand with 5 linters


-- All linting checks passed!
-- Found 0 errors in 2 declarations (plus 1 automatically generated ones) in DifferentialGeometry.Topology.ThreeManifold.Geometrization.Transport with 5 linters


-- All linting checks passed!
-- Found 0 errors in 85 declarations (plus 66 automatically generated ones) in DifferentialGeometry.Topology.ThreeManifold.GraphManifold.Presentation with 5 linters


-- All linting checks passed!
-- Found 0 errors in 10 declarations (plus 19 automatically generated ones) in DifferentialGeometry.Topology.ThreeManifold.GraphManifold.Refinement with 5 linters


-- All linting checks passed!
-- Found 0 errors in 2 declarations (plus 0 automatically generated ones) in DifferentialGeometry.Topology.ThreeManifold.GraphManifold.SphereSplitting with 5 linters


-- All linting checks passed!
-- Found 0 errors in 3 declarations (plus 36 automatically generated ones) in DifferentialGeometry.Topology.ThreeManifold.GraphManifold.Transport with 5 linters


-- All linting checks passed!
-- Found 0 errors in 1 declarations (plus 0 automatically generated ones) in DifferentialGeometry.Topology.ThreeManifold.TorusCut.CylinderIncompressibility with 5 linters


-- All linting checks passed!
-- Found 0 errors in 15 declarations (plus 17 automatically generated ones) in DifferentialGeometry.Topology.ThreeManifold.TorusCut.Decomposition with 5 linters


-- All linting checks passed!
-- Found 0 errors in 1 declarations (plus 3 automatically generated ones) in DifferentialGeometry.Topology.ThreeManifold.TorusCut.NoCuts with 5 linters


-- All linting checks passed!
