GC.MetricGeometry.exists_factor_approximation_of_common_coordinate.{u_5, u_6, u_7, u_8} {L η θ : ℝ} (hL : 1 ≤ L)
  (hη : 0 < η) (hη1 : η < 1) (hθ : 0 < θ) :
  ∃ ε,
    0 < ε ∧
      ∀ {Z : Type u_5} {E : Type u_6} {X : Type u_7} {Y : Type u_8} [inst : MetricSpace Z] [inst_1 : MetricSpace E]
        [inst_2 : MetricSpace X] [inst_3 : MetricSpace Y] (p : Z) (u : E) (x₀ : X) (y₀ : Y) (b e : ℝ),
        b < ε →
          e < ε →
            ∀ (f : GC.MetricGeometry.KleinerLottApprox p (WithLp.toLp 2 (u, x₀)) b)
              (g : GC.MetricGeometry.KleinerLottApprox p (WithLp.toLp 2 (u, y₀)) e),
              (∀ (z : Z), (f.toFun z).fst = (g.toFun z).fst) →
                ∃ G, ∀ z ∈ Metric.ball p L, dist (G.toFun (f.toFun z).snd) (g.toFun z).snd < θ
'GC.MetricGeometry.exists_factor_approximation_of_common_coordinate' depends on axioms: [propext,
 Classical.choice,
 Quot.sound]
IsPreconnected.lt_iff_lt_of_coarse_bound.{u_1} {X : Type u_1} [PseudoMetricSpace X] {s : Set X} (hs : IsPreconnected s)
  (f : X → ℝ) {C ε a b : ℝ} (hgap : ε < b - a) (hd : ∀ x ∈ s, ∀ y ∈ s, |f x - f y| ≤ C * dist x y + ε)
  (havoid : ∀ x ∈ s, f x < a ∨ b < f x) {x y : X} (hx : x ∈ s) (hy : y ∈ s) : f x < a ↔ f y < a
'IsPreconnected.lt_iff_lt_of_coarse_bound' depends on axioms: [propext, Classical.choice, Quot.sound]
GC.MetricGeometry.exists_restricted_factor_approximation.{u_1, u_2, u_3, u_4} {Z : Type u_1} {E : Type u_2}
  {X : Type u_3} {Y : Type u_4} [MetricSpace Z] [MetricSpace E] [MetricSpace X] [MetricSpace Y] {p : Z} {u : E} {x₀ : X}
  {y₀ : Y} {b η A B D : ℝ} (f : GC.MetricGeometry.KleinerLottApprox p (WithLp.toLp 2 (u, x₀)) b)
  (g : GC.MetricGeometry.KleinerLottApprox x₀ y₀ η)
  (hsegments :
    ∀ (x y : Z), ∃ c, c ⟨0, ⋯⟩ = x ∧ c ⟨1, ⋯⟩ = y ∧ ∀ (s t : ↑(Set.Icc 0 1)), dist (c s) (c t) = dist x y * dist s t)
  (hY : Bornology.IsBounded Set.univ) (hD : Metric.diam Set.univ ≤ D) (hA : 0 < A) (hDA : D + η < A) (hAB : b < B - A)
  (hB : B < η⁻¹) :
  ∃ F,
    (∀ (z : Z), (F.toFun z).fst = (f.toFun z).fst) ∧
      (∀ z ∈ Metric.ball p b⁻¹, ↑(F.toFun z).snd = (f.toFun z).snd) ∧
        Bornology.IsBounded Set.univ ∧ Metric.diam Set.univ ≤ D + η
'GC.MetricGeometry.exists_restricted_factor_approximation' depends on axioms: [propext, Classical.choice, Quot.sound]
GC.MetricGeometry.exists_factor_approximation_of_bounded_target.{u_1, u_2, u_3, u_4} {Z : Type u_1} {E : Type u_2}
  {X : Type u_3} {Y : Type u_4} [MetricSpace Z] [MetricSpace E] [MetricSpace X] [MetricSpace Y] {p : Z} {u : E} {x₀ : X}
  {y₀ : Y} {b η Δ : ℝ} (f : GC.MetricGeometry.KleinerLottApprox p (WithLp.toLp 2 (u, x₀)) b)
  (g : GC.MetricGeometry.KleinerLottApprox x₀ y₀ η)
  (hsegments :
    ∀ (x y : Z), ∃ c, c ⟨0, ⋯⟩ = x ∧ c ⟨1, ⋯⟩ = y ∧ ∀ (s t : ↑(Set.Icc 0 1)), dist (c s) (c t) = dist x y * dist s t)
  (hY : Bornology.IsBounded Set.univ) (hD : Metric.diam Set.univ ≤ 500 * Δ) (hΔ : 1 ≤ Δ) (hη : 900 * Δ < η⁻¹) :
  ∃ F,
    (∀ (z : Z), (F.toFun z).fst = (f.toFun z).fst) ∧
      (∀ z ∈ Metric.ball p b⁻¹, ↑(F.toFun z).snd = (f.toFun z).snd) ∧
        Bornology.IsBounded Set.univ ∧ Metric.diam Set.univ < 1000 * Δ
'GC.MetricGeometry.exists_factor_approximation_of_bounded_target' depends on axioms: [propext,
 Classical.choice,
 Quot.sound]
