'GC.MetricGeometry.isEdgePoint' depends on axioms: [propext, Classical.choice, Quot.sound]
'GC.MetricGeometry.isEdgePoint_of_recentered_interval' depends on axioms: [propext, Classical.choice, Quot.sound]
'GC.MetricGeometry.isEdgePoint_of_lipschitz_scale' depends on axioms: [propext, Classical.choice, Quot.sound]
'GC.MetricGeometry.KleinerLottApprox.stripMap' depends on axioms: [propext, Classical.choice, Quot.sound]
'GC.MetricGeometry.KleinerLottApprox.stripMap_basepoint' depends on axioms: [propext, Classical.choice, Quot.sound]
'GC.MetricGeometry.KleinerLottApprox.stripMap_height' depends on axioms: [propext, Classical.choice, Quot.sound]
'GC.MetricGeometry.KleinerLottApprox.stripMap_estimates' depends on axioms: [propext, Classical.choice, Quot.sound]
'MetricSpace.rescale_one' depends on axioms: [propext, Classical.choice, Quot.sound]
'MetricSpace.rescale_mul' depends on axioms: [propext, Classical.choice, Quot.sound]
'MetricSpace.rescale_inv_ratio' depends on axioms: [propext, Classical.choice, Quot.sound]
'GC.MetricGeometry.lipschitzWith_normalized_scale' depends on axioms: [propext, Classical.choice, Quot.sound]
'GC.MetricGeometry.isEdgePoint.exists_local_half_plane_model' depends on axioms: [propext, Classical.choice, Quot.sound]
'GC.MetricGeometry.isEdgePoint.exists_local_half_plane_model_rescale' depends on axioms: [propext,
 Classical.choice,
 Quot.sound]
'GC.MetricGeometry.KleinerLottApprox.exists_strip_border_lift' depends on axioms: [propext,
 Classical.choice,
 Quot.sound]
'GC.MetricGeometry.KleinerLottApprox.exists_weak_edge_strip_border_lift' depends on axioms: [propext,
 Classical.choice,
 Quot.sound]
'GC.MetricGeometry.KleinerLottApprox.strip_height_lt_of_rescaled_edgePoint' depends on axioms: [propext,
 Classical.choice,
 Quot.sound]
'GC.MetricGeometry.KleinerLottApprox.strip_height_lt_of_weak_edge' depends on axioms: [propext,
 Classical.choice,
 Quot.sound]
'GC.MetricGeometry.KleinerLottApprox.coarse_border_of_lipschitz_scale' depends on axioms: [propext,
 Classical.choice,
 Quot.sound]
'GC.MetricGeometry.isEdgePoint_of_marked_interval_model' depends on axioms: [propext, Classical.choice, Quot.sound]
'GC.MetricGeometry.isEdgePoint_of_ray_model' depends on axioms: [propext, Classical.choice, Quot.sound]
'GC.MetricGeometry.KleinerLottApprox.coverage_witness_radius' depends on axioms: [propext, Classical.choice, Quot.sound]
'GC.MetricGeometry.KleinerLottApprox.exists_product_lift_radius' depends on axioms: [propext,
 Classical.choice,
 Quot.sound]
'GC.MetricGeometry.KleinerLottApprox.exists_nearby_product_lift' depends on axioms: [propext,
 Classical.choice,
 Quot.sound]
'GC.MetricGeometry.exists_strong_edge_interval_lift' depends on axioms: [propext, Classical.choice, Quot.sound]
'GC.MetricGeometry.exists_strong_edge_ray_lift' depends on axioms: [propext, Classical.choice, Quot.sound]
'GC.MetricGeometry.exists_strong_edge_near_interval_model' depends on axioms: [propext, Classical.choice, Quot.sound]
'GC.MetricGeometry.exists_strong_edge_near_ray_model' depends on axioms: [propext, Classical.choice, Quot.sound]
'GC.MetricGeometry.strip_height_lt_of_local_half_plane_model_of_bounded_mark' depends on axioms: [propext,
 Classical.choice,
 Quot.sound]
'GC.MetricGeometry.strip_height_lt_of_local_half_plane_model' depends on axioms: [propext, Classical.choice, Quot.sound]
'GC.MetricGeometry.padded_strip_height_lt_of_half_plane_model' depends on axioms: [propext,
 Classical.choice,
 Quot.sound]
'GC.MetricGeometry.KleinerLottApprox.model_height_lt_of_rescaled_edgePoint' depends on axioms: [propext,
 Classical.choice,
 Quot.sound]
'GC.MetricGeometry.KleinerLottApprox.model_height_lt_of_weak_edge' depends on axioms: [propext,
 Classical.choice,
 Quot.sound]
'GC.MetricGeometry.exists_strong_edge_near_weak_interval_model' depends on axioms: [propext,
 Classical.choice,
 Quot.sound]
'GC.MetricGeometry.exists_strong_edge_near_weak_ray_model' depends on axioms: [propext, Classical.choice, Quot.sound]
'Metric.estimates_of_intersecting_lipschitz_scale_balls' depends on axioms: [propext, Classical.choice, Quot.sound]
'Metric.exists_finite_disjoint_lipschitz_scale_selection' depends on axioms: [propext, Classical.choice, Quot.sound]
