-- Found 0 errors in 3 declarations (plus 3 automatically generated ones) in DifferentialGeometry.Geometry.Metric.Approximation.EdgePoint with 5 linters


-- All linting checks passed!
-- Found 0 errors in 4 declarations (plus 1 automatically generated ones) in DifferentialGeometry.Geometry.Metric.Approximation.StripChart with 5 linters


-- All linting checks passed!
-- Found 0 errors in 4 declarations (plus 0 automatically generated ones) in DifferentialGeometry.Geometry.Metric.Scaling.RescaleComposition with 5 linters


-- All linting checks passed!
-- Found 0 errors in 2 declarations (plus 7 automatically generated ones) in DifferentialGeometry.Geometry.Metric.Approximation.EdgeHalfPlaneModel with 5 linters


-- All linting checks passed!
-- Found 0 errors in 2 declarations (plus 0 automatically generated ones) in DifferentialGeometry.Geometry.Metric.Approximation.EdgeBorderLifts with 5 linters


-- All linting checks passed!
-- Found 0 errors in 8 declarations (plus 10 automatically generated ones) in DifferentialGeometry.Geometry.Metric.Approximation.PaddedStripBoundary with 5 linters


-- All linting checks passed!
-- Found 0 errors in 2 declarations (plus 0 automatically generated ones) in DifferentialGeometry.Geometry.Metric.Approximation.EdgeHeight with 5 linters


-- All linting checks passed!
-- Found 0 errors in 1 declarations (plus 0 automatically generated ones) in DifferentialGeometry.Geometry.Metric.Approximation.EdgeCoarseBorder with 5 linters


-- All linting checks passed!
-- Found 0 errors in 4 declarations (plus 0 automatically generated ones) in DifferentialGeometry.Geometry.Metric.Approximation.StrongEdgePoint with 5 linters


-- All linting checks passed!
-- Found 0 errors in 3 declarations (plus 0 automatically generated ones) in DifferentialGeometry.Geometry.Metric.Approximation.EndpointProductLifts with 5 linters


-- All linting checks passed!
-- Found 0 errors in 3 declarations (plus 0 automatically generated ones) in DifferentialGeometry.Geometry.Metric.Approximation.StrongEdgeLifts with 5 linters


-- All linting checks passed!
-- Found 0 errors in 3 declarations (plus 0 automatically generated ones) in DifferentialGeometry.Geometry.Metric.Approximation.StrongEdgeDensity with 5 linters


-- All linting checks passed!
-- Found 0 errors in 2 declarations (plus 0 automatically generated ones) in DifferentialGeometry.Geometry.Metric.Approximation.MarkedModelHeight with 5 linters


-- All linting checks passed!
-- Found 0 errors in 3 declarations (plus 0 automatically generated ones) in DifferentialGeometry.Geometry.Metric.Approximation.WeakEdgeDensity with 5 linters


-- All linting checks passed!
-- Found 0 errors in 2 declarations (plus 0 automatically generated ones) in DifferentialGeometry.Topology.MetricSpace.LipschitzBallSelection with 5 linters


-- All linting checks passed!
-- Found 0 errors in 2 declarations (plus 2 automatically generated ones) in DifferentialGeometry.Geometry.Metric.Approximation.EdgeDiskCoverage with 5 linters


-- All linting checks passed!
-- Found 0 errors in 2 declarations (plus 0 automatically generated ones) in DifferentialGeometry.Geometry.Metric.Approximation.PrescribedLowDimensionalModel with 5 linters


-- All linting checks passed!
-- Found 0 errors in 1 declarations (plus 0 automatically generated ones) in DifferentialGeometry.Geometry.Metric.Approximation.NonslimFactorEndpoint with 5 linters


-- All linting checks passed!
-- Found 0 errors in 1 declarations (plus 0 automatically generated ones) in DifferentialGeometry.Geometry.Metric.Approximation.CompatibleEndpointModels with 5 linters


-- All linting checks passed!
-- Found 0 errors in 1 declarations (plus 0 automatically generated ones) in DifferentialGeometry.Geometry.Metric.Approximation.StrongEdgeProduction with 5 linters


-- All linting checks passed!
-- Found 0 errors in 1 declarations (plus 0 automatically generated ones) in DifferentialGeometry.Geometry.Metric.Approximation.PhysicalStrongEdgeDensity with 5 linters


-- All linting checks passed!
