ContinuousLinearMap.norm_inverse_apply_le_of_inner_lower_bound.{u_1} {E : Type u_1} [NormedAddCommGroup E]
  [InnerProductSpace ℝ E] [CompleteSpace E] (A : E →L[ℝ] E) {a : ℝ} (ha : 0 < a)
  (hA : ∀ (x : E), a * ‖x‖ ^ 2 ≤ inner ℝ (A x) x) (x : E) : ‖(Ring.inverse A) x‖ ≤ ‖x‖ / a
'ContinuousLinearMap.norm_inverse_apply_le_of_inner_lower_bound' depends on axioms: [propext,
 Classical.choice,
 Quot.sound]
ContinuousLinearMap.inner_inverse_apply_lower_bound.{u_1} {E : Type u_1} [NormedAddCommGroup E] [InnerProductSpace ℝ E]
  [CompleteSpace E] (A : E →L[ℝ] E) (hpos : A.IsPositive) {a b : ℝ} (ha : 0 < a) (hb : 0 < b)
  (hlower : ∀ (x : E), a * ‖x‖ ^ 2 ≤ inner ℝ (A x) x) (hupper : ∀ (x : E), inner ℝ (A x) x ≤ b * ‖x‖ ^ 2) (x y : E) :
  ‖x‖ ^ 2 / b - ‖y - x‖ * ‖x‖ / a ≤ inner ℝ x ((Ring.inverse A) y)
'ContinuousLinearMap.inner_inverse_apply_lower_bound' depends on axioms: [propext, Classical.choice, Quot.sound]
ContinuousLinearMap.dual_apply_inverse_lower_bound.{u_1} {E : Type u_1} [NormedAddCommGroup E] [InnerProductSpace ℝ E]
  [CompleteSpace E] (A : E →L[ℝ] E) (hpos : A.IsPositive) {δ σ : ℝ} (hδ : 0 ≤ δ) (hδ1 : δ < 1)
  (hlower : ∀ (x : E), (1 - δ) * ‖x‖ ^ 2 ≤ inner ℝ (A x) x) (hupper : ∀ (x : E), inner ℝ (A x) x ≤ (1 + δ) * ‖x‖ ^ 2)
  (β ξ : StrongDual ℝ E) (herror : ‖ξ - β‖ ≤ σ) :
  ‖β‖ ^ 2 / (1 + δ) - σ * ‖β‖ / (1 - δ) ≤ β ((Ring.inverse A) ((InnerProductSpace.toDual ℝ E).symm ξ))
'ContinuousLinearMap.dual_apply_inverse_lower_bound' depends on axioms: [propext, Classical.choice, Quot.sound]
ContinuousLinearMap.dual_apply_inverse_pos.{u_1} {E : Type u_1} [NormedAddCommGroup E] [InnerProductSpace ℝ E]
  [CompleteSpace E] (A : E →L[ℝ] E) (hpos : A.IsPositive) {δ σ m : ℝ} (hδ : 0 ≤ δ) (hδ1 : δ < 1)
  (hlower : ∀ (x : E), (1 - δ) * ‖x‖ ^ 2 ≤ inner ℝ (A x) x) (hupper : ∀ (x : E), inner ℝ (A x) x ≤ (1 + δ) * ‖x‖ ^ 2)
  (β ξ : StrongDual ℝ E) (hm : 0 < m) (hβ : m ≤ ‖β‖) (herror : ‖ξ - β‖ ≤ σ) (hbudget : σ < (1 - δ) / (1 + δ) * m) :
  0 < β ((Ring.inverse A) ((InnerProductSpace.toDual ℝ E).symm ξ))
'ContinuousLinearMap.dual_apply_inverse_pos' depends on axioms: [propext, Classical.choice, Quot.sound]
