'Submodule.le_iSup_eigenspace_of_fixed' depends on axioms: [propext, Classical.choice, Quot.sound]
'Submodule.starProjection_eigenspace_iSup_of_fixed' depends on axioms: [propext, Classical.choice, Quot.sound]
'Submodule.eigenspace_iSup_starProjection_comp_of_fixed' depends on axioms: [propext, Classical.choice, Quot.sound]
'Submodule.starProjection_weighted_normal_section' depends on axioms: [propext, Classical.choice, Quot.sound]
'Submodule.finite_affine_family_normal_reduction' depends on axioms: [propext, Classical.choice, Quot.sound]
'ContinuousLinearMap.eigenvector_projection_error_bounds' depends on axioms: [propext, Classical.choice, Quot.sound]
'ContinuousLinearMap.min_norm_mul_norm_le_norm_smul_sub_starProjection' depends on axioms: [propext,
 Classical.choice,
 Quot.sound]
'ContinuousLinearMap.norm_smul_sub_apply_ge_of_norm_sub_starProjection_le' depends on axioms: [propext,
 Classical.choice,
 Quot.sound]
'ContinuousLinearMap.norm_eigenvalue_or_sub_one_le_of_norm_sub_starProjection_le' depends on axioms: [propext,
 Classical.choice,
 Quot.sound]
'ContinuousLinearMap.spectrum_subset_closedBall_union_of_norm_sub_starProjection_le' depends on axioms: [propext,
 Classical.choice,
 Quot.sound]
'ContinuousLinearMap.norm_sub_spectrum_ge_of_norm_sub_starProjection_le' depends on axioms: [propext,
 Classical.choice,
 Quot.sound]
'ContinuousLinearMap.mem_resolventSet_of_norm_sub_starProjection_lt' depends on axioms: [propext,
 Classical.choice,
 Quot.sound]
'ContinuousLinearMap.norm_resolvent_le_of_norm_sub_starProjection_le' depends on axioms: [propext,
 Classical.choice,
 Quot.sound]
'ContDiffWithinAt.resolvent' depends on axioms: [propext, Classical.choice, Quot.sound]
'ContDiffAt.resolvent' depends on axioms: [propext, Classical.choice, Quot.sound]
'ContDiffOn.resolvent' depends on axioms: [propext, Classical.choice, Quot.sound]
'ContDiff.resolvent' depends on axioms: [propext, Classical.choice, Quot.sound]
'HasFDerivAt.resolvent' depends on axioms: [propext, Classical.choice, Quot.sound]
'DifferentiableAt.norm_fderiv_resolvent_le' depends on axioms: [propext, Classical.choice, Quot.sound]
