GC.MetricGeometry.HasEuclideanSplitting.{u, v} {X : Type u} [MetricSpace X] (p : X) (k : ℕ) (ε : ℝ) : Prop
'GC.MetricGeometry.HasEuclideanSplitting' depends on axioms: [propext, Classical.choice, Quot.sound]
GC.MetricGeometry.hasEuclideanSplitting_zero.{u} {X : Type u} [MetricSpace X] (p : X) {ε : ℝ} (hε : 0 < ε)
  (hεone : ε < 1) : GC.MetricGeometry.HasEuclideanSplitting p 0 ε
'GC.MetricGeometry.hasEuclideanSplitting_zero' depends on axioms: [propext, Classical.choice, Quot.sound]
GC.MetricGeometry.splittingRank.{u, v} {X : Type u} [MetricSpace X] (p : X) (β : ℕ → ℝ) (N : ℕ) : ℕ
'GC.MetricGeometry.splittingRank' depends on axioms: [propext, Classical.choice, Quot.sound]
GC.MetricGeometry.splittingRank_le.{u, v} {X : Type u} [MetricSpace X] (p : X) (β : ℕ → ℝ) (N : ℕ) :
  GC.MetricGeometry.splittingRank p β N ≤ N
'GC.MetricGeometry.splittingRank_le' depends on axioms: [propext, Classical.choice, Quot.sound]
GC.MetricGeometry.splittingRank_eq_iff.{u, v} {X : Type u} [MetricSpace X] (p : X) (β : ℕ → ℝ) (N k : ℕ) :
  GC.MetricGeometry.splittingRank p β N = k ↔
    k ≤ N ∧
      (k ≠ 0 → GC.MetricGeometry.HasEuclideanSplitting p k (β k)) ∧
        ∀ (j : ℕ), k < j → j ≤ N → ¬GC.MetricGeometry.HasEuclideanSplitting p j (β j)
'GC.MetricGeometry.splittingRank_eq_iff' depends on axioms: [propext, Classical.choice, Quot.sound]
GC.MetricGeometry.le_splittingRank.{u, v} {X : Type u} [MetricSpace X] (p : X) (β : ℕ → ℝ) {N k : ℕ} (hk : k ≤ N)
  (h : GC.MetricGeometry.HasEuclideanSplitting p k (β k)) : k ≤ GC.MetricGeometry.splittingRank p β N
'GC.MetricGeometry.le_splittingRank' depends on axioms: [propext, Classical.choice, Quot.sound]
GC.MetricGeometry.splittingRank_zero_iff.{u, v} {X : Type u} [MetricSpace X] (p : X) (β : ℕ → ℝ) (N : ℕ) :
  GC.MetricGeometry.splittingRank p β N = 0 ↔
    ∀ (j : ℕ), 0 < j → j ≤ N → ¬GC.MetricGeometry.HasEuclideanSplitting p j (β j)
'GC.MetricGeometry.splittingRank_zero_iff' depends on axioms: [propext, Classical.choice, Quot.sound]
GC.MetricGeometry.edge_recenter_rescale_budgets {Δ Λ q b s b' s' R D : ℝ} (hΔ : 1 ≤ Δ) (hΛ : 0 ≤ Λ) (hq : 0 < q)
  (hb : 0 < b) (hs : 0 < s) (hb' : 0 < b') (hs' : 0 < s') (hsmallb' : b' < 1 / 10000) (hsmalls' : s' < 1 / 10000)
  (hscale : Λ < 1 / (1000000 * Δ)) (hend : Λ < s' / (100000000 * Δ ^ 2)) (hbΔ : b' < 1 / (1000000 * Δ))
  (hsb : s < b' / 100000) (hss : s < s' / 100000) (hbs : b < s / 100000) (hbb : b < b' / 100000)
  (hclose : |q - 1| ≤ 101 * Δ * Λ) (hR : 0 ≤ R) (hRbound : R ≤ 101 * Δ) (hD : 0 ≤ D) (hDbound : D < 2 * b) :
  1 / 2 < q⁻¹ ∧
    q⁻¹ < 2 ∧
      3 * q⁻¹ * b ≤ b' ∧
        R + b'⁻¹ / q⁻¹ + 2 * b ≤ b⁻¹ ∧
          200 * Δ * (1 - q⁻¹) ≤ s' / 100 ∧ D + s'⁻¹ / q⁻¹ + 2 * s ≤ s⁻¹ ∧ 2 * q⁻¹ * D + 3 * q⁻¹ * s ≤ s' / 2
'GC.MetricGeometry.edge_recenter_rescale_budgets' depends on axioms: [propext, Classical.choice, Quot.sound]
GC.MetricGeometry.abs_scale_ratio_sub_one_le.{u_1} {X : Type u_1} [MetricSpace X] {ρ : X → ℝ} {Λ : NNReal}
  (hρ : LipschitzWith Λ ρ) {p a : X} (hp : 0 < ρ p) : |ρ a / ρ p - 1| ≤ ↑Λ * (dist a p / ρ p)
'GC.MetricGeometry.abs_scale_ratio_sub_one_le' depends on axioms: [propext, Classical.choice, Quot.sound]
