\BOOKMARK [1][-]{section.1}{\376\377\000I\000n\000t\000r\000o\000d\000u\000c\000t\000i\000o\000n}{}% 1
\BOOKMARK [1][-]{section.2}{\376\377\000F\000o\000r\000m\000a\000l\000i\000z\000a\000t\000i\000o\000n\000\040\000s\000t\000a\000t\000u\000s\000\040\000a\000n\000d\000\040\000t\000e\000r\000m\000i\000n\000o\000l\000o\000g\000y}{}% 2
\BOOKMARK [1][-]{section.3}{\376\377\000D\000i\000f\000f\000e\000r\000e\000n\000t\000i\000a\000l\000-\000g\000e\000o\000m\000e\000t\000r\000i\000c\000\040\000i\000n\000f\000r\000a\000s\000t\000r\000u\000c\000t\000u\000r\000e\000\040\000i\000n\000\040\000L\000e\000a\000n}{}% 3
\BOOKMARK [2][-]{subsection.3.1}{\376\377\000T\000e\000n\000s\000o\000r\000\040\000b\000u\000n\000d\000l\000e\000s\000\040\000a\000n\000d\000\040\000t\000h\000e\000o\000r\000e\000m\000-\000f\000a\000c\000i\000n\000g\000\040\000p\000r\000e\000d\000i\000c\000a\000t\000e\000s}{section.3}% 4
\BOOKMARK [2][-]{subsection.3.2}{\376\377\000C\000o\000n\000s\000t\000r\000u\000c\000t\000i\000o\000n\000\040\000o\000f\000\040\000t\000h\000e\000\040\000L\000e\000v\000i\000-\000C\000i\000v\000i\000t\000a\000\040\000c\000o\000n\000n\000e\000c\000t\000i\000o\000n}{section.3}% 5
\BOOKMARK [3][-]{subsubsection.3.2.1}{\376\377\000L\000i\000n\000e\000a\000r\000\040\000c\000o\000n\000n\000e\000c\000t\000i\000o\000n\000s\000\040\000o\000n\000\040\000T\000M\000\040\000a\000n\000d\000\040\000t\000h\000e\000i\000r\000\040\000a\000c\000t\000i\000o\000n\000s\000\040\000o\000n\000\040\000t\000e\000n\000s\000o\000r\000s}{subsection.3.2}% 6
\BOOKMARK [3][-]{subsubsection.3.2.2}{\376\377\000L\000i\000n\000e\000a\000r\000\040\000c\000o\000n\000n\000e\000c\000t\000i\000o\000n\000s\000\040\000i\000n\000\040\000m\000a\000t\000h\000l\000i\000b\000\040\000a\000n\000d\000\040\000t\000h\000e\000\040\000L\000e\000v\000i\000-\000C\000i\000v\000i\000t\000a\000\040\000c\000o\000n\000n\000e\000c\000t\000i\000o\000n}{subsection.3.2}% 7
\BOOKMARK [2][-]{subsection.3.3}{\376\377\000I\000n\000d\000u\000c\000e\000d\000\040\000c\000o\000v\000a\000r\000i\000a\000n\000t\000\040\000d\000e\000r\000i\000v\000a\000t\000i\000v\000e\000s\000\040\000o\000n\000\040\000t\000e\000n\000s\000o\000r\000\040\000f\000i\000e\000l\000d\000s\000\040\000i\000n\000\040\000L\000e\000a\000n}{section.3}% 8
\BOOKMARK [2][-]{subsection.3.4}{\376\377\000C\000o\000o\000r\000d\000i\000n\000a\000t\000e\000\040\000C\000h\000r\000i\000s\000t\000o\000f\000f\000e\000l\000\040\000s\000y\000m\000b\000o\000l\000s}{section.3}% 9
\BOOKMARK [2][-]{subsection.3.5}{\376\377\000A\000\040\000c\000o\000n\000c\000r\000e\000t\000e\000\040\000c\000h\000e\000c\000k\000e\000d\000\040\000e\000x\000a\000m\000p\000l\000e\000:\000\040\000t\000h\000e\000\040\000g\000e\000n\000e\000r\000a\000l\000\040\000m\000i\000x\000e\000d\000-\000t\000e\000n\000s\000o\000r\000\040\000c\000o\000o\000r\000d\000i\000n\000a\000t\000e\000\040\000f\000o\000r\000m\000u\000l\000a}{section.3}% 10
\BOOKMARK [1][-]{section.4}{\376\377\000M\000a\000i\000n\000\040\000g\000o\000a\000l\000\040\000a\000n\000d\000\040\000g\000l\000o\000b\000a\000l\000\040\000c\000o\000n\000v\000e\000n\000t\000i\000o\000n\000s}{}% 11
\BOOKMARK [2][-]{subsection.4.1}{\376\377\000G\000r\000o\000u\000n\000d\000\040\000g\000e\000o\000m\000e\000t\000r\000i\000c\000\040\000d\000e\000f\000i\000n\000i\000t\000i\000o\000n\000s\000\040\000n\000e\000e\000d\000e\000d\000\040\000b\000y\000\040\000t\000h\000e\000\040\000e\000n\000d\000p\000o\000i\000n\000t}{section.4}% 12
\BOOKMARK [2][-]{subsection.4.2}{\376\377\000T\000h\000e\000\040\000m\000a\000i\000n\000\040\000L\000e\000a\000n\000\040\000e\000n\000d\000p\000o\000i\000n\000t}{section.4}% 13
\BOOKMARK [1][-]{section.5}{\376\377\000L\000o\000c\000a\000l\000\040\000t\000e\000n\000s\000o\000r\000-\000c\000a\000l\000c\000u\000l\000u\000s\000\040\000a\000n\000d\000\040\000d\000i\000f\000f\000e\000r\000e\000n\000t\000i\000a\000l\000-\000g\000e\000o\000m\000e\000t\000r\000i\000c\000\040\000c\000a\000l\000c\000u\000l\000a\000t\000i\000o\000n\000s}{}% 14
\BOOKMARK [2][-]{subsection.5.1}{\376\377\000F\000o\000u\000n\000d\000a\000t\000i\000o\000n\000a\000l\000\040\000g\000e\000o\000m\000e\000t\000r\000i\000c\000\040\000c\000o\000n\000v\000e\000n\000t\000i\000o\000n\000s}{section.5}% 15
\BOOKMARK [2][-]{subsection.5.2}{\376\377\000E\000v\000o\000l\000u\000t\000i\000o\000n\000\040\000e\000q\000u\000a\000t\000i\000o\000n\000s}{section.5}% 16
\BOOKMARK [3][-]{subsubsection.5.2.1}{\376\377\000M\000e\000t\000r\000i\000c\000\040\000a\000n\000d\000\040\000c\000o\000n\000n\000e\000c\000t\000i\000o\000n\000\040\000v\000a\000r\000i\000a\000t\000i\000o\000n}{subsection.5.2}% 17
\BOOKMARK [3][-]{subsubsection.5.2.2}{\376\377\000R\000i\000c\000c\000i\000,\000\040\000s\000c\000a\000l\000a\000r\000\040\000c\000u\000r\000v\000a\000t\000u\000r\000e\000,\000\040\000a\000n\000d\000\040\000R\000i\000c\000c\000i\000\040\000n\000o\000r\000m}{subsection.5.2}% 18
\BOOKMARK [2][-]{subsection.5.3}{\376\377\000T\000h\000r\000e\000e\000-\000d\000i\000m\000e\000n\000s\000i\000o\000n\000a\000l\000\040\000c\000u\000r\000v\000a\000t\000u\000r\000e\000\040\000a\000l\000g\000e\000b\000r\000a}{section.5}% 19
\BOOKMARK [1][-]{section.6}{\376\377\000A\000n\000a\000l\000y\000t\000i\000c\000\040\000i\000n\000p\000u\000t\000s\000\040\000a\000n\000d\000\040\000m\000a\000x\000i\000m\000u\000m\000-\000p\000r\000i\000n\000c\000i\000p\000l\000e\000\040\000c\000o\000n\000s\000u\000m\000e\000r\000s}{}% 20
\BOOKMARK [2][-]{subsection.6.1}{\376\377\000R\000i\000c\000c\000i\000\040\000f\000l\000o\000w\000\040\000a\000n\000d\000\040\000s\000h\000o\000r\000t\000-\000t\000i\000m\000e\000\040\000e\000x\000i\000s\000t\000e\000n\000c\000e}{section.6}% 21
\BOOKMARK [2][-]{subsection.6.2}{\376\377\000M\000a\000x\000i\000m\000a\000l\000\040\000R\000i\000c\000c\000i\000\040\000f\000l\000o\000w\000\040\000i\000n\000t\000e\000r\000v\000a\000l}{section.6}% 22
\BOOKMARK [2][-]{subsection.6.3}{\376\377\000M\000a\000x\000i\000m\000u\000m\000\040\000p\000r\000i\000n\000c\000i\000p\000l\000e\000s}{section.6}% 23
\BOOKMARK [2][-]{subsection.6.4}{\376\377\000P\000r\000e\000s\000e\000r\000v\000a\000t\000i\000o\000n\000\040\000o\000f\000\040\000R\000i\000c\000c\000i\000\040\000p\000o\000s\000i\000t\000i\000v\000i\000t\000y\000\040\000a\000n\000d\000\040\000R\000i\000c\000c\000i\000\040\000p\000i\000n\000c\000h\000i\000n\000g}{section.6}% 24
\BOOKMARK [2][-]{subsection.6.5}{\376\377\000T\000h\000e\000\040\000i\000m\000p\000r\000o\000v\000e\000d\000\040\000R\000i\000c\000c\000i\000\040\000p\000i\000n\000c\000h\000i\000n\000g\000\040\000q\000u\000a\000n\000t\000i\000t\000y}{section.6}% 25
\BOOKMARK [3][-]{subsubsection.6.5.1}{\376\377\000D\000e\000f\000i\000n\000i\000t\000i\000o\000n\000\040\000a\000n\000d\000\040\000e\000v\000o\000l\000u\000t\000i\000o\000n\000\040\000o\000f\000\040\000t\000h\000e\000\040\000p\000i\000n\000c\000h\000i\000n\000g\000\040\000q\000u\000a\000n\000t\000i\000t\000y}{subsection.6.5}% 26
\BOOKMARK [3][-]{subsubsection.6.5.2}{\376\377\000T\000h\000e\000\040\000a\000l\000g\000e\000b\000r\000a\000i\000c\000\040\000e\000s\000t\000i\000m\000a\000t\000e\000\040\000f\000o\000r\000\040\000Q}{subsection.6.5}% 27
\BOOKMARK [1][-]{section.7}{\376\377\000C\000o\000m\000p\000a\000c\000t\000n\000e\000s\000s\000,\000\040\000t\000r\000a\000n\000s\000f\000e\000r\000,\000\040\000a\000n\000d\000\040\000t\000o\000p\000o\000l\000o\000g\000i\000c\000a\000l\000\040\000i\000n\000t\000e\000r\000f\000a\000c\000e\000s}{}% 28
\BOOKMARK [2][-]{subsection.7.1}{\376\377\000A\000u\000x\000i\000l\000i\000a\000r\000y\000\040\000e\000s\000t\000i\000m\000a\000t\000e\000s\000\040\000a\000n\000d\000\040\000b\000l\000a\000c\000k\000-\000b\000o\000x\000\040\000i\000n\000t\000e\000r\000f\000a\000c\000e\000s\000\040\000f\000o\000r\000\040\000t\000h\000e\000\040\000b\000l\000o\000w\000-\000u\000p\000\040\000a\000r\000g\000u\000m\000e\000n\000t}{section.7}% 29
\BOOKMARK [1][-]{section.8}{\376\377\000C\000o\000m\000p\000l\000e\000t\000i\000o\000n\000\040\000o\000f\000\040\000t\000h\000e\000\040\000p\000r\000o\000o\000f}{}% 30
\BOOKMARK [1][-]{section.9}{\376\377\000D\000e\000p\000e\000n\000d\000e\000n\000c\000y\000\040\000l\000e\000d\000g\000e\000r\000\040\000f\000o\000r\000\040\000f\000u\000t\000u\000r\000e\000\040\000f\000o\000r\000m\000a\000l\000i\000z\000a\000t\000i\000o\000n}{}% 31
\BOOKMARK [1][-]{section.10}{\376\377\000T\000h\000e\000o\000r\000e\000m\000-\000t\000o\000-\000L\000e\000a\000n\000\040\000r\000e\000f\000e\000r\000e\000n\000c\000e\000\040\000t\000a\000b\000l\000e}{}% 32
\BOOKMARK [1][-]{section.11}{\376\377\000S\000u\000m\000m\000a\000r\000y\000\040\000o\000f\000\040\000H\000a\000m\000i\000l\000t\000o\000n\000'\000s\000\040\000p\000r\000o\000o\000f\000\040\000a\000n\000d\000\040\000a\000\040\000f\000e\000w\000\040\000o\000f\000\040\000i\000t\000s\000\040\000v\000a\000r\000i\000a\000n\000t\000s}{}% 33
\BOOKMARK [2][-]{subsection.11.1}{\376\377\000T\000h\000e\000\040\000f\000o\000r\000m\000a\000l\000i\000z\000e\000d\000\040\000v\000a\000r\000i\000a\000n\000t}{section.11}% 34
\BOOKMARK [2][-]{subsection.11.2}{\376\377\000H\000a\000m\000i\000l\000t\000o\000n\000'\000s\000\040\000o\000r\000i\000g\000i\000n\000a\000l\000\040\000p\000r\000o\000o\000f}{section.11}% 35
\BOOKMARK [2][-]{subsection.11.3}{\376\377\000C\000o\000n\000v\000e\000r\000g\000e\000n\000c\000e\000-\000t\000o\000-\000s\000o\000l\000i\000t\000o\000n\000\040\000v\000a\000r\000i\000a\000n\000t}{section.11}% 36
\BOOKMARK [1][-]{section.12}{\376\377\000A\000p\000p\000e\000n\000d\000i\000x}{}% 37
\BOOKMARK [2][-]{subsection.12.1}{\376\377\000B\000a\000s\000i\000c\000\040\000R\000i\000e\000m\000a\000n\000n\000i\000a\000n\000\040\000G\000e\000o\000m\000e\000t\000r\000y}{section.12}% 38
\BOOKMARK [3][-]{subsubsection.12.1.1}{\376\377\000L\000e\000v\000i\000-\000C\000i\000v\000i\000t\000a\000,\000\040\000R\000i\000e\000m\000a\000n\000n\000,\000\040\000R\000i\000c\000c\000i\000,\000\040\000a\000n\000d\000\040\000s\000c\000a\000l\000a\000r\000\040\000c\000u\000r\000v\000a\000t\000u\000r\000e}{subsection.12.1}% 39
\BOOKMARK [2][-]{subsection.12.2}{\376\377\000T\000e\000n\000s\000o\000r\000\040\000c\000a\000l\000c\000u\000l\000u\000s}{section.12}% 40
\BOOKMARK [3][-]{subsubsection.12.2.1}{\376\377\000T\000e\000n\000s\000o\000r\000s}{subsection.12.2}% 41
\BOOKMARK [3][-]{subsubsection.12.2.2}{\376\377\000C\000o\000v\000a\000r\000i\000a\000n\000t\000\040\000d\000i\000f\000f\000e\000r\000e\000n\000t\000i\000a\000t\000i\000o\000n\000\040\000o\000f\000\040\000t\000e\000n\000s\000o\000r\000s}{subsection.12.2}% 42
\BOOKMARK [3][-]{subsubsection.12.2.3}{\376\377\000I\000n\000d\000e\000x\000\040\000n\000o\000t\000a\000t\000i\000o\000n\000\040\000f\000o\000r\000\040\000t\000e\000n\000s\000o\000r\000s}{subsection.12.2}% 43
\BOOKMARK [3][-]{subsubsection.12.2.4}{\376\377\000T\000h\000e\000\040\000R\000i\000c\000c\000i\000\040\000I\000d\000e\000n\000t\000i\000t\000i\000e\000s}{subsection.12.2}% 44
\BOOKMARK [3][-]{subsubsection.12.2.5}{\376\377\000I\000n\000n\000e\000r\000\040\000p\000r\000o\000d\000u\000c\000t\000s\000\040\000a\000n\000d\000\040\000n\000o\000r\000m\000s\000\040\000o\000f\000\040\000t\000e\000n\000s\000o\000r\000s}{subsection.12.2}% 45
\BOOKMARK [2][-]{subsection.12.3}{\376\377\000T\000h\000e\000\040\000L\000a\000p\000l\000a\000c\000e\000\040\000o\000p\000e\000r\000a\000t\000o\000r}{section.12}% 46
\BOOKMARK [3][-]{subsubsection.12.3.1}{\376\377\000T\000h\000e\000\040\000r\000o\000u\000g\000h\000\040\000L\000a\000p\000l\000a\000c\000i\000a\000n\000\040\000a\000n\000d\000\040\000t\000h\000e\000\040\000d\000i\000v\000e\000r\000g\000e\000n\000c\000e}{subsection.12.3}% 47
\BOOKMARK [3][-]{subsubsection.12.3.2}{\376\377\000T\000h\000e\000\040\000f\000u\000n\000d\000a\000m\000e\000n\000t\000a\000l\000\040\000B\000o\000c\000h\000n\000e\000r\000\040\000f\000o\000r\000m\000u\000l\000a}{subsection.12.3}% 48
\BOOKMARK [2][-]{subsection.12.4}{\376\377\000F\000i\000r\000s\000t\000\040\000v\000a\000r\000i\000a\000t\000i\000o\000n\000\040\000o\000f\000\040\000t\000h\000e\000\040\000C\000h\000r\000i\000s\000t\000o\000f\000f\000e\000l\000\040\000s\000y\000m\000b\000o\000l\000s}{section.12}% 49
\BOOKMARK [2][-]{subsection.12.5}{\376\377\000S\000h\000o\000r\000t\000\040\000t\000i\000m\000e\000\040\000e\000x\000i\000s\000t\000e\000n\000c\000e}{section.12}% 50
\BOOKMARK [2][-]{subsection.12.6}{\376\377\000M\000a\000x\000i\000m\000a\000l\000\040\000R\000i\000c\000c\000i\000\040\000f\000l\000o\000w\000\040\000i\000n\000t\000e\000r\000v\000a\000l}{section.12}% 51
