'DifferentialGeometry.Geometry.Comparison.Toponogov.PairedComparisonPacket.injective_anchors' depends on axioms: [propext,
 Classical.choice,
 Quot.sound]
'DifferentialGeometry.Geometry.Comparison.Toponogov.PairedComparisonPacket.exists_positive_anchor_bounds' depends on axioms: [propext,
 Classical.choice,
 Quot.sound]
'DifferentialGeometry.Geometry.Comparison.Toponogov.exists_rank_three_packet_near_of_dimH_gt_two' depends on axioms: [propext,
 Classical.choice,
 Quot.sound]
'DifferentialGeometry.Geometry.Comparison.Toponogov.PairedComparisonPacket.exists_uniform_metric_perturbation' depends on axioms: [propext,
 Classical.choice,
 Quot.sound]
'DifferentialGeometry.Geometry.Comparison.Toponogov.PairedComparisonPacket.eventually_uniform_lift' depends on axioms: [propext,
 Classical.choice,
 Quot.sound]
'DifferentialGeometry.Geometry.Comparison.Toponogov.PairedComparisonPacket.cube_subset_distanceCoordinates_image_three' depends on axioms: [propext,
 Classical.choice,
 Quot.sound]
'MeasureTheory.euclideanHausdorffFactor' depends on axioms: [propext, Classical.choice, Quot.sound]
'MeasureTheory.euclideanHausdorffFactor_pos' depends on axioms: [propext, Classical.choice, Quot.sound]
'MeasureTheory.normalizedHausdorffMeasure' depends on axioms: [propext, Classical.choice, Quot.sound]
'MeasureTheory.normalizedHausdorffMeasure_euclidean' depends on axioms: [propext, Classical.choice, Quot.sound]
'MeasureTheory.normalizedHausdorffMeasure_image_le' depends on axioms: [propext, Classical.choice, Quot.sound]
'MeasureTheory.volume_euclidean_coordinate_cube' depends on axioms: [propext, Classical.choice, Quot.sound]
'MeasureTheory.cube_le_normalizedHausdorffMeasure' depends on axioms: [propext, Classical.choice, Quot.sound]
'MeasureTheory.cube_le_normalizedHausdorffMeasure_three' depends on axioms: [propext, Classical.choice, Quot.sound]
'GC.MetricGeometry.PointedGHConverges.eventually_normalizedHausdorffMeasure_ball_lower_bound' depends on axioms: [propext,
 Classical.choice,
 Quot.sound]
'Filter.exists_positive_test_bound_of_pointwise_eventual_bounds' depends on axioms: [propext,
 Classical.choice,
 Quot.sound]
