'DifferentialGeometry.Geometry.Riemannian.VolumeComparison.ballVolume_mul_scale_le_model_ratio' depends on axioms: [propext,
 Classical.choice,
 Quot.sound]
'DifferentialGeometry.Geometry.Riemannian.VolumeComparison.exists_finite_scale_cover_of_ricci_bound' depends on axioms: [propext,
 Classical.choice,
 Quot.sound]
'ContinuousLinearMap.pruned_graph_range_surjective_of_approximation' depends on axioms: [propext,
 Classical.choice,
 Quot.sound]
'DifferentialGeometry.Analysis.pruned_graph_derivative_surjective_of_approximation' depends on axioms: [propext,
 Classical.choice,
 Quot.sound]
'GC.MetricGeometry.nearby_scale_comparison_of_retained_markers' depends on axioms: [propext,
 Classical.choice,
 Quot.sound]
'GC.MetricGeometry.small_radius_lt_half_reference_of_contributing_support' depends on axioms: [propext,
 Classical.choice,
 Quot.sound]
'ContinuousLinearMap.norm_on_segment_le_of_vanishing_at_small_scale' depends on axioms: [propext,
 Classical.choice,
 Quot.sound]
