⚠ [2465/2476] Replayed DifferentialGeometry.Bundle.Equiv
warning: DifferentialGeometry/Bundle/Equiv.lean:293:4: `dif_pos` has been deprecated: Use `dite_eq_left` instead

Hint: Replace the deprecated name:
  d̵i̵f̵_̵p̵o̵s̵d̲i̲t̲e̲_̲e̲q̲_̲l̲e̲f̲t̲
warning: DifferentialGeometry/Bundle/Equiv.lean:313:4: `dif_pos` has been deprecated: Use `dite_eq_left` instead

Hint: Replace the deprecated name:
  d̵i̵f̵_̵p̵o̵s̵d̲i̲t̲e̲_̲e̲q̲_̲l̲e̲f̲t̲
⚠ [2856/2875] Replayed DifferentialGeometry.Topology.Manifold.OpenSubtype
warning: DifferentialGeometry/Topology/Manifold/OpenSubtype.lean:123:8: `if_pos` has been deprecated: Use `ite_eq_left` instead

Hint: Replace the deprecated name:
  i̵f̵_̵p̵o̵s̵i̲t̲e̲_̲e̲q̲_̲l̲e̲f̲t̲
warning: DifferentialGeometry/Topology/Manifold/OpenSubtype.lean:123:19: `if_pos` has been deprecated: Use `ite_eq_left` instead

Hint: Replace the deprecated name:
  i̵f̵_̵p̵o̵s̵i̲t̲e̲_̲e̲q̲_̲l̲e̲f̲t̲
warning: DifferentialGeometry/Topology/Manifold/OpenSubtype.lean:126:8: `if_neg` has been deprecated: Use `ite_eq_right` instead

Hint: Replace the deprecated name:
  i̵f̵_̵n̵e̵g̵i̲t̲e̲_̲e̲q̲_̲r̲i̲g̲h̲t̲
warning: DifferentialGeometry/Topology/Manifold/OpenSubtype.lean:126:19: `if_neg` has been deprecated: Use `ite_eq_right` instead

Hint: Replace the deprecated name:
  i̵f̵_̵n̵e̵g̵i̲t̲e̲_̲e̲q̲_̲r̲i̲g̲h̲t̲
✔ [2901/2915] Built DifferentialGeometry.Topology.SigmaCompactOpen (3.7s)
✔ [2907/2915] Built DifferentialGeometry.Topology.Manifold.PartialDiffeomorph.Opens (5.4s)
✔ [2908/2926] Built DifferentialGeometry.Geometry.Metric.Pullback.PartialDiffeomorph.OpenSubtype (6.9s)
⚠ [2914/2926] Replayed DifferentialGeometry.Analysis.Calculus.AnalyticTransfer
warning: DifferentialGeometry/Analysis/Calculus/AnalyticTransfer.lean:52:9: `Submodule.coe_norm` has been deprecated: use `norm_coe`
⚠ [2918/2926] Replayed DifferentialGeometry.Tensor.Multilinear.Bundle.Basis
warning: DifferentialGeometry/Tensor/Multilinear/Bundle/Basis.lean:74:51: `if_neg` has been deprecated: Use `ite_eq_right` instead

Hint: Replace the deprecated name:
  i̵f̵_̵n̵e̵g̵i̲t̲e̲_̲e̲q̲_̲r̲i̲g̲h̲t̲
✔ [3055/3078] Built DifferentialGeometry.Geometry.Metric.Pullback.Basic (9.5s)
✔ [3056/3078] Built DifferentialGeometry.Geometry.Metric.Path.Composition (6.2s)
✔ [3063/3093] Built DifferentialGeometry.Topology.Manifold.LocalDiffeomorph.Open (5.1s)
✔ [3104/3116] Built Mathlib.Analysis.InnerProductSpace.Spectrum (6.1s)
✔ [3105/3130] Built DifferentialGeometry.Geometry.Metric.Distance.Basic (4.7s)
✔ [3120/3163] Built Mathlib.Tactic.CategoryTheory.Bicategory.Basic (4.7s)
✔ [3145/3163] Built Mathlib.CategoryTheory.Bicategory.Functor.Prelax (2.6s)
✔ [3147/3163] Built DifferentialGeometry.Geometry.Metric.Pullback.Cross (7.4s)
✔ [3148/3171] Built Mathlib.Analysis.Matrix.Spectrum (4.6s)
✔ [3150/3171] Built Mathlib.Tactic.CategoryTheory.ToApp (2.8s)
✔ [3152/3171] Built Mathlib.Analysis.Matrix.PosDef (4.3s)
✔ [3153/3173] Built Mathlib.CategoryTheory.Bicategory.Functor.Oplax (4.1s)
✔ [3155/3176] Built DifferentialGeometry.Geometry.Metric.Pullback.Local (7.6s)
✔ [3156/3176] Built Mathlib.CategoryTheory.Monoidal.Category (7.7s)
✔ [3157/3178] Built Mathlib.CategoryTheory.Bicategory.Functor.Lax (4.4s)
✔ [3159/3178] Built Mathlib.CategoryTheory.Adjunction.FullyFaithful (2.8s)
✔ [3161/3178] Built Mathlib.Tactic.CategoryTheory.MonoidalComp (2.0s)
✔ [3163/3178] Built DifferentialGeometry.Geometry.Metric.Coordinates.ChartGram (6.7s)
✔ [3164/3178] Built DifferentialGeometry.Geometry.Metric.Product (7.3s)
✔ [3165/3178] Built Mathlib.CategoryTheory.Bicategory.Functor.Pseudofunctor (5.7s)
✔ [3166/3178] Built Mathlib.Tactic.CategoryTheory.Monoidal.Datatypes (3.8s)
✔ [3167/3178] Built DifferentialGeometry.Analysis.Integration.Measure.Chart.Density (4.8s)
✔ [3168/3178] Built DifferentialGeometry.Geometry.Metric.TensorInner.Tangent.ContinuousRiemannianMetric (3.8s)
✔ [3169/3178] Built Mathlib.CategoryTheory.Bicategory.Free (5.4s)
✔ [3170/3184] Built Mathlib.CategoryTheory.Monoidal.Functor (10s)
✔ [3171/3184] Built Mathlib.Tactic.CategoryTheory.Monoidal.PureCoherence (4.1s)
✔ [3174/3185] Built Mathlib.Tactic.CategoryTheory.Monoidal.Normalize (4.4s)
✔ [3177/3195] Built Mathlib.Tactic.CategoryTheory.BicategoryCoherence (2.7s)
✔ [3202/3213] Built Mathlib.CategoryTheory.Monoidal.Free.Basic (3.7s)
✔ [3204/3214] Built Mathlib.LinearAlgebra.Matrix.Echelon.Pivot (2.6s)
✔ [3206/3221] Built DifferentialGeometry.Geometry.Metric.TensorInner.Tangent.NormDiamond (6.3s)
✔ [3233/3243] Built Mathlib.Tactic.CategoryTheory.Monoidal.Basic (4.2s)
✔ [3234/3265] Built Mathlib.Tactic.Inclusion.Extension.IntervalDyadicReal.BinarySplit (1.8s)
✔ [3235/3265] Built Mathlib.Tactic.Inclusion.Extension.IntervalDyadicReal.Hypotheses (2.3s)
✔ [3255/3265] Built Mathlib.LinearAlgebra.Matrix.Echelon.Decomposition (2.7s)
✔ [3257/3271] Built Mathlib.Tactic.CategoryTheory.Coherence (3.1s)
✔ [3260/3271] Built Mathlib.Tactic.Inclusion.Extension.IntervalDyadicReal.Basic (1.9s)
✔ [3261/3271] Built Mathlib.Tactic.NormNum.IsCoprime (1.0s)
✔ [3262/3271] Built Mathlib.Tactic.Echelon.Cert (2.4s)
✔ [3263/3271] Built Mathlib.LinearAlgebra.Matrix.Determinant.Bird.Correctness (2.6s)
✔ [3264/3271] Built Mathlib.Tactic.Inclusion.Extension.IntervalDyadicReal.Rational (2.1s)
✔ [3265/3271] Built Mathlib.Tactic.Echelon.Bareiss (2.4s)
✔ [3266/3271] Built Mathlib.NumberTheory.Real.Irrational (3.2s)
✔ [3267/3274] Built Mathlib.Tactic.NormNum.IsSquare (3.4s)
✔ [3268/3274] Built Mathlib.Data.Int.Range (1.4s)
✔ [3269/3276] Built Mathlib.Tactic.Inclusion.Extension.IntervalDyadicReal.Tactic (2.0s)
✔ [3270/3280] Built Mathlib.Tactic.NormDet (2.5s)
✔ [3271/3280] Built Mathlib.Tactic.NormNum.Irrational (4.0s)
✔ [3272/3282] Built Mathlib.Algebra.Field.ZMod (2.2s)
✔ [3273/3282] Built Mathlib.Algebra.CharP.Algebra (2.6s)
✔ [3274/3282] Built Mathlib.NumberTheory.MulChar.Basic (3.9s)
✔ [3275/3285] Built Mathlib.Data.Nat.Factorization.PrimePow (2.0s)
✔ [3276/3285] Built Mathlib.Data.PNat.Prime (2.7s)
✔ [3277/3287] Built Mathlib.Data.ZMod.ValMinAbs (3.4s)
✔ [3278/3287] Built Mathlib.NumberTheory.LegendreSymbol.ZModChar (3.1s)
✔ [3279/3287] Built Mathlib.FieldTheory.RatFunc.Defs (3.2s)
✔ [3280/3287] Built Mathlib.RingTheory.Adjoin.Polynomial.Transcendental (3.2s)
✔ [3281/3290] Built Mathlib.Algebra.Order.Ring.IsNonarchimedean (3.2s)
✔ [3282/3294] Built Mathlib.Data.Int.WithZero (1.0s)
✔ [3285/3296] Built Mathlib.RingTheory.LocalRing.MaximalIdeal.Defs (2.1s)
✔ [3287/3296] Built Mathlib.FieldTheory.Finite.Basic (4.0s)
✔ [3288/3298] Built Mathlib.RingTheory.Ideal.Quotient.Nilpotent (3.3s)
✔ [3289/3301] Built Mathlib.RingTheory.LocalRing.MaximalIdeal.Basic (3.1s)
✔ [3290/3301] Built Mathlib.RingTheory.KrullDimension.Basic (3.4s)
✔ [3291/3303] Built Mathlib.RingTheory.Localization.NumDen (3.1s)
✔ [3292/3303] Built Mathlib.NumberTheory.LegendreSymbol.QuadraticChar.Basic (4.1s)
✔ [3293/3311] Built Mathlib.FieldTheory.RatFunc.Basic (10s)
✔ [3298/3311] Built Mathlib.RingTheory.Ideal.Quotient.PowTransition (3.7s)
✔ [3300/3311] Built Mathlib.NumberTheory.LegendreSymbol.Basic (3.8s)
✔ [3301/3317] Built Mathlib.RingTheory.LocalRing.RingHom.Basic (3.4s)
✔ [3302/3317] Built Mathlib.RingTheory.FiniteLength (2.6s)
✔ [3303/3318] Built Mathlib.Algebra.GroupWithZero.Submonoid.Instances (1.7s)
✔ [3304/3318] Built Mathlib.Algebra.Order.GroupWithZero.WithZero (2.3s)
✔ [3305/3321] Built Mathlib.RingTheory.Localization.AtPrime.Basic (13s)
✔ [3306/3321] Built Mathlib.RingTheory.Length (4.5s)
✔ [3307/3321] Built Mathlib.Algebra.GroupWithZero.Range (4.1s)
✔ [3308/3321] Built Mathlib.RingTheory.AdicCompletion.Basic (9.1s)
✔ [3309/3321] Built Mathlib.RingTheory.Bezout (3.2s)
✔ [3310/3328] Built Mathlib.RingTheory.Localization.LocalizationLocalization (3.7s)
✔ [3311/3328] Built Mathlib.Algebra.Order.GroupWithZero.Range (2.4s)
✔ [3312/3328] Built Mathlib.RingTheory.Ideal.GoingUp (4.6s)
✔ [3313/3328] Built Mathlib.GroupTheory.Rank (2.9s)
✔ [3314/3330] Built Mathlib.GroupTheory.PGroup (3.9s)
✔ [3315/3330] Built Mathlib.RingTheory.IntegralClosure.IntegrallyClosed (4.4s)
✔ [3316/3331] Built Mathlib.RingTheory.Coprime.Ideal (3.3s)
✔ [3317/3331] Built Mathlib.GroupTheory.Torsion (4.4s)
✔ [3318/3331] Built Mathlib.RingTheory.Polynomial.RationalRoot (4.0s)
✔ [3319/3334] Built Mathlib.GroupTheory.Sylow (6.7s)
✔ [3320/3334] Built Mathlib.RingTheory.Valuation.Basic (9.4s)
✔ [3321/3336] Built Mathlib.Algebra.Polynomial.Module.AEval (7.5s)
✔ [3322/3338] Built Mathlib.RingTheory.Finiteness.Nakayama (2.8s)
✔ [3323/3338] Built Mathlib.RingTheory.DedekindDomain.Basic (2.9s)
✔ [3324/3338] Built Mathlib.Algebra.Module.ZMod (3.0s)
✔ [3325/3338] Built Mathlib.RingTheory.FiniteStability (4.1s)
✔ [3326/3338] Built Mathlib.RingTheory.Valuation.PrimeMultiplicity (2.3s)
✔ [3327/3338] Built Mathlib.RingTheory.LocalRing.ResidueField.Defs (2.4s)
✔ [3328/3338] Built Mathlib.RingTheory.Valuation.Integers (4.4s)
✔ [3329/3340] Built Mathlib.RingTheory.Nakayama (3.3s)
✔ [3330/3340] Built Mathlib.RingTheory.ReesAlgebra (3.4s)
✔ [3331/3340] Built Mathlib.Algebra.Polynomial.Module.Basic (6.7s)
✔ [3332/3342] Built Mathlib.RingTheory.LocalRing.ResidueField.Basic (4.5s)
✔ [3333/3342] Built Mathlib.Algebra.Module.Torsion.Basic (7.4s)
✔ [3334/3343] Built Mathlib.RingTheory.Jacobson.Polynomial (3.1s)
✔ [3335/3343] Built Mathlib.RingTheory.Valuation.ValuationRing (4.2s)
✔ [3336/3343] Built Mathlib.Algebra.Order.Ring.Idempotent (2.5s)
✔ [3337/3344] Built Mathlib.Order.Heyting.Hom (3.1s)
✔ [3338/3344] Built Mathlib.RingTheory.Filtration (4.6s)
✔ [3339/3348] Built Mathlib.RingTheory.Jacobson.Ring (5.4s)
✔ [3340/3348] Built Mathlib.RingTheory.Ideal.MinimalPrime.Localization (3.8s)
✔ [3341/3349] Built Mathlib.RingTheory.Localization.AsSubring (3.5s)
✔ [3342/3352] Built Mathlib.RingTheory.DiscreteValuationRing.Basic (4.9s)
✔ [3343/3352] Built Mathlib.RingTheory.SurjectiveOnStalks (3.9s)
✔ [3344/3355] Built Mathlib.Topology.Sets.OpenCover (3.2s)
✔ [3345/3355] Built Mathlib.RingTheory.Ideal.Cotangent (6.3s)
✔ [3346/3355] Built Mathlib.Topology.Spectral.Hom (2.6s)
✔ [3347/3361] Built Mathlib.Order.BooleanSubalgebra (5.9s)
✔ [3348/3363] Built Mathlib.Topology.LocalAtTarget (2.7s)
✔ [3349/3363] Built Mathlib.Topology.Sober (2.6s)
✔ [3350/3363] Built Mathlib.Order.Ideal (3.2s)
✔ [3351/3363] Built Mathlib.RingTheory.LocalRing.ResidueField.Ideal (4.9s)
✔ [3352/3363] Built Mathlib.Topology.KrullDimension (2.7s)
✔ [3353/3368] Built Mathlib.RingTheory.Localization.Submodule (3.6s)
✔ [3357/3370] Built Mathlib.Topology.Spectral.Prespectral (3.2s)
✔ [3359/3371] Built Mathlib.RingTheory.LocalProperties.Submodule (4.1s)
✔ [3360/3371] Built Mathlib.Topology.Spectral.Basic (2.3s)
✔ [3375/3391] Built Mathlib.RingTheory.Spectrum.Prime.RingHom (4.4s)
✔ [3376/3391] Built Mathlib.Topology.Constructible (3.7s)
✔ [3377/3391] Built Mathlib.Algebra.Order.Group.PiLex (2.3s)
✔ [3378/3392] Built Mathlib.Algebra.Category.Grp.Basic (6.2s)
✔ [3380/3412] Built Mathlib.Data.DFinsupp.NeLocus (2.2s)
✔ [3396/3423] Built Mathlib.Data.DFinsupp.Order (3.8s)
✔ [3404/3425] Built Mathlib.RingTheory.Spectrum.Maximal.Localization (3.9s)
✔ [3408/3426] Built Mathlib.Algebra.Category.MonCat.ForgetCorepresentable (2.2s)
✔ [3410/3426] Built Mathlib.Algebra.Category.Ring.Basic (4.7s)
✔ [3411/3426] Built Mathlib.Data.DFinsupp.Lex (3.1s)
✔ [3412/3427] Built Mathlib.CategoryTheory.ConcreteCategory.ReflectsIso (2.7s)
✔ [3413/3427] Built Mathlib.CategoryTheory.Preadditive.Basic (5.1s)
✔ [3414/3427] Built Mathlib.RingTheory.Spectrum.Prime.Topology (7.7s)
✔ [3415/3429] Built Mathlib.Algebra.Category.Ring.Instances (3.4s)
✔ [3417/3429] Built Mathlib.Algebra.Category.MonCat.Limits (6.1s)
✔ [3418/3430] Built Mathlib.Data.Finsupp.Lex (2.9s)
✔ [3421/3430] Built Mathlib.Algebra.Category.Grp.Preadditive (2.4s)
✔ [3423/3438] Built Mathlib.Algebra.Category.Ring.Colimits (4.3s)
✔ [3434/3446] Built Mathlib.RingTheory.KrullDimension.Zero (2.8s)
✔ [3437/3446] Built Mathlib.Algebra.Ring.Shrink (1.5s)
✔ [3438/3446] Built Mathlib.Algebra.Category.Grp.ForgetCorepresentable (1.9s)
✔ [3439/3450] Built Mathlib.Algebra.MvPolynomial.Variables (2.3s)
✔ [3440/3451] Built Mathlib.CategoryTheory.Limits.Shapes.StrictInitial (1.0s)
✔ [3441/3453] Built Mathlib.Algebra.MvPolynomial.CommRing (2.7s)
✔ [3442/3453] Built Mathlib.RingTheory.DiscreteValuationRing.TFAE (4.1s)
✔ [3443/3457] Built Mathlib.CategoryTheory.Limits.Opposites (3.8s)
✔ [3444/3457] Built Mathlib.Algebra.Category.Grp.Limits (6.5s)
✔ [3445/3457] Built Mathlib.RingTheory.FreeRing (2.9s)
✔ [3447/3457] Built Mathlib.CategoryTheory.Limits.Shapes.Pullback.Pasting (5.1s)
✔ [3448/3459] Built Mathlib.Algebra.Category.Ring.Adjunctions (5.0s)
✔ [3449/3460] Built Mathlib.CategoryTheory.Limits.Shapes.Opposites.Pullbacks (5.1s)
✔ [3450/3460] Built Mathlib.CategoryTheory.Category.Cat.AsSmall (2.0s)
✔ [3451/3460] Built Mathlib.RingTheory.FreeCommRing (4.2s)
✔ [3452/3460] Built Mathlib.CategoryTheory.IsConnected (3.0s)
✔ [3453/3462] Built Mathlib.CategoryTheory.Limits.Types.Products (3.1s)
✔ [3454/3468] Built Mathlib.CategoryTheory.Limits.Shapes.Pullback.IsPullback.Defs (3.1s)
✔ [3455/3469] Built Mathlib.CategoryTheory.ObjectProperty.CompleteLattice (2.1s)
✔ [3456/3470] Built Mathlib.CategoryTheory.ObjectProperty.Equivalence (2.1s)
✔ [3457/3470] Built Mathlib.CategoryTheory.Limits.Preserves.Shapes.Pullbacks (3.6s)
✔ [3458/3470] Built Mathlib.CategoryTheory.ObjectProperty.Opposite (2.6s)
✔ [3459/3470] Built Mathlib.CategoryTheory.Limits.Connected (2.9s)
✔ [3460/3473] Built Mathlib.CategoryTheory.Filtered.Connected (2.3s)
✔ [3461/3477] Built Mathlib.Algebra.Category.Ring.Limits (13s)
✔ [3463/3477] Built Mathlib.CategoryTheory.Limits.Constructions.BinaryProducts (2.8s)
✔ [3464/3479] Built Mathlib.CategoryTheory.Functor.TwoSquare (2.7s)
✔ [3465/3479] Built Mathlib.CategoryTheory.ObjectProperty.Small (2.9s)
✔ [3466/3482] Built Mathlib.CategoryTheory.Monad.Basic (4.1s)
✔ [3467/3482] Built Mathlib.CategoryTheory.EffectiveEpi.Basic (3.2s)
✔ [3468/3482] Built Mathlib.CategoryTheory.Limits.Shapes.Pullback.IsPullback.Basic (4.8s)
✔ [3469/3489] Built Mathlib.CategoryTheory.Adjunction.Mates (5.4s)
✔ [3470/3489] Built Mathlib.CategoryTheory.Limits.Shapes.Opposites.Equalizers (4.7s)
✔ [3471/3489] Built Mathlib.CategoryTheory.Monad.Algebra (5.1s)
✔ [3472/3490] Built Mathlib.CategoryTheory.MorphismProperty.Composition (3.8s)
✔ [3473/3490] Built Mathlib.CategoryTheory.Elements (6.9s)
✔ [3474/3490] Built Mathlib.CategoryTheory.Monad.Products (3.3s)
✔ [3475/3490] Built Mathlib.RingTheory.ChainOfDivisors (3.1s)
✔ [3476/3490] Built Mathlib.Algebra.Category.Ring.Constructions (8.2s)
✔ [3477/3493] Built Mathlib.CategoryTheory.Limits.Shapes.Pullback.Assoc (5.8s)
✔ [3478/3493] Built Mathlib.CategoryTheory.Limits.Shapes.RegularMono (4.1s)
✔ [3479/3499] Built Mathlib.Algebra.Ring.Subsemiring.Pointwise (2.7s)
✔ [3480/3499] Built Mathlib.CategoryTheory.Limits.Shapes.KernelPair (3.2s)
✔ [3481/3501] Built Mathlib.CategoryTheory.Grothendieck (7.4s)
✔ [3482/3501] Built Mathlib.CategoryTheory.Comma.Over.Pullback (5.7s)
✔ [3483/3501] Built Mathlib.RingTheory.FractionalIdeal.Basic (5.1s)
✔ [3484/3501] Built Mathlib.Algebra.Ring.Subring.Pointwise (3.4s)
✔ [3485/3501] Built Mathlib.RingTheory.Valuation.ExtendToLocalization (3.6s)
✔ [3486/3501] Built Mathlib.Algebra.Field.TransferInstance (2.6s)
✔ [3487/3501] Built Mathlib.Algebra.Order.Hom.Units (1.0s)
✔ [3488/3502] Built Mathlib.CategoryTheory.Limits.Shapes.Grothendieck (4.4s)
✔ [3489/3502] Built Mathlib.CategoryTheory.Limits.Shapes.Diagonal (7.3s)
✔ [3490/3504] Built Mathlib.Algebra.Algebra.Subalgebra.Pointwise (3.1s)
✔ [3491/3504] Built Mathlib.Algebra.CharZero.AddMonoidHom (2.0s)
✔ [3492/3504] Built Mathlib.RingTheory.FractionalIdeal.Operations (8.1s)
✔ [3493/3506] Built Mathlib.LinearAlgebra.BilinearForm.DualLattice (4.5s)
✔ [3494/3506] Built Mathlib.CategoryTheory.Limits.Final (7.6s)
✔ [3495/3510] Built Mathlib.LinearAlgebra.FreeModule.PID (5.9s)
✔ [3496/3511] Built Mathlib.FieldTheory.Minpoly.Finite (2.9s)
✔ [3497/3511] Built Mathlib.RingTheory.FractionalIdeal.Inverse (3.6s)
✔ [3498/3513] Built Mathlib.GroupTheory.Perm.ViaEmbedding (2.6s)
✔ [3499/3513] Built Mathlib.FieldTheory.SplittingField.Construction (4.6s)
✔ [3500/3515] Built Mathlib.CategoryTheory.MorphismProperty.Limits (4.7s)
✔ [3501/3515] Built Mathlib.GroupTheory.Solvable (2.0s)
✔ [3502/3515] Built Mathlib.RingTheory.DedekindDomain.Ideal.Basic (6.1s)
✔ [3503/3515] Built Mathlib.Data.Multiset.Fintype (3.5s)
✔ [3504/3518] Built Mathlib.RingTheory.AlgebraicIndependent.Defs (2.7s)
✔ [3505/3518] Built Mathlib.FieldTheory.PrimitiveElement (5.3s)
✔ [3506/3518] Built Mathlib.RingTheory.RingHomProperties (4.0s)
✔ [3507/3518] Built Mathlib.Combinatorics.Matroid.Init (1.6s)
✔ [3508/3518] Built Mathlib.FieldTheory.IsAlgClosed.AlgebraicClosure (5.7s)
✔ [3509/3518] Built Mathlib.FieldTheory.Normal.Basic (8.2s)
✔ [3510/3522] Built Mathlib.RingTheory.AlgebraicIndependent.Adjoin (4.3s)
✔ [3511/3530] Built Mathlib.RingTheory.DedekindDomain.Ideal.Lemmas (10s)
✔ [3512/3531] Built Mathlib.Combinatorics.Matroid.Basic (4.0s)
✔ [3513/3531] Built Mathlib.RingTheory.LocalProperties.Basic (5.6s)
✔ [3514/3538] Built Mathlib.Algebra.MvPolynomial.Supported (3.5s)
✔ [3515/3538] Built Mathlib.FieldTheory.Normal.Closure (7.4s)
✔ [3516/3538] Built Mathlib.Algebra.MvPolynomial.Monad (4.3s)
✔ [3517/3538] Built Mathlib.RingTheory.LocalProperties.IntegrallyClosed (3.0s)
✔ [3518/3542] Built Mathlib.Data.DFinsupp.Small (2.1s)
✔ [3519/3542] Built Mathlib.Combinatorics.Matroid.IndepAxioms (5.9s)
✔ [3520/3542] Built Mathlib.RingTheory.Algebraic.MvPolynomial (3.3s)
✔ [3521/3542] Built Mathlib.RingTheory.Polynomial.SeparableDegree (2.9s)
✔ [3522/3545] Built Mathlib.RingTheory.DedekindDomain.Dvr (3.9s)
✔ [3523/3548] Built Mathlib.FieldTheory.AlgebraicClosure (3.8s)
✔ [3524/3549] Built Mathlib.RingTheory.MvPolynomial.Basic (3.5s)
✔ [3525/3549] Built Mathlib.Combinatorics.Matroid.Dual (3.8s)
✔ [3526/3552] Built Mathlib.Algebra.CharP.IntermediateField (3.1s)
✔ [3527/3552] Built Mathlib.RingTheory.Polynomial.GaussLemma (3.0s)
✔ [3528/3555] Built Mathlib.LinearAlgebra.Matrix.Charpoly.Minpoly (3.5s)
✔ [3529/3555] Built Mathlib.Data.Nat.Factorial.SuperFactorial (2.8s)
✔ [3530/3555] Built Mathlib.RingTheory.AlgebraicIndependent.Basic (5.0s)
✔ [3531/3556] Built Mathlib.Combinatorics.Matroid.Minor.Restrict (4.9s)
✔ [3532/3556] Built Mathlib.RingTheory.Polynomial.Pochhammer (3.7s)
✔ [3533/3560] Built Mathlib.Combinatorics.Matroid.Constructions (2.8s)
✔ [3534/3560] Built Mathlib.RingTheory.Trace.Defs (3.9s)
✔ [3535/3560] Built Mathlib.FieldTheory.Minpoly.IsIntegrallyClosed (5.5s)
✔ [3536/3561] Built Mathlib.RingTheory.AlgebraicIndependent.Transcendental (4.3s)
✔ [3537/3561] Built Mathlib.RingTheory.Int.Basic (3.5s)
✔ [3538/3562] Built Mathlib.RingTheory.ZMod (3.4s)
✔ [3539/3562] Built Mathlib.LinearAlgebra.Vandermonde (5.3s)
✔ [3540/3562] Built Mathlib.Combinatorics.Matroid.Map (4.4s)
✔ [3541/3562] Built Mathlib.FieldTheory.Minpoly.MinpolyDiv (4.6s)
✔ [3542/3563] Built Mathlib.Data.ZMod.QuotientRing (3.1s)
✔ [3543/3563] Built Mathlib.RingTheory.AlgebraicIndependent.AlgebraicClosure (5.3s)
✔ [3544/3563] Built Mathlib.Topology.Algebra.LinearTopology (4.8s)
✔ [3545/3568] Built Mathlib.RingTheory.Ideal.Quotient.HasFiniteQuotients.Basic (4.6s)
✔ [3546/3568] Built Mathlib.RingTheory.Valuation.ValuativeRel.Basic (10s)
✔ [3547/3571] Built Mathlib.Topology.Algebra.Nonarchimedean.Basic (3.3s)
✔ [3548/3571] Built Mathlib.Combinatorics.Matroid.Closure (9.5s)
✔ [3549/3572] Built Mathlib.Topology.Algebra.UniformFilterBasis (2.7s)
✔ [3550/3572] Built Mathlib.RingTheory.Valuation.ValuationSubring (7.4s)
✔ [3551/3572] Built Mathlib.Topology.Algebra.WithZeroTopology (2.7s)
✔ [3552/3578] Built Mathlib.Topology.Algebra.Nonarchimedean.Bases (3.2s)
✔ [3553/3578] Built Mathlib.Combinatorics.Matroid.Circuit (3.9s)
✔ [3554/3578] Built Mathlib.Combinatorics.Matroid.Rank.Finite (2.8s)
✔ [3555/3578] Built Mathlib.RingTheory.Ideal.Oka (2.6s)
✔ [3556/3578] Built Mathlib.Algebra.Order.Group.Cyclic (2.7s)
✔ [3557/3584] Built Mathlib.RingTheory.Valuation.IsTrivialOn (3.0s)
✔ [3558/3587] Built Mathlib.RingTheory.PrincipalIdealDomainOfPrime (2.5s)
✔ [3559/3587] Built Mathlib.Combinatorics.Matroid.Loop (4.0s)
✔ [3560/3587] Built Mathlib.Topology.Algebra.Valued.ValuationTopology (5.2s)
✔ [3561/3587] Built Mathlib.RingTheory.UniqueFactorizationDomain.Nat (2.5s)
