'norm_iteratedFDeriv_succ_resolvent_le' depends on axioms: [propext, Classical.choice, Quot.sound]
'resolventDerivativeBound' depends on axioms: [propext, Classical.choice, Quot.sound]
'resolventDerivativeBound_mono' depends on axioms: [propext, Classical.choice, Quot.sound]
'norm_iteratedFDeriv_resolvent_le_of_small_derivatives' depends on axioms: [propext, Classical.choice, Quot.sound]
'isOpen_setOf_circle_subset_resolventSet' depends on axioms: [propext, Classical.choice, Quot.sound]
'contDiffOn_circleIntegral_resolvent' depends on axioms: [propext, Classical.choice, Quot.sound]
'ContDiffOn.circleIntegral_resolvent' depends on axioms: [propext, Classical.choice, Quot.sound]
'DifferentiableAt.norm_fderiv_normalized_circleIntegral_resolvent_le' depends on axioms: [propext,
 Classical.choice,
 Quot.sound]
'ContDiffOn.norm_iteratedFDeriv_normalized_circleIntegral_resolvent_le' depends on axioms: [propext,
 Classical.choice,
 Quot.sound]
'ContDiffOn.starProjection_eigenspace_ball' depends on axioms: [propext, Classical.choice, Quot.sound]
'DifferentiableAt.norm_fderiv_starProjection_eigenspace_ball_le' depends on axioms: [propext,
 Classical.choice,
 Quot.sound]
'ContDiffOn.norm_iteratedFDeriv_starProjection_eigenspace_ball_le' depends on axioms: [propext,
 Classical.choice,
 Quot.sound]
