DifferentialGeometry.Geometry.Comparison.Toponogov.one_add_cos_comparisonAngle_le_excess {κ a b c : ℝ} (hκ : 0 ≤ κ)
  (ha : 0 < a) (hb : 0 < b) (hlo : |a - b| ≤ c) (hhi : c ≤ a + b) :
  1 + Real.cos (DifferentialGeometry.Geometry.Comparison.Toponogov.comparisonAngleNegCurvature (κ ^ 2) a b c) ≤
    Real.cosh (κ * (a + b)) * (a + b - c) * (a + b) / (a * b)
'DifferentialGeometry.Geometry.Comparison.Toponogov.one_add_cos_comparisonAngle_le_excess' depends on axioms: [propext,
 Classical.choice,
 Quot.sound]
DifferentialGeometry.Geometry.Comparison.Toponogov.one_add_cos_comparisonAngle_equal_le_small {κ r c : ℝ} (hκ : 0 ≤ κ)
  (hr : 0 < r) (hc : 0 ≤ c) (hc2 : c ≤ 2 * r) (hκr : κ * r ≤ 2 / 15) :
  1 + Real.cos (DifferentialGeometry.Geometry.Comparison.Toponogov.comparisonAngleNegCurvature (κ ^ 2) r r c) ≤
    12 / 5 * (2 * r - c) / r
'DifferentialGeometry.Geometry.Comparison.Toponogov.one_add_cos_comparisonAngle_equal_le_small' depends on axioms: [propext,
 Classical.choice,
 Quot.sound]
DifferentialGeometry.Geometry.Comparison.Toponogov.pi_sub_lt_comparisonAngle_annular {κ r a c δ τ : ℝ} (hκ : 0 ≤ κ)
  (ha : 0 < a) (har : a ≤ r) (hc : 0 ≤ c) (hcr : c ≤ 4 * r / 5) (hκr : κ * r ≤ 1 / 3) (hexcess : 4 * r / 5 - c < 15 * δ)
  (hτ : 0 ≤ τ) (hbudget : 90 * δ / a < 1 - Real.cos τ) :
  Real.pi - τ <
    DifferentialGeometry.Geometry.Comparison.Toponogov.comparisonAngleNegCurvature (κ ^ 2) (2 * r / 5) (2 * r / 5) c
'DifferentialGeometry.Geometry.Comparison.Toponogov.pi_sub_lt_comparisonAngle_annular' depends on axioms: [propext,
 Classical.choice,
 Quot.sound]
